Layout was forced before the page was fully loaded. If stylesheets are not yet loaded this may cause a flash of unstyled content. markup.js:250:53
The resource at “http://localhost:3000/_next/static/media/0a03a6d30c07af2e-s.p.woff2” preloaded with link preload was not used within a few seconds. Make sure all attributes of the preload tag are set correctly. dashboard
The resource at “http://localhost:3000/_next/static/media/30cd8f99d32fa6e8-s.p.woff2” preloaded with link preload was not used within a few seconds. Make sure all attributes of the preload tag are set correctly. dashboard
The resource at “http://localhost:3000/_next/static/media/f5767adec246cdc1-s.p.woff2” preloaded with link preload was not used within a few seconds. Make sure all attributes of the preload tag are set correctly. dashboard
🚀🚀🚀🚀🚀🚀 endpoint /api/repos/user RepoSearch.tsx:259:14
🚀🚀🚀🚀🚀🚀 endpoint /api/repos/user RepoSearch.tsx:259:14
🚀🚀🚀 now: 1724376207267 RepoConnector.tsx:30:10
🚀🚀🚀 now: 1724376207305 dashboard:13898:27
WARNING: Invalid layout total size: 40%, 50%. Layout normalization will be applied. 
PanelGroupWithForwardedRef@webpack-internal:///(app-pages-browser)/./node_modules/react-resizable-panels/dist/react-resizable-panels.browser.development.esm.js:1622:36
forwardRef(PanelGroup)
ResizablePanelGroup@webpack-internal:///(app-pages-browser)/./src/components/ui/Resizable.tsx:16:35
div
div
RepoConnector@webpack-internal:///(app-pages-browser)/./src/components/repo/RepoConnector.tsx:31:34
CacheProvider@webpack-internal:///(app-pages-browser)/./src/components/editor/CacheProvider.tsx:30:24
div
section
Section (Server)
page (Server)
InnerLayoutRouter@webpack-internal:///(app-pages-browser)/./node_modules/next/dist/client/components/layout-router.js:244:18
RedirectErrorBoundary@webpack-internal:///(app-pages-browser)/./node_modules/next/dist/client/components/redirect-boundary.js:74:9
RedirectBoundary@webpack-internal:///(app-pages-browser)/./node_modules/next/dist/client/components/redirect-boundary.js:82:24
NotFoundBoundary@webpack-internal:///(app-pages-browser)/./node_modules/next/dist/client/components/not-found-boundary.js:84:62
LoadingBoundary@webpack-internal:///(app-pages-browser)/./node_modules/next/dist/client/components/layout-router.js:349:76
ErrorBoundary@webpack-internal:///(app-pages-browser)/./node_modules/next/dist/client/components/error-boundary.js:160:67
InnerScrollAndFocusHandler@webpack-internal:///(app-pages-browser)/./node_modules/next/dist/client/components/layout-router.js:153:9
ScrollAndFocusHandler@webpack-internal:///(app-pages-browser)/./node_modules/next/dist/client/components/layout-router.js:228:37
RenderFromTemplateContext@webpack-internal:///(app-pages-browser)/./node_modules/next/dist/client/components/render-from-template-context.js:16:44
OuterLayoutRouter@webpack-internal:///(app-pages-browser)/./node_modules/next/dist/client/components/layout-router.js:370:157
InnerLayoutRouter@webpack-internal:///(app-pages-browser)/./node_modules/next/dist/client/components/layout-router.js:244:18
RedirectErrorBoundary@webpack-internal:///(app-pages-browser)/./node_modules/next/dist/client/components/redirect-boundary.js:74:9
RedirectBoundary@webpack-internal:///(app-pages-browser)/./node_modules/next/dist/client/components/redirect-boundary.js:82:24
NotFoundBoundary@webpack-internal:///(app-pages-browser)/./node_modules/next/dist/client/components/not-found-boundary.js:84:62
LoadingBoundary@webpack-internal:///(app-pages-browser)/./node_modules/next/dist/client/components/layout-router.js:349:76
ErrorBoundary@webpack-internal:///(app-pages-browser)/./node_modules/next/dist/client/components/error-boundary.js:160:67
InnerScrollAndFocusHandler@webpack-internal:///(app-pages-browser)/./node_modules/next/dist/client/components/layout-router.js:153:9
ScrollAndFocusHandler@webpack-internal:///(app-pages-browser)/./node_modules/next/dist/client/components/layout-router.js:228:37
RenderFromTemplateContext@webpack-internal:///(app-pages-browser)/./node_modules/next/dist/client/components/render-from-template-context.js:16:44
OuterLayoutRouter@webpack-internal:///(app-pages-browser)/./node_modules/next/dist/client/components/layout-router.js:370:157
InnerLayoutRouter@webpack-internal:///(app-pages-browser)/./node_modules/next/dist/client/components/layout-router.js:244:18
RedirectErrorBoundary@webpack-internal:///(app-pages-browser)/./node_modules/next/dist/client/components/redirect-boundary.js:74:9
RedirectBoundary@webpack-internal:///(app-pages-browser)/./node_modules/next/dist/client/components/redirect-boundary.js:82:24
NotFoundBoundary@webpack-internal:///(app-pages-browser)/./node_modules/next/dist/client/components/not-found-boundary.js:84:62
LoadingBoundary@webpack-internal:///(app-pages-browser)/./node_modules/next/dist/client/components/layout-router.js:349:76
ErrorBoundaryHandler@webpack-internal:///(app-pages-browser)/./node_modules/next/dist/client/components/error-boundary.js:113:9
ErrorBoundary@webpack-internal:///(app-pages-browser)/./node_modules/next/dist/client/components/error-boundary.js:160:67
InnerScrollAndFocusHandler@webpack-internal:///(app-pages-browser)/./node_modules/next/dist/client/components/layout-router.js:153:9
ScrollAndFocusHandler@webpack-internal:///(app-pages-browser)/./node_modules/next/dist/client/components/layout-router.js:228:37
RenderFromTemplateContext@webpack-internal:///(app-pages-browser)/./node_modules/next/dist/client/components/render-from-template-context.js:16:44
OuterLayoutRouter@webpack-internal:///(app-pages-browser)/./node_modules/next/dist/client/components/layout-router.js:370:157
div
SiteLayout (Server)
InnerLayoutRouter@webpack-internal:///(app-pages-browser)/./node_modules/next/dist/client/components/layout-router.js:244:18
RedirectErrorBoundary@webpack-internal:///(app-pages-browser)/./node_modules/next/dist/client/components/redirect-boundary.js:74:9
RedirectBoundary@webpack-internal:///(app-pages-browser)/./node_modules/next/dist/client/components/redirect-boundary.js:82:24
NotFoundBoundary@webpack-internal:///(app-pages-browser)/./node_modules/next/dist/client/components/not-found-boundary.js:84:62
LoadingBoundary@webpack-internal:///(app-pages-browser)/./node_modules/next/dist/client/components/layout-router.js:349:76
ErrorBoundary@webpack-internal:///(app-pages-browser)/./node_modules/next/dist/client/components/error-boundary.js:160:67
InnerScrollAndFocusHandler@webpack-internal:///(app-pages-browser)/./node_modules/next/dist/client/components/layout-router.js:153:9
ScrollAndFocusHandler@webpack-internal:///(app-pages-browser)/./node_modules/next/dist/client/components/layout-router.js:228:37
RenderFromTemplateContext@webpack-internal:///(app-pages-browser)/./node_modules/next/dist/client/components/render-from-template-context.js:16:44
OuterLayoutRouter@webpack-internal:///(app-pages-browser)/./node_modules/next/dist/client/components/layout-router.js:370:157
SessionProvider@webpack-internal:///(app-pages-browser)/./node_modules/next-auth/react/index.js:455:18
NextAuthProvider@webpack-internal:///(app-pages-browser)/./src/components/core/provider/NextAuthProvider.tsx:11:24
LocaleLayout (Server)
InnerLayoutRouter@webpack-internal:///(app-pages-browser)/./node_modules/next/dist/client/components/layout-router.js:244:18
RedirectErrorBoundary@webpack-internal:///(app-pages-browser)/./node_modules/next/dist/client/components/redirect-boundary.js:74:9
RedirectBoundary@webpack-internal:///(app-pages-browser)/./node_modules/next/dist/client/components/redirect-boundary.js:82:24
NotFoundErrorBoundary@webpack-internal:///(app-pages-browser)/./node_modules/next/dist/client/components/not-found-boundary.js:76:9
NotFoundBoundary@webpack-internal:///(app-pages-browser)/./node_modules/next/dist/client/components/not-found-boundary.js:84:62
LoadingBoundary@webpack-internal:///(app-pages-browser)/./node_modules/next/dist/client/components/layout-router.js:349:76
ErrorBoundary@webpack-internal:///(app-pages-browser)/./node_modules/next/dist/client/components/error-boundary.js:160:67
InnerScrollAndFocusHandler@webpack-internal:///(app-pages-browser)/./node_modules/next/dist/client/components/layout-router.js:153:9
ScrollAndFocusHandler@webpack-internal:///(app-pages-browser)/./node_modules/next/dist/client/components/layout-router.js:228:37
RenderFromTemplateContext@webpack-internal:///(app-pages-browser)/./node_modules/next/dist/client/components/render-from-template-context.js:16:44
OuterLayoutRouter@webpack-internal:///(app-pages-browser)/./node_modules/next/dist/client/components/layout-router.js:370:157
RedirectErrorBoundary@webpack-internal:///(app-pages-browser)/./node_modules/next/dist/client/components/redirect-boundary.js:74:9
RedirectBoundary@webpack-internal:///(app-pages-browser)/./node_modules/next/dist/client/components/redirect-boundary.js:82:24
NotFoundErrorBoundary@webpack-internal:///(app-pages-browser)/./node_modules/next/dist/client/components/not-found-boundary.js:76:9
NotFoundBoundary@webpack-internal:///(app-pages-browser)/./node_modules/next/dist/client/components/not-found-boundary.js:84:62
DevRootNotFoundBoundary@webpack-internal:///(app-pages-browser)/./node_modules/next/dist/client/components/dev-root-not-found-boundary.js:33:24
ReactDevOverlay@webpack-internal:///(app-pages-browser)/./node_modules/next/dist/client/components/react-dev-overlay/app/ReactDevOverlay.js:87:9
HotReload@webpack-internal:///(app-pages-browser)/./node_modules/next/dist/client/components/react-dev-overlay/app/hot-reloader-client.js:321:37
Router@webpack-internal:///(app-pages-browser)/./node_modules/next/dist/client/components/app-router.js:207:134
ErrorBoundaryHandler@webpack-internal:///(app-pages-browser)/./node_modules/next/dist/client/components/error-boundary.js:113:9
ErrorBoundary@webpack-internal:///(app-pages-browser)/./node_modules/next/dist/client/components/error-boundary.js:160:67
AppRouter@webpack-internal:///(app-pages-browser)/./node_modules/next/dist/client/components/app-router.js:585:47
ServerRoot@webpack-internal:///(app-pages-browser)/./node_modules/next/dist/client/app-index.js:112:27
Root@webpack-internal:///(app-pages-browser)/./node_modules/next/dist/client/app-index.js:117:24 dashboard:13851:25
------------- 846313314------------ RepoConnector.tsx:109:14
WARNING: Invalid layout total size: 40%, 50%. Layout normalization will be applied. dashboard:13851:25
------------- 846313314------------ RepoConnector.tsx:109:14
🚀🚀🚀 now: 1724376207506 RepoConnector.tsx:30:10
🚀🚀🚀 now: 1724376207508 dashboard:13898:27
WARNING: Invalid layout total size: 50%, 40%. Layout normalization will be applied. 
PanelGroupWithForwardedRef@webpack-internal:///(app-pages-browser)/./node_modules/react-resizable-panels/dist/react-resizable-panels.browser.development.esm.js:1622:36
forwardRef(PanelGroup)
ResizablePanelGroup@webpack-internal:///(app-pages-browser)/./src/components/ui/Resizable.tsx:16:35
div
div
RepoConnector@webpack-internal:///(app-pages-browser)/./src/components/repo/RepoConnector.tsx:31:34
CacheProvider@webpack-internal:///(app-pages-browser)/./src/components/editor/CacheProvider.tsx:30:24
div
section
Section (Server)
page (Server)
InnerLayoutRouter@webpack-internal:///(app-pages-browser)/./node_modules/next/dist/client/components/layout-router.js:244:18
RedirectErrorBoundary@webpack-internal:///(app-pages-browser)/./node_modules/next/dist/client/components/redirect-boundary.js:74:9
RedirectBoundary@webpack-internal:///(app-pages-browser)/./node_modules/next/dist/client/components/redirect-boundary.js:82:24
NotFoundBoundary@webpack-internal:///(app-pages-browser)/./node_modules/next/dist/client/components/not-found-boundary.js:84:62
LoadingBoundary@webpack-internal:///(app-pages-browser)/./node_modules/next/dist/client/components/layout-router.js:349:76
ErrorBoundary@webpack-internal:///(app-pages-browser)/./node_modules/next/dist/client/components/error-boundary.js:160:67
InnerScrollAndFocusHandler@webpack-internal:///(app-pages-browser)/./node_modules/next/dist/client/components/layout-router.js:153:9
ScrollAndFocusHandler@webpack-internal:///(app-pages-browser)/./node_modules/next/dist/client/components/layout-router.js:228:37
RenderFromTemplateContext@webpack-internal:///(app-pages-browser)/./node_modules/next/dist/client/components/render-from-template-context.js:16:44
OuterLayoutRouter@webpack-internal:///(app-pages-browser)/./node_modules/next/dist/client/components/layout-router.js:370:157
InnerLayoutRouter@webpack-internal:///(app-pages-browser)/./node_modules/next/dist/client/components/layout-router.js:244:18
RedirectErrorBoundary@webpack-internal:///(app-pages-browser)/./node_modules/next/dist/client/components/redirect-boundary.js:74:9
RedirectBoundary@webpack-internal:///(app-pages-browser)/./node_modules/next/dist/client/components/redirect-boundary.js:82:24
NotFoundBoundary@webpack-internal:///(app-pages-browser)/./node_modules/next/dist/client/components/not-found-boundary.js:84:62
LoadingBoundary@webpack-internal:///(app-pages-browser)/./node_modules/next/dist/client/components/layout-router.js:349:76
ErrorBoundary@webpack-internal:///(app-pages-browser)/./node_modules/next/dist/client/components/error-boundary.js:160:67
InnerScrollAndFocusHandler@webpack-internal:///(app-pages-browser)/./node_modules/next/dist/client/components/layout-router.js:153:9
ScrollAndFocusHandler@webpack-internal:///(app-pages-browser)/./node_modules/next/dist/client/components/layout-router.js:228:37
RenderFromTemplateContext@webpack-internal:///(app-pages-browser)/./node_modules/next/dist/client/components/render-from-template-context.js:16:44
OuterLayoutRouter@webpack-internal:///(app-pages-browser)/./node_modules/next/dist/client/components/layout-router.js:370:157
InnerLayoutRouter@webpack-internal:///(app-pages-browser)/./node_modules/next/dist/client/components/layout-router.js:244:18
RedirectErrorBoundary@webpack-internal:///(app-pages-browser)/./node_modules/next/dist/client/components/redirect-boundary.js:74:9
RedirectBoundary@webpack-internal:///(app-pages-browser)/./node_modules/next/dist/client/components/redirect-boundary.js:82:24
NotFoundBoundary@webpack-internal:///(app-pages-browser)/./node_modules/next/dist/client/components/not-found-boundary.js:84:62
LoadingBoundary@webpack-internal:///(app-pages-browser)/./node_modules/next/dist/client/components/layout-router.js:349:76
ErrorBoundaryHandler@webpack-internal:///(app-pages-browser)/./node_modules/next/dist/client/components/error-boundary.js:113:9
ErrorBoundary@webpack-internal:///(app-pages-browser)/./node_modules/next/dist/client/components/error-boundary.js:160:67
InnerScrollAndFocusHandler@webpack-internal:///(app-pages-browser)/./node_modules/next/dist/client/components/layout-router.js:153:9
ScrollAndFocusHandler@webpack-internal:///(app-pages-browser)/./node_modules/next/dist/client/components/layout-router.js:228:37
RenderFromTemplateContext@webpack-internal:///(app-pages-browser)/./node_modules/next/dist/client/components/render-from-template-context.js:16:44
OuterLayoutRouter@webpack-internal:///(app-pages-browser)/./node_modules/next/dist/client/components/layout-router.js:370:157
div
SiteLayout (Server)
InnerLayoutRouter@webpack-internal:///(app-pages-browser)/./node_modules/next/dist/client/components/layout-router.js:244:18
RedirectErrorBoundary@webpack-internal:///(app-pages-browser)/./node_modules/next/dist/client/components/redirect-boundary.js:74:9
RedirectBoundary@webpack-internal:///(app-pages-browser)/./node_modules/next/dist/client/components/redirect-boundary.js:82:24
NotFoundBoundary@webpack-internal:///(app-pages-browser)/./node_modules/next/dist/client/components/not-found-boundary.js:84:62
LoadingBoundary@webpack-internal:///(app-pages-browser)/./node_modules/next/dist/client/components/layout-router.js:349:76
ErrorBoundary@webpack-internal:///(app-pages-browser)/./node_modules/next/dist/client/components/error-boundary.js:160:67
InnerScrollAndFocusHandler@webpack-internal:///(app-pages-browser)/./node_modules/next/dist/client/components/layout-router.js:153:9
ScrollAndFocusHandler@webpack-internal:///(app-pages-browser)/./node_modules/next/dist/client/components/layout-router.js:228:37
RenderFromTemplateContext@webpack-internal:///(app-pages-browser)/./node_modules/next/dist/client/components/render-from-template-context.js:16:44
OuterLayoutRouter@webpack-internal:///(app-pages-browser)/./node_modules/next/dist/client/components/layout-router.js:370:157
SessionProvider@webpack-internal:///(app-pages-browser)/./node_modules/next-auth/react/index.js:455:18
NextAuthProvider@webpack-internal:///(app-pages-browser)/./src/components/core/provider/NextAuthProvider.tsx:11:24
LocaleLayout (Server)
InnerLayoutRouter@webpack-internal:///(app-pages-browser)/./node_modules/next/dist/client/components/layout-router.js:244:18
RedirectErrorBoundary@webpack-internal:///(app-pages-browser)/./node_modules/next/dist/client/components/redirect-boundary.js:74:9
RedirectBoundary@webpack-internal:///(app-pages-browser)/./node_modules/next/dist/client/components/redirect-boundary.js:82:24
NotFoundErrorBoundary@webpack-internal:///(app-pages-browser)/./node_modules/next/dist/client/components/not-found-boundary.js:76:9
NotFoundBoundary@webpack-internal:///(app-pages-browser)/./node_modules/next/dist/client/components/not-found-boundary.js:84:62
LoadingBoundary@webpack-internal:///(app-pages-browser)/./node_modules/next/dist/client/components/layout-router.js:349:76
ErrorBoundary@webpack-internal:///(app-pages-browser)/./node_modules/next/dist/client/components/error-boundary.js:160:67
InnerScrollAndFocusHandler@webpack-internal:///(app-pages-browser)/./node_modules/next/dist/client/components/layout-router.js:153:9
ScrollAndFocusHandler@webpack-internal:///(app-pages-browser)/./node_modules/next/dist/client/components/layout-router.js:228:37
RenderFromTemplateContext@webpack-internal:///(app-pages-browser)/./node_modules/next/dist/client/components/render-from-template-context.js:16:44
OuterLayoutRouter@webpack-internal:///(app-pages-browser)/./node_modules/next/dist/client/components/layout-router.js:370:157
RedirectErrorBoundary@webpack-internal:///(app-pages-browser)/./node_modules/next/dist/client/components/redirect-boundary.js:74:9
RedirectBoundary@webpack-internal:///(app-pages-browser)/./node_modules/next/dist/client/components/redirect-boundary.js:82:24
NotFoundErrorBoundary@webpack-internal:///(app-pages-browser)/./node_modules/next/dist/client/components/not-found-boundary.js:76:9
NotFoundBoundary@webpack-internal:///(app-pages-browser)/./node_modules/next/dist/client/components/not-found-boundary.js:84:62
DevRootNotFoundBoundary@webpack-internal:///(app-pages-browser)/./node_modules/next/dist/client/components/dev-root-not-found-boundary.js:33:24
ReactDevOverlay@webpack-internal:///(app-pages-browser)/./node_modules/next/dist/client/components/react-dev-overlay/app/ReactDevOverlay.js:87:9
HotReload@webpack-internal:///(app-pages-browser)/./node_modules/next/dist/client/components/react-dev-overlay/app/hot-reloader-client.js:321:37
Router@webpack-internal:///(app-pages-browser)/./node_modules/next/dist/client/components/app-router.js:207:134
ErrorBoundaryHandler@webpack-internal:///(app-pages-browser)/./node_modules/next/dist/client/components/error-boundary.js:113:9
ErrorBoundary@webpack-internal:///(app-pages-browser)/./node_modules/next/dist/client/components/error-boundary.js:160:67
AppRouter@webpack-internal:///(app-pages-browser)/./node_modules/next/dist/client/components/app-router.js:585:47
ServerRoot@webpack-internal:///(app-pages-browser)/./node_modules/next/dist/client/app-index.js:112:27
Root@webpack-internal:///(app-pages-browser)/./node_modules/next/dist/client/app-index.js:117:24 dashboard:13851:25
WARNING: Panel id and order props recommended when panels are dynamically rendered 
PanelGroupWithForwardedRef@webpack-internal:///(app-pages-browser)/./node_modules/react-resizable-panels/dist/react-resizable-panels.browser.development.esm.js:1622:36
forwardRef(PanelGroup)
ResizablePanelGroup@webpack-internal:///(app-pages-browser)/./src/components/ui/Resizable.tsx:16:35
div
div
RepoConnector@webpack-internal:///(app-pages-browser)/./src/components/repo/RepoConnector.tsx:31:34
CacheProvider@webpack-internal:///(app-pages-browser)/./src/components/editor/CacheProvider.tsx:30:24
div
section
Section (Server)
page (Server)
InnerLayoutRouter@webpack-internal:///(app-pages-browser)/./node_modules/next/dist/client/components/layout-router.js:244:18
RedirectErrorBoundary@webpack-internal:///(app-pages-browser)/./node_modules/next/dist/client/components/redirect-boundary.js:74:9
RedirectBoundary@webpack-internal:///(app-pages-browser)/./node_modules/next/dist/client/components/redirect-boundary.js:82:24
NotFoundBoundary@webpack-internal:///(app-pages-browser)/./node_modules/next/dist/client/components/not-found-boundary.js:84:62
LoadingBoundary@webpack-internal:///(app-pages-browser)/./node_modules/next/dist/client/components/layout-router.js:349:76
ErrorBoundary@webpack-internal:///(app-pages-browser)/./node_modules/next/dist/client/components/error-boundary.js:160:67
InnerScrollAndFocusHandler@webpack-internal:///(app-pages-browser)/./node_modules/next/dist/client/components/layout-router.js:153:9
ScrollAndFocusHandler@webpack-internal:///(app-pages-browser)/./node_modules/next/dist/client/components/layout-router.js:228:37
RenderFromTemplateContext@webpack-internal:///(app-pages-browser)/./node_modules/next/dist/client/components/render-from-template-context.js:16:44
OuterLayoutRouter@webpack-internal:///(app-pages-browser)/./node_modules/next/dist/client/components/layout-router.js:370:157
InnerLayoutRouter@webpack-internal:///(app-pages-browser)/./node_modules/next/dist/client/components/layout-router.js:244:18
RedirectErrorBoundary@webpack-internal:///(app-pages-browser)/./node_modules/next/dist/client/components/redirect-boundary.js:74:9
RedirectBoundary@webpack-internal:///(app-pages-browser)/./node_modules/next/dist/client/components/redirect-boundary.js:82:24
NotFoundBoundary@webpack-internal:///(app-pages-browser)/./node_modules/next/dist/client/components/not-found-boundary.js:84:62
LoadingBoundary@webpack-internal:///(app-pages-browser)/./node_modules/next/dist/client/components/layout-router.js:349:76
ErrorBoundary@webpack-internal:///(app-pages-browser)/./node_modules/next/dist/client/components/error-boundary.js:160:67
InnerScrollAndFocusHandler@webpack-internal:///(app-pages-browser)/./node_modules/next/dist/client/components/layout-router.js:153:9
ScrollAndFocusHandler@webpack-internal:///(app-pages-browser)/./node_modules/next/dist/client/components/layout-router.js:228:37
RenderFromTemplateContext@webpack-internal:///(app-pages-browser)/./node_modules/next/dist/client/components/render-from-template-context.js:16:44
OuterLayoutRouter@webpack-internal:///(app-pages-browser)/./node_modules/next/dist/client/components/layout-router.js:370:157
InnerLayoutRouter@webpack-internal:///(app-pages-browser)/./node_modules/next/dist/client/components/layout-router.js:244:18
RedirectErrorBoundary@webpack-internal:///(app-pages-browser)/./node_modules/next/dist/client/components/redirect-boundary.js:74:9
RedirectBoundary@webpack-internal:///(app-pages-browser)/./node_modules/next/dist/client/components/redirect-boundary.js:82:24
NotFoundBoundary@webpack-internal:///(app-pages-browser)/./node_modules/next/dist/client/components/not-found-boundary.js:84:62
LoadingBoundary@webpack-internal:///(app-pages-browser)/./node_modules/next/dist/client/components/layout-router.js:349:76
ErrorBoundaryHandler@webpack-internal:///(app-pages-browser)/./node_modules/next/dist/client/components/error-boundary.js:113:9
ErrorBoundary@webpack-internal:///(app-pages-browser)/./node_modules/next/dist/client/components/error-boundary.js:160:67
InnerScrollAndFocusHandler@webpack-internal:///(app-pages-browser)/./node_modules/next/dist/client/components/layout-router.js:153:9
ScrollAndFocusHandler@webpack-internal:///(app-pages-browser)/./node_modules/next/dist/client/components/layout-router.js:228:37
RenderFromTemplateContext@webpack-internal:///(app-pages-browser)/./node_modules/next/dist/client/components/render-from-template-context.js:16:44
OuterLayoutRouter@webpack-internal:///(app-pages-browser)/./node_modules/next/dist/client/components/layout-router.js:370:157
div
SiteLayout (Server)
InnerLayoutRouter@webpack-internal:///(app-pages-browser)/./node_modules/next/dist/client/components/layout-router.js:244:18
RedirectErrorBoundary@webpack-internal:///(app-pages-browser)/./node_modules/next/dist/client/components/redirect-boundary.js:74:9
RedirectBoundary@webpack-internal:///(app-pages-browser)/./node_modules/next/dist/client/components/redirect-boundary.js:82:24
NotFoundBoundary@webpack-internal:///(app-pages-browser)/./node_modules/next/dist/client/components/not-found-boundary.js:84:62
LoadingBoundary@webpack-internal:///(app-pages-browser)/./node_modules/next/dist/client/components/layout-router.js:349:76
ErrorBoundary@webpack-internal:///(app-pages-browser)/./node_modules/next/dist/client/components/error-boundary.js:160:67
InnerScrollAndFocusHandler@webpack-internal:///(app-pages-browser)/./node_modules/next/dist/client/components/layout-router.js:153:9
ScrollAndFocusHandler@webpack-internal:///(app-pages-browser)/./node_modules/next/dist/client/components/layout-router.js:228:37
RenderFromTemplateContext@webpack-internal:///(app-pages-browser)/./node_modules/next/dist/client/components/render-from-template-context.js:16:44
OuterLayoutRouter@webpack-internal:///(app-pages-browser)/./node_modules/next/dist/client/components/layout-router.js:370:157
SessionProvider@webpack-internal:///(app-pages-browser)/./node_modules/next-auth/react/index.js:455:18
NextAuthProvider@webpack-internal:///(app-pages-browser)/./src/components/core/provider/NextAuthProvider.tsx:11:24
LocaleLayout (Server)
InnerLayoutRouter@webpack-internal:///(app-pages-browser)/./node_modules/next/dist/client/components/layout-router.js:244:18
RedirectErrorBoundary@webpack-internal:///(app-pages-browser)/./node_modules/next/dist/client/components/redirect-boundary.js:74:9
RedirectBoundary@webpack-internal:///(app-pages-browser)/./node_modules/next/dist/client/components/redirect-boundary.js:82:24
NotFoundErrorBoundary@webpack-internal:///(app-pages-browser)/./node_modules/next/dist/client/components/not-found-boundary.js:76:9
NotFoundBoundary@webpack-internal:///(app-pages-browser)/./node_modules/next/dist/client/components/not-found-boundary.js:84:62
LoadingBoundary@webpack-internal:///(app-pages-browser)/./node_modules/next/dist/client/components/layout-router.js:349:76
ErrorBoundary@webpack-internal:///(app-pages-browser)/./node_modules/next/dist/client/components/error-boundary.js:160:67
InnerScrollAndFocusHandler@webpack-internal:///(app-pages-browser)/./node_modules/next/dist/client/components/layout-router.js:153:9
ScrollAndFocusHandler@webpack-internal:///(app-pages-browser)/./node_modules/next/dist/client/components/layout-router.js:228:37
RenderFromTemplateContext@webpack-internal:///(app-pages-browser)/./node_modules/next/dist/client/components/render-from-template-context.js:16:44
OuterLayoutRouter@webpack-internal:///(app-pages-browser)/./node_modules/next/dist/client/components/layout-router.js:370:157
RedirectErrorBoundary@webpack-internal:///(app-pages-browser)/./node_modules/next/dist/client/components/redirect-boundary.js:74:9
RedirectBoundary@webpack-internal:///(app-pages-browser)/./node_modules/next/dist/client/components/redirect-boundary.js:82:24
NotFoundErrorBoundary@webpack-internal:///(app-pages-browser)/./node_modules/next/dist/client/components/not-found-boundary.js:76:9
NotFoundBoundary@webpack-internal:///(app-pages-browser)/./node_modules/next/dist/client/components/not-found-boundary.js:84:62
DevRootNotFoundBoundary@webpack-internal:///(app-pages-browser)/./node_modules/next/dist/client/components/dev-root-not-found-boundary.js:33:24
ReactDevOverlay@webpack-internal:///(app-pages-browser)/./node_modules/next/dist/client/components/react-dev-overlay/app/ReactDevOverlay.js:87:9
HotReload@webpack-internal:///(app-pages-browser)/./node_modules/next/dist/client/components/react-dev-overlay/app/hot-reloader-client.js:321:37
Router@webpack-internal:///(app-pages-browser)/./node_modules/next/dist/client/components/app-router.js:207:134
ErrorBoundaryHandler@webpack-internal:///(app-pages-browser)/./node_modules/next/dist/client/components/error-boundary.js:113:9
ErrorBoundary@webpack-internal:///(app-pages-browser)/./node_modules/next/dist/client/components/error-boundary.js:160:67
AppRouter@webpack-internal:///(app-pages-browser)/./node_modules/next/dist/client/components/app-router.js:585:47
ServerRoot@webpack-internal:///(app-pages-browser)/./node_modules/next/dist/client/app-index.js:112:27
Root@webpack-internal:///(app-pages-browser)/./node_modules/next/dist/client/app-index.js:117:24 dashboard:13851:25
WARNING: Invalid layout total size: 50%, 40%. Layout normalization will be applied. 
PanelGroupWithForwardedRef@webpack-internal:///(app-pages-browser)/./node_modules/react-resizable-panels/dist/react-resizable-panels.browser.development.esm.js:1622:36
forwardRef(PanelGroup)
ResizablePanelGroup@webpack-internal:///(app-pages-browser)/./src/components/ui/Resizable.tsx:16:35
div
div
RepoConnector@webpack-internal:///(app-pages-browser)/./src/components/repo/RepoConnector.tsx:31:34
CacheProvider@webpack-internal:///(app-pages-browser)/./src/components/editor/CacheProvider.tsx:30:24
div
section
Section (Server)
page (Server)
InnerLayoutRouter@webpack-internal:///(app-pages-browser)/./node_modules/next/dist/client/components/layout-router.js:244:18
RedirectErrorBoundary@webpack-internal:///(app-pages-browser)/./node_modules/next/dist/client/components/redirect-boundary.js:74:9
RedirectBoundary@webpack-internal:///(app-pages-browser)/./node_modules/next/dist/client/components/redirect-boundary.js:82:24
NotFoundBoundary@webpack-internal:///(app-pages-browser)/./node_modules/next/dist/client/components/not-found-boundary.js:84:62
LoadingBoundary@webpack-internal:///(app-pages-browser)/./node_modules/next/dist/client/components/layout-router.js:349:76
ErrorBoundary@webpack-internal:///(app-pages-browser)/./node_modules/next/dist/client/components/error-boundary.js:160:67
InnerScrollAndFocusHandler@webpack-internal:///(app-pages-browser)/./node_modules/next/dist/client/components/layout-router.js:153:9
ScrollAndFocusHandler@webpack-internal:///(app-pages-browser)/./node_modules/next/dist/client/components/layout-router.js:228:37
RenderFromTemplateContext@webpack-internal:///(app-pages-browser)/./node_modules/next/dist/client/components/render-from-template-context.js:16:44
OuterLayoutRouter@webpack-internal:///(app-pages-browser)/./node_modules/next/dist/client/components/layout-router.js:370:157
InnerLayoutRouter@webpack-internal:///(app-pages-browser)/./node_modules/next/dist/client/components/layout-router.js:244:18
RedirectErrorBoundary@webpack-internal:///(app-pages-browser)/./node_modules/next/dist/client/components/redirect-boundary.js:74:9
RedirectBoundary@webpack-internal:///(app-pages-browser)/./node_modules/next/dist/client/components/redirect-boundary.js:82:24
NotFoundBoundary@webpack-internal:///(app-pages-browser)/./node_modules/next/dist/client/components/not-found-boundary.js:84:62
LoadingBoundary@webpack-internal:///(app-pages-browser)/./node_modules/next/dist/client/components/layout-router.js:349:76
ErrorBoundary@webpack-internal:///(app-pages-browser)/./node_modules/next/dist/client/components/error-boundary.js:160:67
InnerScrollAndFocusHandler@webpack-internal:///(app-pages-browser)/./node_modules/next/dist/client/components/layout-router.js:153:9
ScrollAndFocusHandler@webpack-internal:///(app-pages-browser)/./node_modules/next/dist/client/components/layout-router.js:228:37
RenderFromTemplateContext@webpack-internal:///(app-pages-browser)/./node_modules/next/dist/client/components/render-from-template-context.js:16:44
OuterLayoutRouter@webpack-internal:///(app-pages-browser)/./node_modules/next/dist/client/components/layout-router.js:370:157
InnerLayoutRouter@webpack-internal:///(app-pages-browser)/./node_modules/next/dist/client/components/layout-router.js:244:18
RedirectErrorBoundary@webpack-internal:///(app-pages-browser)/./node_modules/next/dist/client/components/redirect-boundary.js:74:9
RedirectBoundary@webpack-internal:///(app-pages-browser)/./node_modules/next/dist/client/components/redirect-boundary.js:82:24
NotFoundBoundary@webpack-internal:///(app-pages-browser)/./node_modules/next/dist/client/components/not-found-boundary.js:84:62
LoadingBoundary@webpack-internal:///(app-pages-browser)/./node_modules/next/dist/client/components/layout-router.js:349:76
ErrorBoundaryHandler@webpack-internal:///(app-pages-browser)/./node_modules/next/dist/client/components/error-boundary.js:113:9
ErrorBoundary@webpack-internal:///(app-pages-browser)/./node_modules/next/dist/client/components/error-boundary.js:160:67
InnerScrollAndFocusHandler@webpack-internal:///(app-pages-browser)/./node_modules/next/dist/client/components/layout-router.js:153:9
ScrollAndFocusHandler@webpack-internal:///(app-pages-browser)/./node_modules/next/dist/client/components/layout-router.js:228:37
RenderFromTemplateContext@webpack-internal:///(app-pages-browser)/./node_modules/next/dist/client/components/render-from-template-context.js:16:44
OuterLayoutRouter@webpack-internal:///(app-pages-browser)/./node_modules/next/dist/client/components/layout-router.js:370:157
div
SiteLayout (Server)
InnerLayoutRouter@webpack-internal:///(app-pages-browser)/./node_modules/next/dist/client/components/layout-router.js:244:18
RedirectErrorBoundary@webpack-internal:///(app-pages-browser)/./node_modules/next/dist/client/components/redirect-boundary.js:74:9
RedirectBoundary@webpack-internal:///(app-pages-browser)/./node_modules/next/dist/client/components/redirect-boundary.js:82:24
NotFoundBoundary@webpack-internal:///(app-pages-browser)/./node_modules/next/dist/client/components/not-found-boundary.js:84:62
LoadingBoundary@webpack-internal:///(app-pages-browser)/./node_modules/next/dist/client/components/layout-router.js:349:76
ErrorBoundary@webpack-internal:///(app-pages-browser)/./node_modules/next/dist/client/components/error-boundary.js:160:67
InnerScrollAndFocusHandler@webpack-internal:///(app-pages-browser)/./node_modules/next/dist/client/components/layout-router.js:153:9
ScrollAndFocusHandler@webpack-internal:///(app-pages-browser)/./node_modules/next/dist/client/components/layout-router.js:228:37
RenderFromTemplateContext@webpack-internal:///(app-pages-browser)/./node_modules/next/dist/client/components/render-from-template-context.js:16:44
OuterLayoutRouter@webpack-internal:///(app-pages-browser)/./node_modules/next/dist/client/components/layout-router.js:370:157
SessionProvider@webpack-internal:///(app-pages-browser)/./node_modules/next-auth/react/index.js:455:18
NextAuthProvider@webpack-internal:///(app-pages-browser)/./src/components/core/provider/NextAuthProvider.tsx:11:24
LocaleLayout (Server)
InnerLayoutRouter@webpack-internal:///(app-pages-browser)/./node_modules/next/dist/client/components/layout-router.js:244:18
RedirectErrorBoundary@webpack-internal:///(app-pages-browser)/./node_modules/next/dist/client/components/redirect-boundary.js:74:9
RedirectBoundary@webpack-internal:///(app-pages-browser)/./node_modules/next/dist/client/components/redirect-boundary.js:82:24
NotFoundErrorBoundary@webpack-internal:///(app-pages-browser)/./node_modules/next/dist/client/components/not-found-boundary.js:76:9
NotFoundBoundary@webpack-internal:///(app-pages-browser)/./node_modules/next/dist/client/components/not-found-boundary.js:84:62
LoadingBoundary@webpack-internal:///(app-pages-browser)/./node_modules/next/dist/client/components/layout-router.js:349:76
ErrorBoundary@webpack-internal:///(app-pages-browser)/./node_modules/next/dist/client/components/error-boundary.js:160:67
InnerScrollAndFocusHandler@webpack-internal:///(app-pages-browser)/./node_modules/next/dist/client/components/layout-router.js:153:9
ScrollAndFocusHandler@webpack-internal:///(app-pages-browser)/./node_modules/next/dist/client/components/layout-router.js:228:37
RenderFromTemplateContext@webpack-internal:///(app-pages-browser)/./node_modules/next/dist/client/components/render-from-template-context.js:16:44
OuterLayoutRouter@webpack-internal:///(app-pages-browser)/./node_modules/next/dist/client/components/layout-router.js:370:157
RedirectErrorBoundary@webpack-internal:///(app-pages-browser)/./node_modules/next/dist/client/components/redirect-boundary.js:74:9
RedirectBoundary@webpack-internal:///(app-pages-browser)/./node_modules/next/dist/client/components/redirect-boundary.js:82:24
NotFoundErrorBoundary@webpack-internal:///(app-pages-browser)/./node_modules/next/dist/client/components/not-found-boundary.js:76:9
NotFoundBoundary@webpack-internal:///(app-pages-browser)/./node_modules/next/dist/client/components/not-found-boundary.js:84:62
DevRootNotFoundBoundary@webpack-internal:///(app-pages-browser)/./node_modules/next/dist/client/components/dev-root-not-found-boundary.js:33:24
ReactDevOverlay@webpack-internal:///(app-pages-browser)/./node_modules/next/dist/client/components/react-dev-overlay/app/ReactDevOverlay.js:87:9
HotReload@webpack-internal:///(app-pages-browser)/./node_modules/next/dist/client/components/react-dev-overlay/app/hot-reloader-client.js:321:37
Router@webpack-internal:///(app-pages-browser)/./node_modules/next/dist/client/components/app-router.js:207:134
ErrorBoundaryHandler@webpack-internal:///(app-pages-browser)/./node_modules/next/dist/client/components/error-boundary.js:113:9
ErrorBoundary@webpack-internal:///(app-pages-browser)/./node_modules/next/dist/client/components/error-boundary.js:160:67
AppRouter@webpack-internal:///(app-pages-browser)/./node_modules/next/dist/client/components/app-router.js:585:47
ServerRoot@webpack-internal:///(app-pages-browser)/./node_modules/next/dist/client/app-index.js:112:27
Root@webpack-internal:///(app-pages-browser)/./node_modules/next/dist/client/app-index.js:117:24 dashboard:13851:25
Source map error: Error: request failed with status 404
Resource URL: null
Source Map URL: react_devtools_backend_compact.js.map
🚀🚀🚀 now: 1724376208126 RepoConnector.tsx:30:10
🚀🚀🚀 now: 1724376208127 dashboard:13898:27
🚀🚀🚀 now: 1724376208174 RepoConnector.tsx:30:10
🚀🚀🚀 now: 1724376208174 dashboard:13898:27
🌀 getLastGitCommit: Github called for  octokit.rest.repos.listCommits Fetcher.tsx:235:12
🌀🌀 getLastGitCommit: lastCommit 
Object { sha: "3eee8f37dc89c5190b3efee13840bd083c3c26a5", node_id: "C_kwDOMnG3YtoAKDNlZWU4ZjM3ZGM4OWM1MTkwYjNlZmVlMTM4NDBiZDA4M2MzYzI2YTU", commit: {…}, url: "https://api.github.com/repos/life-Nd/lissage/commits/3eee8f37dc89c5190b3efee13840bd083c3c26a5", html_url: "https://github.com/life-Nd/lissage/commit/3eee8f37dc89c5190b3efee13840bd083c3c26a5", comments_url: "https://api.github.com/repos/life-Nd/lissage/commits/3eee8f37dc89c5190b3efee13840bd083c3c26a5/comments", author: {…}, committer: {…}, parents: (1) […] }
Fetcher.tsx:239:12
🌀🌀 filePath index.html Fetcher.tsx:256:12
🌀 repoContent: Github called for  index.html octokit.rest.repos.getContent Fetcher.tsx:209:12
🌀 repoContent: path index.html Fetcher.tsx:212:12
🌀 repoContent: this.owner life-Nd Fetcher.tsx:213:12
🌀 getLastGitCommit: Github called for  octokit.rest.repos.listCommits Fetcher.tsx:235:12
🌀🌀 getLastGitCommit: lastCommit 
Object { sha: "3eee8f37dc89c5190b3efee13840bd083c3c26a5", node_id: "C_kwDOMnG3YtoAKDNlZWU4ZjM3ZGM4OWM1MTkwYjNlZmVlMTM4NDBiZDA4M2MzYzI2YTU", commit: {…}, url: "https://api.github.com/repos/life-Nd/lissage/commits/3eee8f37dc89c5190b3efee13840bd083c3c26a5", html_url: "https://github.com/life-Nd/lissage/commit/3eee8f37dc89c5190b3efee13840bd083c3c26a5", comments_url: "https://api.github.com/repos/life-Nd/lissage/commits/3eee8f37dc89c5190b3efee13840bd083c3c26a5/comments", author: {…}, committer: {…}, parents: (1) […] }
Fetcher.tsx:239:12
🌀🌀 filePath index.html Fetcher.tsx:256:12
🌀 repoContent: Github called for  index.html octokit.rest.repos.getContent Fetcher.tsx:209:12
🌀 repoContent: path index.html Fetcher.tsx:212:12
🌀 repoContent: this.owner life-Nd Fetcher.tsx:213:12
🌀🌀 content 
Object { status: 200, url: "https://api.github.com/repos/life-Nd/lissage/contents/index.html", headers: {…}, data: {…} }
Fetcher.tsx:261:12
🌀 repoContent: Github called for  wp-content/themes/astra/assets/css/minified/main.min.css%3Fver=4.7.0.css octokit.rest.repos.getContent Fetcher.tsx:209:12
🌀 repoContent: path wp-content/themes/astra/assets/css/minified/main.min.css%3Fver=4.7.0.css Fetcher.tsx:212:12
🌀 repoContent: this.owner life-Nd Fetcher.tsx:213:12
🌀 repoContent: Github called for  wp-includes/css/dashicons.min.css%3Fver=6.6.1.css octokit.rest.repos.getContent Fetcher.tsx:209:12
🌀 repoContent: path wp-includes/css/dashicons.min.css%3Fver=6.6.1.css Fetcher.tsx:212:12
🌀 repoContent: this.owner life-Nd Fetcher.tsx:213:12
🌀 repoContent: Github called for  wp-content/uploads/elementor/css/custom-frontend-lite.min.css%3Fver=1712928427.css octokit.rest.repos.getContent Fetcher.tsx:209:12
🌀 repoContent: path wp-content/uploads/elementor/css/custom-frontend-lite.min.css%3Fver=1712928427.css Fetcher.tsx:212:12
🌀 repoContent: this.owner life-Nd Fetcher.tsx:213:12
🌀 repoContent: Github called for  wp-content/plugins/essential-addons-for-elementor-lite/assets/front-end/css/view/general.min.css%3Fver=5.9.24.css octokit.rest.repos.getContent Fetcher.tsx:209:12
🌀 repoContent: path wp-content/plugins/essential-addons-for-elementor-lite/assets/front-end/css/view/general.min.css%3Fver=5.9.24.css Fetcher.tsx:212:12
🌀 repoContent: this.owner life-Nd Fetcher.tsx:213:12
🌀 repoContent: Github called for  wp-content/uploads/essential-addons-elementor/eael-3676.css%3Fver=1716496702.css octokit.rest.repos.getContent Fetcher.tsx:209:12
🌀 repoContent: path wp-content/uploads/essential-addons-elementor/eael-3676.css%3Fver=1716496702.css Fetcher.tsx:212:12
🌀 repoContent: this.owner life-Nd Fetcher.tsx:213:12
🌀 repoContent: Github called for  wp-content/plugins/elementor/assets/lib/eicons/css/elementor-icons.min.css%3Fver=5.29.0.css octokit.rest.repos.getContent Fetcher.tsx:209:12
🌀 repoContent: path wp-content/plugins/elementor/assets/lib/eicons/css/elementor-icons.min.css%3Fver=5.29.0.css Fetcher.tsx:212:12
🌀 repoContent: this.owner life-Nd Fetcher.tsx:213:12
🌀 repoContent: Github called for  wp-content/plugins/elementor/assets/lib/swiper/v8/css/swiper.min.css%3Fver=8.4.5.css octokit.rest.repos.getContent Fetcher.tsx:209:12
🌀 repoContent: path wp-content/plugins/elementor/assets/lib/swiper/v8/css/swiper.min.css%3Fver=8.4.5.css Fetcher.tsx:212:12
🌀 repoContent: this.owner life-Nd Fetcher.tsx:213:12
🌀 repoContent: Github called for  wp-content/uploads/elementor/css/post-6.css%3Fver=1712928427.css octokit.rest.repos.getContent Fetcher.tsx:209:12
🌀 repoContent: path wp-content/uploads/elementor/css/post-6.css%3Fver=1712928427.css Fetcher.tsx:212:12
🌀 repoContent: this.owner life-Nd Fetcher.tsx:213:12
🌀 repoContent: Github called for  wp-content/uploads/elementor/css/custom-pro-frontend-lite.min.css%3Fver=1712928427.css octokit.rest.repos.getContent Fetcher.tsx:209:12
🌀 repoContent: path wp-content/uploads/elementor/css/custom-pro-frontend-lite.min.css%3Fver=1712928427.css Fetcher.tsx:212:12
🌀 repoContent: this.owner life-Nd Fetcher.tsx:213:12
🌀 repoContent: Github called for  wp-content/plugins/sticky-header-effects-for-elementor/assets/css/she-header-style.css%3Fver=1.6.11.css octokit.rest.repos.getContent Fetcher.tsx:209:12
🌀 repoContent: path wp-content/plugins/sticky-header-effects-for-elementor/assets/css/she-header-style.css%3Fver=1.6.11.css Fetcher.tsx:212:12
🌀 repoContent: this.owner life-Nd Fetcher.tsx:213:12
🌀 repoContent: Github called for  wp-content/uploads/elementor/css/global.css%3Fver=1712928743.css octokit.rest.repos.getContent Fetcher.tsx:209:12
🌀 repoContent: path wp-content/uploads/elementor/css/global.css%3Fver=1712928743.css Fetcher.tsx:212:12
🌀 repoContent: this.owner life-Nd Fetcher.tsx:213:12
🌀 repoContent: Github called for  wp-content/uploads/elementor/css/post-3676.css%3Fver=1716497159.css octokit.rest.repos.getContent Fetcher.tsx:209:12
🌀 repoContent: path wp-content/uploads/elementor/css/post-3676.css%3Fver=1716497159.css Fetcher.tsx:212:12
🌀 repoContent: this.owner life-Nd Fetcher.tsx:213:12
🌀 repoContent: Github called for  wp-content/uploads/elementor/css/post-3695.css%3Fver=1721157679.css octokit.rest.repos.getContent Fetcher.tsx:209:12
🌀 repoContent: path wp-content/uploads/elementor/css/post-3695.css%3Fver=1721157679.css Fetcher.tsx:212:12
🌀 repoContent: this.owner life-Nd Fetcher.tsx:213:12
🌀 repoContent: Github called for  wp-content/uploads/elementor/css/post-3696.css%3Fver=1719680869.css octokit.rest.repos.getContent Fetcher.tsx:209:12
🌀 repoContent: path wp-content/uploads/elementor/css/post-3696.css%3Fver=1719680869.css Fetcher.tsx:212:12
🌀 repoContent: this.owner life-Nd Fetcher.tsx:213:12
🌀 repoContent: Github called for  wp-content/plugins/elementskit-lite/modules/elementskit-icon-pack/assets/css/ekiticons.css%3Fver=3.2.0.css octokit.rest.repos.getContent Fetcher.tsx:209:12
🌀 repoContent: path wp-content/plugins/elementskit-lite/modules/elementskit-icon-pack/assets/css/ekiticons.css%3Fver=3.2.0.css Fetcher.tsx:212:12
🌀 repoContent: this.owner life-Nd Fetcher.tsx:213:12
🌀 repoContent: Github called for  wp-content/plugins/elementskit-lite/widgets/init/assets/css/widget-styles.css%3Fver=3.2.0.css octokit.rest.repos.getContent Fetcher.tsx:209:12
🌀 repoContent: path wp-content/plugins/elementskit-lite/widgets/init/assets/css/widget-styles.css%3Fver=3.2.0.css Fetcher.tsx:212:12
🌀 repoContent: this.owner life-Nd Fetcher.tsx:213:12
🌀 repoContent: Github called for  wp-content/plugins/elementskit-lite/widgets/init/assets/css/responsive.css%3Fver=3.2.0.css octokit.rest.repos.getContent Fetcher.tsx:209:12
🌀 repoContent: path wp-content/plugins/elementskit-lite/widgets/init/assets/css/responsive.css%3Fver=3.2.0.css Fetcher.tsx:212:12
🌀 repoContent: this.owner life-Nd Fetcher.tsx:213:12
🌀 repoContent: Github called for  wp-includes/js/mediaelement/mediaelementplayer-legacy.min.css%3Fver=4.2.17.css octokit.rest.repos.getContent Fetcher.tsx:209:12
🌀 repoContent: path wp-includes/js/mediaelement/mediaelementplayer-legacy.min.css%3Fver=4.2.17.css Fetcher.tsx:212:12
🌀 repoContent: this.owner life-Nd Fetcher.tsx:213:12
🌀 repoContent: Github called for  wp-includes/js/mediaelement/wp-mediaelement.min.css%3Fver=6.6.1.css octokit.rest.repos.getContent Fetcher.tsx:209:12
🌀 repoContent: path wp-includes/js/mediaelement/wp-mediaelement.min.css%3Fver=6.6.1.css Fetcher.tsx:212:12
🌀 repoContent: this.owner life-Nd Fetcher.tsx:213:12
🌀 repoContent: Github called for  wp-content/plugins/elementor/assets/lib/font-awesome/css/fontawesome.min.css%3Fver=5.15.3.css octokit.rest.repos.getContent Fetcher.tsx:209:12
🌀 repoContent: path wp-content/plugins/elementor/assets/lib/font-awesome/css/fontawesome.min.css%3Fver=5.15.3.css Fetcher.tsx:212:12
🌀 repoContent: this.owner life-Nd Fetcher.tsx:213:12
🌀 repoContent: Github called for  wp-content/plugins/elementor/assets/lib/font-awesome/css/solid.min.css%3Fver=5.15.3.css octokit.rest.repos.getContent Fetcher.tsx:209:12
🌀 repoContent: path wp-content/plugins/elementor/assets/lib/font-awesome/css/solid.min.css%3Fver=5.15.3.css Fetcher.tsx:212:12
🌀 repoContent: this.owner life-Nd Fetcher.tsx:213:12
🌀 repoContent: Github called for  wp-content/plugins/elementor/assets/lib/font-awesome/css/brands.min.css%3Fver=5.15.3.css octokit.rest.repos.getContent Fetcher.tsx:209:12
🌀 repoContent: path wp-content/plugins/elementor/assets/lib/font-awesome/css/brands.min.css%3Fver=5.15.3.css Fetcher.tsx:212:12
🌀 repoContent: this.owner life-Nd Fetcher.tsx:213:12
🌀 repoContent: Github called for  wp-content/uploads/elementor/css/custom-pro-widget-nav-menu.min.css%3Fver=1712928428.css octokit.rest.repos.getContent Fetcher.tsx:209:12
🌀 repoContent: path wp-content/uploads/elementor/css/custom-pro-widget-nav-menu.min.css%3Fver=1712928428.css Fetcher.tsx:212:12
🌀 repoContent: this.owner life-Nd Fetcher.tsx:213:12
🌀 repoContent: Github called for  wp-content/uploads/elementor/css/custom-widget-icon-list.min.css%3Fver=1712928428.css octokit.rest.repos.getContent Fetcher.tsx:209:12
🌀 repoContent: path wp-content/uploads/elementor/css/custom-widget-icon-list.min.css%3Fver=1712928428.css Fetcher.tsx:212:12
🌀 repoContent: this.owner life-Nd Fetcher.tsx:213:12
🌀 repoContent: Github called for  wp-content/plugins/elementor-pro/assets/css/widget-carousel.min.css octokit.rest.repos.getContent Fetcher.tsx:209:12
🌀 repoContent: path wp-content/plugins/elementor-pro/assets/css/widget-carousel.min.css Fetcher.tsx:212:12
🌀 repoContent: this.owner life-Nd Fetcher.tsx:213:12
🌀 repoContent: Github called for  wp-content/plugins/elementor/assets/lib/animations/animations.min.css%3Fver=3.21.8.css octokit.rest.repos.getContent Fetcher.tsx:209:12
🌀 repoContent: path wp-content/plugins/elementor/assets/lib/animations/animations.min.css%3Fver=3.21.8.css Fetcher.tsx:212:12
🌀 repoContent: this.owner life-Nd Fetcher.tsx:213:12
🌀🌀 content 
Object { status: 200, url: "https://api.github.com/repos/life-Nd/lissage/contents/index.html", headers: {…}, data: {…} }
Fetcher.tsx:261:12
🌀 repoContent: Github called for  wp-content/themes/astra/assets/css/minified/main.min.css%3Fver=4.7.0.css octokit.rest.repos.getContent Fetcher.tsx:209:12
🌀 repoContent: path wp-content/themes/astra/assets/css/minified/main.min.css%3Fver=4.7.0.css Fetcher.tsx:212:12
🌀 repoContent: this.owner life-Nd Fetcher.tsx:213:12
🌀 repoContent: Github called for  wp-includes/css/dashicons.min.css%3Fver=6.6.1.css octokit.rest.repos.getContent Fetcher.tsx:209:12
🌀 repoContent: path wp-includes/css/dashicons.min.css%3Fver=6.6.1.css Fetcher.tsx:212:12
🌀 repoContent: this.owner life-Nd Fetcher.tsx:213:12
🌀 repoContent: Github called for  wp-content/uploads/elementor/css/custom-frontend-lite.min.css%3Fver=1712928427.css octokit.rest.repos.getContent Fetcher.tsx:209:12
🌀 repoContent: path wp-content/uploads/elementor/css/custom-frontend-lite.min.css%3Fver=1712928427.css Fetcher.tsx:212:12
🌀 repoContent: this.owner life-Nd Fetcher.tsx:213:12
🌀 repoContent: Github called for  wp-content/plugins/essential-addons-for-elementor-lite/assets/front-end/css/view/general.min.css%3Fver=5.9.24.css octokit.rest.repos.getContent Fetcher.tsx:209:12
🌀 repoContent: path wp-content/plugins/essential-addons-for-elementor-lite/assets/front-end/css/view/general.min.css%3Fver=5.9.24.css Fetcher.tsx:212:12
🌀 repoContent: this.owner life-Nd Fetcher.tsx:213:12
🌀 repoContent: Github called for  wp-content/uploads/essential-addons-elementor/eael-3676.css%3Fver=1716496702.css octokit.rest.repos.getContent Fetcher.tsx:209:12
🌀 repoContent: path wp-content/uploads/essential-addons-elementor/eael-3676.css%3Fver=1716496702.css Fetcher.tsx:212:12
🌀 repoContent: this.owner life-Nd Fetcher.tsx:213:12
🌀 repoContent: Github called for  wp-content/plugins/elementor/assets/lib/eicons/css/elementor-icons.min.css%3Fver=5.29.0.css octokit.rest.repos.getContent Fetcher.tsx:209:12
🌀 repoContent: path wp-content/plugins/elementor/assets/lib/eicons/css/elementor-icons.min.css%3Fver=5.29.0.css Fetcher.tsx:212:12
🌀 repoContent: this.owner life-Nd Fetcher.tsx:213:12
🌀 repoContent: Github called for  wp-content/plugins/elementor/assets/lib/swiper/v8/css/swiper.min.css%3Fver=8.4.5.css octokit.rest.repos.getContent Fetcher.tsx:209:12
🌀 repoContent: path wp-content/plugins/elementor/assets/lib/swiper/v8/css/swiper.min.css%3Fver=8.4.5.css Fetcher.tsx:212:12
🌀 repoContent: this.owner life-Nd Fetcher.tsx:213:12
🌀 repoContent: Github called for  wp-content/uploads/elementor/css/post-6.css%3Fver=1712928427.css octokit.rest.repos.getContent Fetcher.tsx:209:12
🌀 repoContent: path wp-content/uploads/elementor/css/post-6.css%3Fver=1712928427.css Fetcher.tsx:212:12
🌀 repoContent: this.owner life-Nd Fetcher.tsx:213:12
🌀 repoContent: Github called for  wp-content/uploads/elementor/css/custom-pro-frontend-lite.min.css%3Fver=1712928427.css octokit.rest.repos.getContent Fetcher.tsx:209:12
🌀 repoContent: path wp-content/uploads/elementor/css/custom-pro-frontend-lite.min.css%3Fver=1712928427.css Fetcher.tsx:212:12
🌀 repoContent: this.owner life-Nd Fetcher.tsx:213:12
🌀 repoContent: Github called for  wp-content/plugins/sticky-header-effects-for-elementor/assets/css/she-header-style.css%3Fver=1.6.11.css octokit.rest.repos.getContent Fetcher.tsx:209:12
🌀 repoContent: path wp-content/plugins/sticky-header-effects-for-elementor/assets/css/she-header-style.css%3Fver=1.6.11.css Fetcher.tsx:212:12
🌀 repoContent: this.owner life-Nd Fetcher.tsx:213:12
🌀 repoContent: Github called for  wp-content/uploads/elementor/css/global.css%3Fver=1712928743.css octokit.rest.repos.getContent Fetcher.tsx:209:12
🌀 repoContent: path wp-content/uploads/elementor/css/global.css%3Fver=1712928743.css Fetcher.tsx:212:12
🌀 repoContent: this.owner life-Nd Fetcher.tsx:213:12
🌀 repoContent: Github called for  wp-content/uploads/elementor/css/post-3676.css%3Fver=1716497159.css octokit.rest.repos.getContent Fetcher.tsx:209:12
🌀 repoContent: path wp-content/uploads/elementor/css/post-3676.css%3Fver=1716497159.css Fetcher.tsx:212:12
🌀 repoContent: this.owner life-Nd Fetcher.tsx:213:12
🌀 repoContent: Github called for  wp-content/uploads/elementor/css/post-3695.css%3Fver=1721157679.css octokit.rest.repos.getContent Fetcher.tsx:209:12
🌀 repoContent: path wp-content/uploads/elementor/css/post-3695.css%3Fver=1721157679.css Fetcher.tsx:212:12
🌀 repoContent: this.owner life-Nd Fetcher.tsx:213:12
🌀 repoContent: Github called for  wp-content/uploads/elementor/css/post-3696.css%3Fver=1719680869.css octokit.rest.repos.getContent Fetcher.tsx:209:12
🌀 repoContent: path wp-content/uploads/elementor/css/post-3696.css%3Fver=1719680869.css Fetcher.tsx:212:12
🌀 repoContent: this.owner life-Nd Fetcher.tsx:213:12
🌀 repoContent: Github called for  wp-content/plugins/elementskit-lite/modules/elementskit-icon-pack/assets/css/ekiticons.css%3Fver=3.2.0.css octokit.rest.repos.getContent Fetcher.tsx:209:12
🌀 repoContent: path wp-content/plugins/elementskit-lite/modules/elementskit-icon-pack/assets/css/ekiticons.css%3Fver=3.2.0.css Fetcher.tsx:212:12
🌀 repoContent: this.owner life-Nd Fetcher.tsx:213:12
🌀 repoContent: Github called for  wp-content/plugins/elementskit-lite/widgets/init/assets/css/widget-styles.css%3Fver=3.2.0.css octokit.rest.repos.getContent Fetcher.tsx:209:12
🌀 repoContent: path wp-content/plugins/elementskit-lite/widgets/init/assets/css/widget-styles.css%3Fver=3.2.0.css Fetcher.tsx:212:12
🌀 repoContent: this.owner life-Nd Fetcher.tsx:213:12
🌀 repoContent: Github called for  wp-content/plugins/elementskit-lite/widgets/init/assets/css/responsive.css%3Fver=3.2.0.css octokit.rest.repos.getContent Fetcher.tsx:209:12
🌀 repoContent: path wp-content/plugins/elementskit-lite/widgets/init/assets/css/responsive.css%3Fver=3.2.0.css Fetcher.tsx:212:12
🌀 repoContent: this.owner life-Nd Fetcher.tsx:213:12
🌀 repoContent: Github called for  wp-includes/js/mediaelement/mediaelementplayer-legacy.min.css%3Fver=4.2.17.css octokit.rest.repos.getContent Fetcher.tsx:209:12
🌀 repoContent: path wp-includes/js/mediaelement/mediaelementplayer-legacy.min.css%3Fver=4.2.17.css Fetcher.tsx:212:12
🌀 repoContent: this.owner life-Nd Fetcher.tsx:213:12
🌀 repoContent: Github called for  wp-includes/js/mediaelement/wp-mediaelement.min.css%3Fver=6.6.1.css octokit.rest.repos.getContent Fetcher.tsx:209:12
🌀 repoContent: path wp-includes/js/mediaelement/wp-mediaelement.min.css%3Fver=6.6.1.css Fetcher.tsx:212:12
🌀 repoContent: this.owner life-Nd Fetcher.tsx:213:12
🌀 repoContent: Github called for  wp-content/plugins/elementor/assets/lib/font-awesome/css/fontawesome.min.css%3Fver=5.15.3.css octokit.rest.repos.getContent Fetcher.tsx:209:12
🌀 repoContent: path wp-content/plugins/elementor/assets/lib/font-awesome/css/fontawesome.min.css%3Fver=5.15.3.css Fetcher.tsx:212:12
🌀 repoContent: this.owner life-Nd Fetcher.tsx:213:12
🌀 repoContent: Github called for  wp-content/plugins/elementor/assets/lib/font-awesome/css/solid.min.css%3Fver=5.15.3.css octokit.rest.repos.getContent Fetcher.tsx:209:12
🌀 repoContent: path wp-content/plugins/elementor/assets/lib/font-awesome/css/solid.min.css%3Fver=5.15.3.css Fetcher.tsx:212:12
🌀 repoContent: this.owner life-Nd Fetcher.tsx:213:12
🌀 repoContent: Github called for  wp-content/plugins/elementor/assets/lib/font-awesome/css/brands.min.css%3Fver=5.15.3.css octokit.rest.repos.getContent Fetcher.tsx:209:12
🌀 repoContent: path wp-content/plugins/elementor/assets/lib/font-awesome/css/brands.min.css%3Fver=5.15.3.css Fetcher.tsx:212:12
🌀 repoContent: this.owner life-Nd Fetcher.tsx:213:12
🌀 repoContent: Github called for  wp-content/uploads/elementor/css/custom-pro-widget-nav-menu.min.css%3Fver=1712928428.css octokit.rest.repos.getContent Fetcher.tsx:209:12
🌀 repoContent: path wp-content/uploads/elementor/css/custom-pro-widget-nav-menu.min.css%3Fver=1712928428.css Fetcher.tsx:212:12
🌀 repoContent: this.owner life-Nd Fetcher.tsx:213:12
🌀 repoContent: Github called for  wp-content/uploads/elementor/css/custom-widget-icon-list.min.css%3Fver=1712928428.css octokit.rest.repos.getContent Fetcher.tsx:209:12
🌀 repoContent: path wp-content/uploads/elementor/css/custom-widget-icon-list.min.css%3Fver=1712928428.css Fetcher.tsx:212:12
🌀 repoContent: this.owner life-Nd Fetcher.tsx:213:12
🌀 repoContent: Github called for  wp-content/plugins/elementor-pro/assets/css/widget-carousel.min.css octokit.rest.repos.getContent Fetcher.tsx:209:12
🌀 repoContent: path wp-content/plugins/elementor-pro/assets/css/widget-carousel.min.css Fetcher.tsx:212:12
🌀 repoContent: this.owner life-Nd Fetcher.tsx:213:12
🌀 repoContent: Github called for  wp-content/plugins/elementor/assets/lib/animations/animations.min.css%3Fver=3.21.8.css octokit.rest.repos.getContent Fetcher.tsx:209:12
🌀 repoContent: path wp-content/plugins/elementor/assets/lib/animations/animations.min.css%3Fver=3.21.8.css Fetcher.tsx:212:12
🌀 repoContent: this.owner life-Nd Fetcher.tsx:213:12
XHRGET
https://api.github.com/repos/life-Nd/lissage/contents/wp-content/themes/astra/assets/css/minified/main.min.css%3Fver=4.7.0.css
[HTTP/2 404  112ms]

XHRGET
https://api.github.com/repos/life-Nd/lissage/contents/wp-includes/css/dashicons.min.css%3Fver=6.6.1.css
[HTTP/2 404  140ms]

XHRGET
https://api.github.com/repos/life-Nd/lissage/contents/wp-content/uploads/elementor/css/custom-frontend-lite.min.css%3Fver=1712928427.css
[HTTP/2 404  99ms]

XHRGET
https://api.github.com/repos/life-Nd/lissage/contents/wp-content/plugins/essential-addons-for-elementor-lite/assets/front-end/css/view/general.min.css%3Fver=5.9.24.css
[HTTP/2 404  110ms]

XHRGET
https://api.github.com/repos/life-Nd/lissage/contents/wp-content/uploads/essential-addons-elementor/eael-3676.css%3Fver=1716496702.css
[HTTP/2 404  112ms]

XHRGET
https://api.github.com/repos/life-Nd/lissage/contents/wp-content/plugins/elementor/assets/lib/eicons/css/elementor-icons.min.css%3Fver=5.29.0.css
[HTTP/2 404  105ms]

XHRGET
https://api.github.com/repos/life-Nd/lissage/contents/wp-content/plugins/elementor/assets/lib/swiper/v8/css/swiper.min.css%3Fver=8.4.5.css
[HTTP/2 404  127ms]

XHRGET
https://api.github.com/repos/life-Nd/lissage/contents/wp-content/uploads/elementor/css/post-6.css%3Fver=1712928427.css
[HTTP/2 404  145ms]

XHRGET
https://api.github.com/repos/life-Nd/lissage/contents/wp-content/uploads/elementor/css/custom-pro-frontend-lite.min.css%3Fver=1712928427.css
[HTTP/2 404  123ms]

XHRGET
https://api.github.com/repos/life-Nd/lissage/contents/wp-content/plugins/sticky-header-effects-for-elementor/assets/css/she-header-style.css%3Fver=1.6.11.css
[HTTP/2 404  115ms]

⚪️🔴🔴 Error fetching CSS file: wp-content/themes/astra/assets/css/minified/main.min.css%3Fver=4.7.0.css HttpError: Not Found - https://docs.github.com/rest/repos/contents#get-repository-content
    RequestError index.js:8
    fetchWrapper index.js:100
    fetchWrapper index.js:57
    request2 index.js:174
    hook index.js:32
    promise callback*hook add.js:35
    requestWithGraphqlErrorHandling index.js:36
    doExecute light.js:405
    timeout light.js:1202
    setTimeout handler*_run light.js:1201
    _drainOne light.js:1236
    promise callback*_drainOne/< light.js:1224
    cb light.js:773
    _tryToRun light.js:783
    schedule light.js:798
    _drainOne light.js:1212
    _drainAll light.js:1246
    _addToQueue light.js:1354
    cb light.js:773
    _tryToRun light.js:783
    schedule light.js:798
    _receive light.js:1364
    schedule light.js:1406
    wrapRequest index.js:30
    doExecute light.js:405
    timeout light.js:1202
    setTimeout handler*_run light.js:1201
    _drainOne light.js:1236
    promise callback*_drainOne/< light.js:1224
    cb light.js:773
    _tryToRun light.js:783
    schedule light.js:798
    _drainOne light.js:1212
    _drainAll light.js:1246
    _addToQueue light.js:1354
    cb light.js:773
    _tryToRun light.js:783
    schedule light.js:798
    _receive light.js:1364
app-index.tsx:25:19
    error app-index.tsx:25
    error hydration-error-info.ts:72
    overrideMethod dashboard:13851
    fetchStyles Fetcher.tsx:365
    styles Fetcher.tsx:297
    codeScope Fetcher.tsx:297
    fetchAndCacheCode ProjectManager.tsx:104
    fetchRepository RepoConnector.tsx:124
    RepoConnector RepoConnector.tsx:146
    commitHookEffectListMount react-dom.development.js:21102
    commitHookPassiveMountEffects react-dom.development.js:23154
    commitPassiveMountOnFiber react-dom.development.js:23259
    recursivelyTraversePassiveMountEffects react-dom.development.js:23237
    commitPassiveMountOnFiber react-dom.development.js:23370
    recursivelyTraversePassiveMountEffects react-dom.development.js:23237
    commitPassiveMountOnFiber react-dom.development.js:23256
    recursivelyTraversePassiveMountEffects react-dom.development.js:23237
    commitPassiveMountOnFiber react-dom.development.js:23370
    recursivelyTraversePassiveMountEffects react-dom.development.js:23237
    commitPassiveMountOnFiber react-dom.development.js:23370
    recursivelyTraversePassiveMountEffects react-dom.development.js:23237
    commitPassiveMountOnFiber react-dom.development.js:23370
    recursivelyTraversePassiveMountEffects react-dom.development.js:23237
    commitPassiveMountOnFiber react-dom.development.js:23370
    recursivelyTraversePassiveMountEffects react-dom.development.js:23237
    commitPassiveMountOnFiber react-dom.development.js:23256
    recursivelyTraversePassiveMountEffects react-dom.development.js:23237
    commitPassiveMountOnFiber react-dom.development.js:23370
    recursivelyTraversePassiveMountEffects react-dom.development.js:23237
    commitPassiveMountOnFiber react-dom.development.js:23256
    recursivelyTraversePassiveMountEffects react-dom.development.js:23237
    commitPassiveMountOnFiber react-dom.development.js:23256
    recursivelyTraversePassiveMountEffects react-dom.development.js:23237
    commitPassiveMountOnFiber react-dom.development.js:23256
    recursivelyTraversePassiveMountEffects react-dom.development.js:23237
    commitPassiveMountOnFiber react-dom.development.js:23256
    recursivelyTraversePassiveMountEffects react-dom.development.js:23237
    commitPassiveMountOnFiber react-dom.development.js:23370
XHRGET
https://api.github.com/repos/life-Nd/lissage/contents/wp-content/uploads/elementor/css/global.css%3Fver=1712928743.css
[HTTP/2 404  108ms]

⚪️🔴🔴 Error fetching CSS file: wp-content/uploads/elementor/css/custom-frontend-lite.min.css%3Fver=1712928427.css HttpError: Not Found - https://docs.github.com/rest/repos/contents#get-repository-content
    RequestError index.js:8
    fetchWrapper index.js:100
    fetchWrapper index.js:57
    request2 index.js:174
    hook index.js:32
    promise callback*hook add.js:35
    requestWithGraphqlErrorHandling index.js:36
    doExecute light.js:405
    timeout light.js:1202
    setTimeout handler*_run light.js:1201
    _drainOne light.js:1236
    promise callback*_drainOne/< light.js:1224
    cb light.js:773
    _tryToRun light.js:783
    schedule light.js:798
    _drainOne light.js:1212
    _drainAll light.js:1246
    _addToQueue light.js:1354
    cb light.js:773
    _tryToRun light.js:783
    schedule light.js:798
    _receive light.js:1364
    schedule light.js:1406
    wrapRequest index.js:30
    doExecute light.js:405
    timeout light.js:1202
    setTimeout handler*_run light.js:1201
    _drainOne light.js:1236
    promise callback*_drainOne/< light.js:1224
    cb light.js:773
    _tryToRun light.js:783
    schedule light.js:798
    _drainOne light.js:1212
    _drainAll light.js:1246
    _addToQueue light.js:1354
    cb light.js:773
    _tryToRun light.js:783
    _tryToRun light.js:785
app-index.tsx:25:19
⚪️🔴🔴 Error fetching CSS file: wp-content/plugins/elementor/assets/lib/eicons/css/elementor-icons.min.css%3Fver=5.29.0.css HttpError: Not Found - https://docs.github.com/rest/repos/contents#get-repository-content
    RequestError index.js:8
    fetchWrapper index.js:100
    fetchWrapper index.js:57
    request2 index.js:174
    hook index.js:32
    promise callback*hook add.js:35
    requestWithGraphqlErrorHandling index.js:36
    doExecute light.js:405
    timeout light.js:1202
    setTimeout handler*_run light.js:1201
    _drainOne light.js:1236
    promise callback*_drainOne/< light.js:1224
    cb light.js:773
    _tryToRun light.js:783
    schedule light.js:798
    _drainOne light.js:1212
    _drainAll light.js:1246
    _addToQueue light.js:1354
    cb light.js:773
    _tryToRun light.js:783
    schedule light.js:798
    _receive light.js:1364
    schedule light.js:1406
    wrapRequest index.js:30
    doExecute light.js:405
    timeout light.js:1202
    setTimeout handler*_run light.js:1201
    _drainOne light.js:1236
    promise callback*_drainOne/< light.js:1224
    cb light.js:773
    _tryToRun light.js:783
    schedule light.js:798
    _drainOne light.js:1212
    _drainAll light.js:1246
    _addToQueue light.js:1354
    cb light.js:773
    _tryToRun light.js:783
    _tryToRun light.js:785
    _tryToRun light.js:785
    _tryToRun light.js:785
    _tryToRun light.js:785
    _tryToRun light.js:785
app-index.tsx:25:19
⚪️🔴🔴 Error fetching CSS file: wp-content/plugins/essential-addons-for-elementor-lite/assets/front-end/css/view/general.min.css%3Fver=5.9.24.css HttpError: Not Found - https://docs.github.com/rest/repos/contents#get-repository-content
    RequestError index.js:8
    fetchWrapper index.js:100
    fetchWrapper index.js:57
    request2 index.js:174
    hook index.js:32
    promise callback*hook add.js:35
    requestWithGraphqlErrorHandling index.js:36
    doExecute light.js:405
    timeout light.js:1202
    setTimeout handler*_run light.js:1201
    _drainOne light.js:1236
    promise callback*_drainOne/< light.js:1224
    cb light.js:773
    _tryToRun light.js:783
    schedule light.js:798
    _drainOne light.js:1212
    _drainAll light.js:1246
    _addToQueue light.js:1354
    cb light.js:773
    _tryToRun light.js:783
    schedule light.js:798
    _receive light.js:1364
    schedule light.js:1406
    wrapRequest index.js:30
    doExecute light.js:405
    timeout light.js:1202
    setTimeout handler*_run light.js:1201
    _drainOne light.js:1236
    promise callback*_drainOne/< light.js:1224
    cb light.js:773
    _tryToRun light.js:783
    schedule light.js:798
    _drainOne light.js:1212
    _drainAll light.js:1246
    _addToQueue light.js:1354
    cb light.js:773
    _tryToRun light.js:783
    _tryToRun light.js:785
    _tryToRun light.js:785
    _tryToRun light.js:785
    schedule light.js:798
    _receive light.js:1364
    schedule light.js:1406
    doRequest index.js:32
app-index.tsx:25:19
⚪️🔴🔴 Error fetching CSS file: wp-content/uploads/essential-addons-elementor/eael-3676.css%3Fver=1716496702.css HttpError: Not Found - https://docs.github.com/rest/repos/contents#get-repository-content
    RequestError index.js:8
    fetchWrapper index.js:100
    fetchWrapper index.js:57
    request2 index.js:174
    hook index.js:32
    promise callback*hook add.js:35
    requestWithGraphqlErrorHandling index.js:36
    doExecute light.js:405
    timeout light.js:1202
    setTimeout handler*_run light.js:1201
    _drainOne light.js:1236
    promise callback*_drainOne/< light.js:1224
    cb light.js:773
    _tryToRun light.js:783
    schedule light.js:798
    _drainOne light.js:1212
    _drainAll light.js:1246
    _addToQueue light.js:1354
    cb light.js:773
    _tryToRun light.js:783
    schedule light.js:798
    _receive light.js:1364
    schedule light.js:1406
    wrapRequest index.js:30
    doExecute light.js:405
    timeout light.js:1202
    setTimeout handler*_run light.js:1201
    _drainOne light.js:1236
    promise callback*_drainOne/< light.js:1224
    cb light.js:773
    _tryToRun light.js:783
    schedule light.js:798
    _drainOne light.js:1212
    _drainAll light.js:1246
    _addToQueue light.js:1354
    cb light.js:773
    _tryToRun light.js:783
    _tryToRun light.js:785
    _tryToRun light.js:785
    _tryToRun light.js:785
    _tryToRun light.js:785
    schedule light.js:798
    _receive light.js:1364
app-index.tsx:25:19
XHRGET
https://api.github.com/repos/life-Nd/lissage/contents/wp-content/uploads/elementor/css/post-3676.css%3Fver=1716497159.css
[HTTP/2 404  104ms]

⚪️🔴🔴 Error fetching CSS file: wp-content/plugins/elementor/assets/lib/swiper/v8/css/swiper.min.css%3Fver=8.4.5.css HttpError: Not Found - https://docs.github.com/rest/repos/contents#get-repository-content
    RequestError index.js:8
    fetchWrapper index.js:100
    fetchWrapper index.js:57
    request2 index.js:174
    hook index.js:32
    promise callback*hook add.js:35
    requestWithGraphqlErrorHandling index.js:36
    doExecute light.js:405
    timeout light.js:1202
    setTimeout handler*_run light.js:1201
    _drainOne light.js:1236
    promise callback*_drainOne/< light.js:1224
    cb light.js:773
    _tryToRun light.js:783
    schedule light.js:798
    _drainOne light.js:1212
    _drainAll light.js:1246
    _addToQueue light.js:1354
    cb light.js:773
    _tryToRun light.js:783
    schedule light.js:798
    _receive light.js:1364
    schedule light.js:1406
    wrapRequest index.js:30
    doExecute light.js:405
    timeout light.js:1202
    setTimeout handler*_run light.js:1201
    _drainOne light.js:1236
    promise callback*_drainOne/< light.js:1224
    cb light.js:773
    _tryToRun light.js:783
    schedule light.js:798
    _drainOne light.js:1212
    _drainAll light.js:1246
    _addToQueue light.js:1354
    cb light.js:773
    _tryToRun light.js:783
    _tryToRun light.js:785
    _tryToRun light.js:785
    _tryToRun light.js:785
    _tryToRun light.js:785
    _tryToRun light.js:785
app-index.tsx:25:19
⚪️🔴🔴 Error fetching CSS file: wp-content/uploads/elementor/css/custom-pro-frontend-lite.min.css%3Fver=1712928427.css HttpError: Not Found - https://docs.github.com/rest/repos/contents#get-repository-content
    RequestError index.js:8
    fetchWrapper index.js:100
    fetchWrapper index.js:57
    request2 index.js:174
    hook index.js:32
    promise callback*hook add.js:35
    requestWithGraphqlErrorHandling index.js:36
    doExecute light.js:405
    timeout light.js:1202
    setTimeout handler*_run light.js:1201
    _drainOne light.js:1236
    promise callback*_drainOne/< light.js:1224
    cb light.js:773
    _tryToRun light.js:783
    schedule light.js:798
    _drainOne light.js:1212
    _drainAll light.js:1246
    _addToQueue light.js:1354
    cb light.js:773
    _tryToRun light.js:783
    schedule light.js:798
    _receive light.js:1364
    schedule light.js:1406
    wrapRequest index.js:30
    doExecute light.js:405
    timeout light.js:1202
    setTimeout handler*_run light.js:1201
    _drainOne light.js:1236
    promise callback*_drainOne/< light.js:1224
    cb light.js:773
    _tryToRun light.js:783
    schedule light.js:798
    _drainOne light.js:1212
    _drainAll light.js:1246
    _addToQueue light.js:1354
    cb light.js:773
    _tryToRun light.js:783
    _tryToRun light.js:785
    _tryToRun light.js:785
    _tryToRun light.js:785
    _tryToRun light.js:785
    _tryToRun light.js:785
    _tryToRun light.js:785
    _tryToRun light.js:785
    _tryToRun light.js:785
    schedule light.js:798
    _receive light.js:1364
    schedule light.js:1406
    doRequest index.js:32
app-index.tsx:25:19
⚪️🔴🔴 Error fetching CSS file: wp-content/plugins/sticky-header-effects-for-elementor/assets/css/she-header-style.css%3Fver=1.6.11.css HttpError: Not Found - https://docs.github.com/rest/repos/contents#get-repository-content
    RequestError index.js:8
    fetchWrapper index.js:100
    fetchWrapper index.js:57
    request2 index.js:174
    hook index.js:32
    promise callback*hook add.js:35
    requestWithGraphqlErrorHandling index.js:36
    doExecute light.js:405
    timeout light.js:1202
    setTimeout handler*_run light.js:1201
    _drainOne light.js:1236
    promise callback*_drainOne/< light.js:1224
    cb light.js:773
    _tryToRun light.js:783
    schedule light.js:798
    _drainOne light.js:1212
    _drainAll light.js:1246
    _addToQueue light.js:1354
    cb light.js:773
    _tryToRun light.js:783
    schedule light.js:798
    _receive light.js:1364
    schedule light.js:1406
    wrapRequest index.js:30
    doExecute light.js:405
    timeout light.js:1202
    setTimeout handler*_run light.js:1201
    _drainOne light.js:1236
    promise callback*_drainOne/< light.js:1224
    cb light.js:773
    _tryToRun light.js:783
    schedule light.js:798
    _drainOne light.js:1212
    _drainAll light.js:1246
    _addToQueue light.js:1354
    cb light.js:773
    _tryToRun light.js:783
    _tryToRun light.js:785
    _tryToRun light.js:785
    _tryToRun light.js:785
    _tryToRun light.js:785
    _tryToRun light.js:785
    _tryToRun light.js:785
    _tryToRun light.js:785
    _tryToRun light.js:785
    _tryToRun light.js:785
    schedule light.js:798
    _receive light.js:1364
app-index.tsx:25:19
⚪️🔴🔴 Error fetching CSS file: wp-includes/css/dashicons.min.css%3Fver=6.6.1.css HttpError: Not Found - https://docs.github.com/rest/repos/contents#get-repository-content
    RequestError index.js:8
    fetchWrapper index.js:100
    fetchWrapper index.js:57
    request2 index.js:174
    hook index.js:32
    promise callback*hook add.js:35
    requestWithGraphqlErrorHandling index.js:36
    doExecute light.js:405
    timeout light.js:1202
    setTimeout handler*_run light.js:1201
    _drainOne light.js:1236
    promise callback*_drainOne/< light.js:1224
    cb light.js:773
    _tryToRun light.js:783
    schedule light.js:798
    _drainOne light.js:1212
    _drainAll light.js:1246
    _addToQueue light.js:1354
    cb light.js:773
    _tryToRun light.js:783
    schedule light.js:798
    _receive light.js:1364
    schedule light.js:1406
    wrapRequest index.js:30
    doExecute light.js:405
    timeout light.js:1202
    setTimeout handler*_run light.js:1201
    _drainOne light.js:1236
    promise callback*_drainOne/< light.js:1224
    cb light.js:773
    _tryToRun light.js:783
    schedule light.js:798
    _drainOne light.js:1212
    _drainAll light.js:1246
    _addToQueue light.js:1354
    cb light.js:773
    _tryToRun light.js:783
    _tryToRun light.js:785
app-index.tsx:25:19
⚪️🔴🔴 Error fetching CSS file: wp-content/uploads/elementor/css/post-6.css%3Fver=1712928427.css HttpError: Not Found - https://docs.github.com/rest/repos/contents#get-repository-content
    RequestError index.js:8
    fetchWrapper index.js:100
    fetchWrapper index.js:57
    request2 index.js:174
    hook index.js:32
    promise callback*hook add.js:35
    requestWithGraphqlErrorHandling index.js:36
    doExecute light.js:405
    timeout light.js:1202
    setTimeout handler*_run light.js:1201
    _drainOne light.js:1236
    promise callback*_drainOne/< light.js:1224
    cb light.js:773
    _tryToRun light.js:783
    schedule light.js:798
    _drainOne light.js:1212
    _drainAll light.js:1246
    _addToQueue light.js:1354
    cb light.js:773
    _tryToRun light.js:783
    schedule light.js:798
    _receive light.js:1364
    schedule light.js:1406
    wrapRequest index.js:30
    doExecute light.js:405
    timeout light.js:1202
    setTimeout handler*_run light.js:1201
    _drainOne light.js:1236
    promise callback*_drainOne/< light.js:1224
    cb light.js:773
    _tryToRun light.js:783
    schedule light.js:798
    _drainOne light.js:1212
    _drainAll light.js:1246
    _addToQueue light.js:1354
    cb light.js:773
    _tryToRun light.js:783
    _tryToRun light.js:785
    _tryToRun light.js:785
    _tryToRun light.js:785
    _tryToRun light.js:785
    _tryToRun light.js:785
    _tryToRun light.js:785
    _tryToRun light.js:785
    schedule light.js:798
    _receive light.js:1364
    schedule light.js:1406
    doRequest index.js:32
app-index.tsx:25:19
XHRGET
https://api.github.com/repos/life-Nd/lissage/contents/wp-content/uploads/elementor/css/post-3695.css%3Fver=1721157679.css
[HTTP/2 404  134ms]

XHRGET
https://api.github.com/repos/life-Nd/lissage/contents/wp-content/uploads/elementor/css/post-3696.css%3Fver=1719680869.css
[HTTP/2 404  125ms]

XHRGET
https://api.github.com/repos/life-Nd/lissage/contents/wp-content/plugins/elementskit-lite/modules/elementskit-icon-pack/assets/css/ekiticons.css%3Fver=3.2.0.css
[HTTP/2 404  112ms]

XHRGET
https://api.github.com/repos/life-Nd/lissage/contents/wp-content/plugins/elementskit-lite/widgets/init/assets/css/widget-styles.css%3Fver=3.2.0.css
[HTTP/2 404  111ms]

XHRGET
https://api.github.com/repos/life-Nd/lissage/contents/wp-content/plugins/elementskit-lite/widgets/init/assets/css/responsive.css%3Fver=3.2.0.css
[HTTP/2 404  132ms]

XHRGET
https://api.github.com/repos/life-Nd/lissage/contents/wp-includes/js/mediaelement/mediaelementplayer-legacy.min.css%3Fver=4.2.17.css
[HTTP/2 404  108ms]

XHRGET
https://api.github.com/repos/life-Nd/lissage/contents/wp-includes/js/mediaelement/wp-mediaelement.min.css%3Fver=6.6.1.css
[HTTP/2 404  124ms]

⚪️🔴🔴 Error fetching CSS file: wp-content/uploads/elementor/css/global.css%3Fver=1712928743.css HttpError: Not Found - https://docs.github.com/rest/repos/contents#get-repository-content
    RequestError index.js:8
    fetchWrapper index.js:100
    fetchWrapper index.js:57
    request2 index.js:174
    hook index.js:32
    promise callback*hook add.js:35
    requestWithGraphqlErrorHandling index.js:36
    doExecute light.js:405
    timeout light.js:1202
    setTimeout handler*_run light.js:1201
    _drainOne light.js:1236
    promise callback*_drainOne/< light.js:1224
    cb light.js:773
    _tryToRun light.js:783
    schedule light.js:798
    _drainOne light.js:1212
    _drainAll light.js:1246
    _addToQueue light.js:1354
    cb light.js:773
    _tryToRun light.js:783
    schedule light.js:798
    _receive light.js:1364
    schedule light.js:1406
    wrapRequest index.js:30
    doExecute light.js:405
    timeout light.js:1202
    setTimeout handler*_run light.js:1201
    _drainOne light.js:1236
    promise callback*_drainOne/< light.js:1224
    cb light.js:773
    _tryToRun light.js:783
    schedule light.js:798
    _drainOne light.js:1212
    _drainAll light.js:1246
    _addToQueue light.js:1354
    cb light.js:773
    _tryToRun light.js:783
    _tryToRun light.js:785
    _tryToRun light.js:785
    _tryToRun light.js:785
    _tryToRun light.js:785
    _tryToRun light.js:785
app-index.tsx:25:19
XHRGET
https://api.github.com/repos/life-Nd/lissage/contents/wp-content/plugins/elementor/assets/lib/font-awesome/css/fontawesome.min.css%3Fver=5.15.3.css
[HTTP/2 404  107ms]

XHRGET
https://api.github.com/repos/life-Nd/lissage/contents/wp-content/plugins/elementor/assets/lib/font-awesome/css/solid.min.css%3Fver=5.15.3.css
[HTTP/2 404  107ms]

⚪️🔴🔴 Error fetching CSS file: wp-content/uploads/elementor/css/post-3676.css%3Fver=1716497159.css HttpError: Not Found - https://docs.github.com/rest/repos/contents#get-repository-content
    RequestError index.js:8
    fetchWrapper index.js:100
    fetchWrapper index.js:57
    request2 index.js:174
    hook index.js:32
    promise callback*hook add.js:35
    requestWithGraphqlErrorHandling index.js:36
    doExecute light.js:405
    timeout light.js:1202
    setTimeout handler*_run light.js:1201
    _drainOne light.js:1236
    promise callback*_drainOne/< light.js:1224
    cb light.js:773
    _tryToRun light.js:783
    schedule light.js:798
    _drainOne light.js:1212
    _drainAll light.js:1246
    _addToQueue light.js:1354
    cb light.js:773
    _tryToRun light.js:783
    schedule light.js:798
    _receive light.js:1364
    schedule light.js:1406
    wrapRequest index.js:30
    doExecute light.js:405
    timeout light.js:1202
    setTimeout handler*_run light.js:1201
    _drainOne light.js:1236
    promise callback*_drainOne/< light.js:1224
    cb light.js:773
    _tryToRun light.js:783
    schedule light.js:798
    _drainOne light.js:1212
    _drainAll light.js:1246
    _addToQueue light.js:1354
    cb light.js:773
    _tryToRun light.js:783
    _tryToRun light.js:785
    _tryToRun light.js:785
    _tryToRun light.js:785
    _tryToRun light.js:785
    _tryToRun light.js:785
    _tryToRun light.js:785
    _tryToRun light.js:785
    _tryToRun light.js:785
    _tryToRun light.js:785
app-index.tsx:25:19
⚪️🔴🔴 Error fetching CSS file: wp-content/plugins/elementskit-lite/widgets/init/assets/css/widget-styles.css%3Fver=3.2.0.css HttpError: Not Found - https://docs.github.com/rest/repos/contents#get-repository-content
    RequestError index.js:8
    fetchWrapper index.js:100
    fetchWrapper index.js:57
    request2 index.js:174
    hook index.js:32
    promise callback*hook add.js:35
    requestWithGraphqlErrorHandling index.js:36
    doExecute light.js:405
    timeout light.js:1202
    setTimeout handler*_run light.js:1201
    _drainOne light.js:1236
    promise callback*_drainOne/< light.js:1224
    cb light.js:773
    _tryToRun light.js:783
    schedule light.js:798
    _drainOne light.js:1212
    _drainAll light.js:1246
    _addToQueue light.js:1354
    cb light.js:773
    _tryToRun light.js:783
    schedule light.js:798
    _receive light.js:1364
    schedule light.js:1406
    wrapRequest index.js:30
    doExecute light.js:405
    timeout light.js:1202
    setTimeout handler*_run light.js:1201
    _drainOne light.js:1236
    promise callback*_drainOne/< light.js:1224
    cb light.js:773
    _tryToRun light.js:783
    schedule light.js:798
    _drainOne light.js:1212
    _drainAll light.js:1246
    __free__ light.js:658
    _free light.js:1183
    _onFailure light.js:440
    doExecute light.js:414
app-index.tsx:25:19
⚪️🔴🔴 Error fetching CSS file: wp-content/plugins/elementskit-lite/modules/elementskit-icon-pack/assets/css/ekiticons.css%3Fver=3.2.0.css HttpError: Not Found - https://docs.github.com/rest/repos/contents#get-repository-content
    RequestError index.js:8
    fetchWrapper index.js:100
    fetchWrapper index.js:57
    request2 index.js:174
    hook index.js:32
    promise callback*hook add.js:35
    requestWithGraphqlErrorHandling index.js:36
    doExecute light.js:405
    timeout light.js:1202
    setTimeout handler*_run light.js:1201
    _drainOne light.js:1236
    promise callback*_drainOne/< light.js:1224
    cb light.js:773
    _tryToRun light.js:783
    schedule light.js:798
    _drainOne light.js:1212
    _drainAll light.js:1246
    _addToQueue light.js:1354
    cb light.js:773
    _tryToRun light.js:783
    schedule light.js:798
    _receive light.js:1364
    schedule light.js:1406
    wrapRequest index.js:30
    doExecute light.js:405
    timeout light.js:1202
    setTimeout handler*_run light.js:1201
    _drainOne light.js:1236
    promise callback*_drainOne/< light.js:1224
    cb light.js:773
    _tryToRun light.js:783
    _tryToRun light.js:785
    _tryToRun light.js:785
app-index.tsx:25:19
⚪️🔴🔴 Error fetching CSS file: wp-content/uploads/elementor/css/post-3696.css%3Fver=1719680869.css HttpError: Not Found - https://docs.github.com/rest/repos/contents#get-repository-content
    RequestError index.js:8
    fetchWrapper index.js:100
    fetchWrapper index.js:57
    request2 index.js:174
    hook index.js:32
    promise callback*hook add.js:35
    requestWithGraphqlErrorHandling index.js:36
    doExecute light.js:405
    timeout light.js:1202
    setTimeout handler*_run light.js:1201
    _drainOne light.js:1236
    promise callback*_drainOne/< light.js:1224
    cb light.js:773
    _tryToRun light.js:783
    schedule light.js:798
    _drainOne light.js:1212
    _drainAll light.js:1246
    _addToQueue light.js:1354
    cb light.js:773
    _tryToRun light.js:783
    schedule light.js:798
    _receive light.js:1364
    schedule light.js:1406
    wrapRequest index.js:30
    doExecute light.js:405
    timeout light.js:1202
    setTimeout handler*_run light.js:1201
    _drainOne light.js:1236
    promise callback*_drainOne/< light.js:1224
    cb light.js:773
    _tryToRun light.js:783
app-index.tsx:25:19
XHRGET
https://api.github.com/repos/life-Nd/lissage/contents/wp-content/plugins/elementor/assets/lib/font-awesome/css/brands.min.css%3Fver=5.15.3.css
[HTTP/2 404  104ms]

⚪️🔴🔴 Error fetching CSS file: wp-content/uploads/elementor/css/post-3695.css%3Fver=1721157679.css HttpError: Not Found - https://docs.github.com/rest/repos/contents#get-repository-content
    RequestError index.js:8
    fetchWrapper index.js:100
    fetchWrapper index.js:57
    request2 index.js:174
    hook index.js:32
    promise callback*hook add.js:35
    requestWithGraphqlErrorHandling index.js:36
    doExecute light.js:405
    timeout light.js:1202
    setTimeout handler*_run light.js:1201
    _drainOne light.js:1236
    promise callback*_drainOne/< light.js:1224
    cb light.js:773
    _tryToRun light.js:783
    schedule light.js:798
    _drainOne light.js:1212
    _drainAll light.js:1246
    _addToQueue light.js:1354
    cb light.js:773
    _tryToRun light.js:783
    schedule light.js:798
    _receive light.js:1364
    schedule light.js:1406
    wrapRequest index.js:30
    doExecute light.js:405
    timeout light.js:1202
    setTimeout handler*_run light.js:1201
    _drainOne light.js:1236
    promise callback*_drainOne/< light.js:1224
    cb light.js:773
    _tryToRun light.js:783
    _tryToRun light.js:785
    _tryToRun light.js:785
    schedule light.js:798
    _drainOne light.js:1212
    _drainAll light.js:1246
    _addToQueue light.js:1354
    cb light.js:773
    _tryToRun light.js:783
    _tryToRun light.js:785
    _tryToRun light.js:785
    _tryToRun light.js:785
    _tryToRun light.js:785
    _tryToRun light.js:785
    _tryToRun light.js:785
    _tryToRun light.js:785
    _tryToRun light.js:785
app-index.tsx:25:19
⚪️🔴🔴 Error fetching CSS file: wp-content/plugins/elementskit-lite/widgets/init/assets/css/responsive.css%3Fver=3.2.0.css HttpError: Not Found - https://docs.github.com/rest/repos/contents#get-repository-content
    RequestError index.js:8
    fetchWrapper index.js:100
    fetchWrapper index.js:57
    request2 index.js:174
    hook index.js:32
    promise callback*hook add.js:35
    requestWithGraphqlErrorHandling index.js:36
    doExecute light.js:405
    timeout light.js:1202
    setTimeout handler*_run light.js:1201
    _drainOne light.js:1236
    promise callback*_drainOne/< light.js:1224
    cb light.js:773
    _tryToRun light.js:783
    schedule light.js:798
    _drainOne light.js:1212
    _drainAll light.js:1246
    _addToQueue light.js:1354
    cb light.js:773
    _tryToRun light.js:783
    schedule light.js:798
    _receive light.js:1364
    schedule light.js:1406
    wrapRequest index.js:30
    doExecute light.js:405
    timeout light.js:1202
    setTimeout handler*_run light.js:1201
    _drainOne light.js:1236
    promise callback*_drainOne/< light.js:1224
    cb light.js:773
    _tryToRun light.js:783
    schedule light.js:798
    _drainOne light.js:1212
    _drainAll light.js:1246
    __free__ light.js:658
    _free light.js:1183
    _onFailure light.js:440
    doExecute light.js:414
app-index.tsx:25:19
⚪️🔴🔴 Error fetching CSS file: wp-includes/js/mediaelement/mediaelementplayer-legacy.min.css%3Fver=4.2.17.css HttpError: Not Found - https://docs.github.com/rest/repos/contents#get-repository-content
    RequestError index.js:8
    fetchWrapper index.js:100
    fetchWrapper index.js:57
    request2 index.js:174
    hook index.js:32
    promise callback*hook add.js:35
    requestWithGraphqlErrorHandling index.js:36
    doExecute light.js:405
    timeout light.js:1202
    setTimeout handler*_run light.js:1201
    _drainOne light.js:1236
    promise callback*_drainOne/< light.js:1224
    cb light.js:773
    _tryToRun light.js:783
    schedule light.js:798
    _drainOne light.js:1212
    _drainAll light.js:1246
    _addToQueue light.js:1354
    cb light.js:773
    _tryToRun light.js:783
    schedule light.js:798
    _receive light.js:1364
    schedule light.js:1406
    wrapRequest index.js:30
    doExecute light.js:405
    timeout light.js:1202
    setTimeout handler*_run light.js:1201
    _drainOne light.js:1236
    promise callback*_drainOne/< light.js:1224
    cb light.js:773
    _tryToRun light.js:783
    schedule light.js:798
    _drainOne light.js:1212
    _drainAll light.js:1246
    __free__ light.js:658
    _free light.js:1183
    _onFailure light.js:440
    doExecute light.js:414
app-index.tsx:25:19
XHRGET
https://api.github.com/repos/life-Nd/lissage/contents/wp-content/uploads/elementor/css/custom-pro-widget-nav-menu.min.css%3Fver=1712928428.css
[HTTP/2 404  118ms]

XHRGET
https://api.github.com/repos/life-Nd/lissage/contents/wp-content/uploads/elementor/css/custom-widget-icon-list.min.css%3Fver=1712928428.css
[HTTP/2 404  123ms]

⚪️🔴🔴 Error fetching CSS file: wp-includes/js/mediaelement/wp-mediaelement.min.css%3Fver=6.6.1.css HttpError: Not Found - https://docs.github.com/rest/repos/contents#get-repository-content
    RequestError index.js:8
    fetchWrapper index.js:100
    fetchWrapper index.js:57
    request2 index.js:174
    hook index.js:32
    promise callback*hook add.js:35
    requestWithGraphqlErrorHandling index.js:36
    doExecute light.js:405
    timeout light.js:1202
    setTimeout handler*_run light.js:1201
    _drainOne light.js:1236
    promise callback*_drainOne/< light.js:1224
    cb light.js:773
    _tryToRun light.js:783
    schedule light.js:798
    _drainOne light.js:1212
    _drainAll light.js:1246
    _addToQueue light.js:1354
    cb light.js:773
    _tryToRun light.js:783
    schedule light.js:798
    _receive light.js:1364
    schedule light.js:1406
    wrapRequest index.js:30
    doExecute light.js:405
    timeout light.js:1202
    setTimeout handler*_run light.js:1201
    _drainOne light.js:1236
    promise callback*_drainOne/< light.js:1224
    cb light.js:773
    _tryToRun light.js:783
    schedule light.js:798
    _drainOne light.js:1212
    _drainAll light.js:1246
    __free__ light.js:658
    _free light.js:1183
    _onFailure light.js:440
    doExecute light.js:414
    timeout light.js:1202
    setTimeout handler*_run light.js:1201
    _drainOne light.js:1236
    promise callback*_drainOne/< light.js:1224
    cb light.js:773
    _tryToRun light.js:783
    schedule light.js:798
    _drainOne light.js:1212
    _drainAll light.js:1246
    _addToQueue light.js:1354
    cb light.js:773
    _tryToRun light.js:783
    _tryToRun light.js:785
    schedule light.js:798
    _receive light.js:1364
app-index.tsx:25:19
XHRGET
https://api.github.com/repos/life-Nd/lissage/contents/wp-content/plugins/elementor/assets/lib/animations/animations.min.css%3Fver=3.21.8.css
[HTTP/2 404  106ms]

XHRGET
https://api.github.com/repos/life-Nd/lissage/contents/wp-content/themes/astra/assets/css/minified/main.min.css%3Fver=4.7.0.css
[HTTP/2 404  124ms]

XHRGET
https://api.github.com/repos/life-Nd/lissage/contents/wp-includes/css/dashicons.min.css%3Fver=6.6.1.css
[HTTP/2 404  102ms]

XHRGET
https://api.github.com/repos/life-Nd/lissage/contents/wp-content/uploads/elementor/css/custom-frontend-lite.min.css%3Fver=1712928427.css
[HTTP/2 404  119ms]

⚪️🔴🔴 Error fetching CSS file: wp-content/plugins/elementor/assets/lib/font-awesome/css/fontawesome.min.css%3Fver=5.15.3.css HttpError: Not Found - https://docs.github.com/rest/repos/contents#get-repository-content
    RequestError index.js:8
    fetchWrapper index.js:100
    fetchWrapper index.js:57
    request2 index.js:174
    hook index.js:32
    promise callback*hook add.js:35
    requestWithGraphqlErrorHandling index.js:36
    doExecute light.js:405
    timeout light.js:1202
    setTimeout handler*_run light.js:1201
    _drainOne light.js:1236
    promise callback*_drainOne/< light.js:1224
    cb light.js:773
    _tryToRun light.js:783
    schedule light.js:798
    _drainOne light.js:1212
    _drainAll light.js:1246
    _addToQueue light.js:1354
    cb light.js:773
    _tryToRun light.js:783
    schedule light.js:798
    _receive light.js:1364
    schedule light.js:1406
    wrapRequest index.js:30
    doExecute light.js:405
    timeout light.js:1202
    setTimeout handler*_run light.js:1201
    _drainOne light.js:1236
    promise callback*_drainOne/< light.js:1224
    cb light.js:773
    _tryToRun light.js:783
    schedule light.js:798
    _drainOne light.js:1212
    _drainAll light.js:1246
app-index.tsx:25:19
⚪️🔴🔴 Error fetching CSS file: wp-content/plugins/elementor/assets/lib/font-awesome/css/solid.min.css%3Fver=5.15.3.css HttpError: Not Found - https://docs.github.com/rest/repos/contents#get-repository-content
    RequestError index.js:8
    fetchWrapper index.js:100
    fetchWrapper index.js:57
    request2 index.js:174
    hook index.js:32
    promise callback*hook add.js:35
    requestWithGraphqlErrorHandling index.js:36
    doExecute light.js:405
    timeout light.js:1202
    setTimeout handler*_run light.js:1201
    _drainOne light.js:1236
    promise callback*_drainOne/< light.js:1224
    cb light.js:773
    _tryToRun light.js:783
    schedule light.js:798
    _drainOne light.js:1212
    _drainAll light.js:1246
    _addToQueue light.js:1354
    cb light.js:773
    _tryToRun light.js:783
    schedule light.js:798
    _receive light.js:1364
    schedule light.js:1406
    wrapRequest index.js:30
    doExecute light.js:405
    timeout light.js:1202
    setTimeout handler*_run light.js:1201
    _drainOne light.js:1236
    promise callback*_drainOne/< light.js:1224
    cb light.js:773
    _tryToRun light.js:783
    schedule light.js:798
    _drainOne light.js:1212
    _drainAll light.js:1246
    __free__ light.js:658
    _free light.js:1183
    _onFailure light.js:440
    doExecute light.js:414
    timeout light.js:1202
    setTimeout handler*_run light.js:1201
    _drainOne light.js:1236
    promise callback*_drainOne/< light.js:1224
    cb light.js:773
    _tryToRun light.js:783
    schedule light.js:798
    _drainOne light.js:1212
    _drainAll light.js:1246
    _addToQueue light.js:1354
    cb light.js:773
    _tryToRun light.js:783
    _tryToRun light.js:785
    _tryToRun light.js:785
app-index.tsx:25:19
XHRGET
https://api.github.com/repos/life-Nd/lissage/contents/wp-content/plugins/essential-addons-for-elementor-lite/assets/front-end/css/view/general.min.css%3Fver=5.9.24.css
[HTTP/2 404  122ms]

XHRGET
https://api.github.com/repos/life-Nd/lissage/contents/wp-content/uploads/essential-addons-elementor/eael-3676.css%3Fver=1716496702.css
[HTTP/2 404  93ms]

⚪️🔴🔴 Error fetching CSS file: wp-content/plugins/elementor/assets/lib/font-awesome/css/brands.min.css%3Fver=5.15.3.css HttpError: Not Found - https://docs.github.com/rest/repos/contents#get-repository-content
    RequestError index.js:8
    fetchWrapper index.js:100
    fetchWrapper index.js:57
    request2 index.js:174
    hook index.js:32
    promise callback*hook add.js:35
    requestWithGraphqlErrorHandling index.js:36
    doExecute light.js:405
    timeout light.js:1202
    setTimeout handler*_run light.js:1201
    _drainOne light.js:1236
    promise callback*_drainOne/< light.js:1224
    cb light.js:773
    _tryToRun light.js:783
    schedule light.js:798
    _drainOne light.js:1212
    _drainAll light.js:1246
    _addToQueue light.js:1354
    cb light.js:773
    _tryToRun light.js:783
    schedule light.js:798
    _receive light.js:1364
    schedule light.js:1406
    wrapRequest index.js:30
    doExecute light.js:405
    timeout light.js:1202
    setTimeout handler*_run light.js:1201
    _drainOne light.js:1236
    promise callback*_drainOne/< light.js:1224
    cb light.js:773
    _tryToRun light.js:783
    schedule light.js:798
    _drainOne light.js:1212
    _drainAll light.js:1246
    _addToQueue light.js:1354
    cb light.js:773
    _tryToRun light.js:783
    _tryToRun light.js:785
    _tryToRun light.js:785
    _tryToRun light.js:785
    _tryToRun light.js:785
    _tryToRun light.js:785
    _tryToRun light.js:785
    _tryToRun light.js:785
    _tryToRun light.js:785
    _tryToRun light.js:785
app-index.tsx:25:19
XHRGET
https://api.github.com/repos/life-Nd/lissage/contents/wp-content/plugins/elementor/assets/lib/eicons/css/elementor-icons.min.css%3Fver=5.29.0.css
[HTTP/2 404  116ms]

⚪️🔴🔴 Error fetching CSS file: wp-content/uploads/elementor/css/custom-pro-widget-nav-menu.min.css%3Fver=1712928428.css HttpError: Not Found - https://docs.github.com/rest/repos/contents#get-repository-content
    RequestError index.js:8
    fetchWrapper index.js:100
    fetchWrapper index.js:57
    request2 index.js:174
    hook index.js:32
    promise callback*hook add.js:35
    requestWithGraphqlErrorHandling index.js:36
    doExecute light.js:405
    timeout light.js:1202
    setTimeout handler*_run light.js:1201
    _drainOne light.js:1236
    promise callback*_drainOne/< light.js:1224
    cb light.js:773
    _tryToRun light.js:783
    schedule light.js:798
    _drainOne light.js:1212
    _drainAll light.js:1246
    _addToQueue light.js:1354
    cb light.js:773
    _tryToRun light.js:783
    schedule light.js:798
    _receive light.js:1364
    schedule light.js:1406
    wrapRequest index.js:30
    doExecute light.js:405
    timeout light.js:1202
    setTimeout handler*_run light.js:1201
    _drainOne light.js:1236
    promise callback*_drainOne/< light.js:1224
    cb light.js:773
    _tryToRun light.js:783
    schedule light.js:798
    _drainOne light.js:1212
    _drainAll light.js:1246
    __free__ light.js:658
    _free light.js:1183
    _onFailure light.js:440
    doExecute light.js:414
    timeout light.js:1202
    setTimeout handler*_run light.js:1201
    _drainOne light.js:1236
    promise callback*_drainOne/< light.js:1224
    cb light.js:773
    _tryToRun light.js:783
    schedule light.js:798
    _drainOne light.js:1212
    _drainAll light.js:1246
    __free__ light.js:658
    _free light.js:1183
    _onFailure light.js:440
    doExecute light.js:414
app-index.tsx:25:19
⚪️🔴🔴 Error fetching CSS file: wp-content/uploads/elementor/css/custom-widget-icon-list.min.css%3Fver=1712928428.css HttpError: Not Found - https://docs.github.com/rest/repos/contents#get-repository-content
    RequestError index.js:8
    fetchWrapper index.js:100
    fetchWrapper index.js:57
    request2 index.js:174
    hook index.js:32
    promise callback*hook add.js:35
    requestWithGraphqlErrorHandling index.js:36
    doExecute light.js:405
    timeout light.js:1202
    setTimeout handler*_run light.js:1201
    _drainOne light.js:1236
    promise callback*_drainOne/< light.js:1224
    cb light.js:773
    _tryToRun light.js:783
    schedule light.js:798
    _drainOne light.js:1212
    _drainAll light.js:1246
    _addToQueue light.js:1354
    cb light.js:773
    _tryToRun light.js:783
    schedule light.js:798
    _receive light.js:1364
    schedule light.js:1406
    wrapRequest index.js:30
    doExecute light.js:405
    timeout light.js:1202
    setTimeout handler*_run light.js:1201
    _drainOne light.js:1236
    promise callback*_drainOne/< light.js:1224
    cb light.js:773
    _tryToRun light.js:783
    schedule light.js:798
    _drainOne light.js:1212
    _drainAll light.js:1246
    __free__ light.js:658
    _free light.js:1183
    _onFailure light.js:440
    doExecute light.js:414
    timeout light.js:1202
    setTimeout handler*_run light.js:1201
    _drainOne light.js:1236
    promise callback*_drainOne/< light.js:1224
    cb light.js:773
    _tryToRun light.js:783
    _tryToRun light.js:785
app-index.tsx:25:19
XHRGET
https://api.github.com/repos/life-Nd/lissage/contents/wp-content/plugins/elementor/assets/lib/swiper/v8/css/swiper.min.css%3Fver=8.4.5.css
[HTTP/2 404  156ms]

⚪️🔴🔴 Error fetching CSS file: wp-content/plugins/elementor/assets/lib/animations/animations.min.css%3Fver=3.21.8.css HttpError: Not Found - https://docs.github.com/rest/repos/contents#get-repository-content
    RequestError index.js:8
    fetchWrapper index.js:100
    fetchWrapper index.js:57
    request2 index.js:174
    hook index.js:32
    promise callback*hook add.js:35
    requestWithGraphqlErrorHandling index.js:36
    doExecute light.js:405
    timeout light.js:1202
    setTimeout handler*_run light.js:1201
    _drainOne light.js:1236
    promise callback*_drainOne/< light.js:1224
    cb light.js:773
    _tryToRun light.js:783
    schedule light.js:798
    _drainOne light.js:1212
    _drainAll light.js:1246
    _addToQueue light.js:1354
    cb light.js:773
    _tryToRun light.js:783
    schedule light.js:798
    _receive light.js:1364
    schedule light.js:1406
    wrapRequest index.js:30
    doExecute light.js:405
    timeout light.js:1202
    setTimeout handler*_run light.js:1201
    _drainOne light.js:1236
    promise callback*_drainOne/< light.js:1224
    cb light.js:773
    _tryToRun light.js:783
    _tryToRun light.js:785
    schedule light.js:798
    _drainOne light.js:1212
    _drainAll light.js:1246
    _addToQueue light.js:1354
    cb light.js:773
    _tryToRun light.js:783
app-index.tsx:25:19
🚀🚀🚀 now: 1724376210106 RepoConnector.tsx:30:10
🚀🚀🚀 now: 1724376210172 RepoConnector.tsx:30:10
Warning: Cannot update a component (`HotReload`) while rendering a different component (`RepoConnector`). To locate the bad setState() call inside `RepoConnector`, follow the stack trace as described in https://reactjs.org/link/setstate-in-render
RepoConnector@webpack-internal:///(app-pages-browser)/./src/components/repo/RepoConnector.tsx:31:34
CacheProvider@webpack-internal:///(app-pages-browser)/./src/components/editor/CacheProvider.tsx:30:24
div
section
Section (Server)
page (Server)
InnerLayoutRouter@webpack-internal:///(app-pages-browser)/./node_modules/next/dist/client/components/layout-router.js:244:18
RedirectErrorBoundary@webpack-internal:///(app-pages-browser)/./node_modules/next/dist/client/components/redirect-boundary.js:74:9
RedirectBoundary@webpack-internal:///(app-pages-browser)/./node_modules/next/dist/client/components/redirect-boundary.js:82:24
NotFoundBoundary@webpack-internal:///(app-pages-browser)/./node_modules/next/dist/client/components/not-found-boundary.js:84:62
LoadingBoundary@webpack-internal:///(app-pages-browser)/./node_modules/next/dist/client/components/layout-router.js:349:76
ErrorBoundary@webpack-internal:///(app-pages-browser)/./node_modules/next/dist/client/components/error-boundary.js:160:67
InnerScrollAndFocusHandler@webpack-internal:///(app-pages-browser)/./node_modules/next/dist/client/components/layout-router.js:153:9
ScrollAndFocusHandler@webpack-internal:///(app-pages-browser)/./node_modules/next/dist/client/components/layout-router.js:228:37
RenderFromTemplateContext@webpack-internal:///(app-pages-browser)/./node_modules/next/dist/client/components/render-from-template-context.js:16:44
OuterLayoutRouter@webpack-internal:///(app-pages-browser)/./node_modules/next/dist/client/components/layout-router.js:370:157
InnerLayoutRouter@webpack-internal:///(app-pages-browser)/./node_modules/next/dist/client/components/layout-router.js:244:18
RedirectErrorBoundary@webpack-internal:///(app-pages-browser)/./node_modules/next/dist/client/components/redirect-boundary.js:74:9
RedirectBoundary@webpack-internal:///(app-pages-browser)/./node_modules/next/dist/client/components/redirect-boundary.js:82:24
NotFoundBoundary@webpack-internal:///(app-pages-browser)/./node_modules/next/dist/client/components/not-found-boundary.js:84:62
LoadingBoundary@webpack-internal:///(app-pages-browser)/./node_modules/next/dist/client/components/layout-router.js:349:76
ErrorBoundary@webpack-internal:///(app-pages-browser)/./node_modules/next/dist/client/components/error-boundary.js:160:67
InnerScrollAndFocusHandler@webpack-internal:///(app-pages-browser)/./node_modules/next/dist/client/components/layout-router.js:153:9
ScrollAndFocusHandler@webpack-internal:///(app-pages-browser)/./node_modules/next/dist/client/components/layout-router.js:228:37
RenderFromTemplateContext@webpack-internal:///(app-pages-browser)/./node_modules/next/dist/client/components/render-from-template-context.js:16:44
OuterLayoutRouter@webpack-internal:///(app-pages-browser)/./node_modules/next/dist/client/components/layout-router.js:370:157
InnerLayoutRouter@webpack-internal:///(app-pages-browser)/./node_modules/next/dist/client/components/layout-router.js:244:18
RedirectErrorBoundary@webpack-internal:///(app-pages-browser)/./node_modules/next/dist/client/components/redirect-boundary.js:74:9
RedirectBoundary@webpack-internal:///(app-pages-browser)/./node_modules/next/dist/client/components/redirect-boundary.js:82:24
NotFoundBoundary@webpack-internal:///(app-pages-browser)/./node_modules/next/dist/client/components/not-found-boundary.js:84:62
LoadingBoundary@webpack-internal:///(app-pages-browser)/./node_modules/next/dist/client/components/layout-router.js:349:76
ErrorBoundaryHandler@webpack-internal:///(app-pages-browser)/./node_modules/next/dist/client/components/error-boundary.js:113:9
ErrorBoundary@webpack-internal:///(app-pages-browser)/./node_modules/next/dist/client/components/error-boundary.js:160:67
InnerScrollAndFocusHandler@webpack-internal:///(app-pages-browser)/./node_modules/next/dist/client/components/layout-router.js:153:9
ScrollAndFocusHandler@webpack-internal:///(app-pages-browser)/./node_modules/next/dist/client/components/layout-router.js:228:37
RenderFromTemplateContext@webpack-internal:///(app-pages-browser)/./node_modules/next/dist/client/components/render-from-template-context.js:16:44
OuterLayoutRouter@webpack-internal:///(app-pages-browser)/./node_modules/next/dist/client/components/layout-router.js:370:157
div
SiteLayout (Server)
InnerLayoutRouter@webpack-internal:///(app-pages-browser)/./node_modules/next/dist/client/components/layout-router.js:244:18
RedirectErrorBoundary@webpack-internal:///(app-pages-browser)/./node_modules/next/dist/client/components/redirect-boundary.js:74:9
RedirectBoundary@webpack-internal:///(app-pages-browser)/./node_modules/next/dist/client/components/redirect-boundary.js:82:24
NotFoundBoundary@webpack-internal:///(app-pages-browser)/./node_modules/next/dist/client/components/not-found-boundary.js:84:62
LoadingBoundary@webpack-internal:///(app-pages-browser)/./node_modules/next/dist/client/components/layout-router.js:349:76
ErrorBoundary@webpack-internal:///(app-pages-browser)/./node_modules/next/dist/client/components/error-boundary.js:160:67
InnerScrollAndFocusHandler@webpack-internal:///(app-pages-browser)/./node_modules/next/dist/client/components/layout-router.js:153:9
ScrollAndFocusHandler@webpack-internal:///(app-pages-browser)/./node_modules/next/dist/client/components/layout-router.js:228:37
RenderFromTemplateContext@webpack-internal:///(app-pages-browser)/./node_modules/next/dist/client/components/render-from-template-context.js:16:44
OuterLayoutRouter@webpack-internal:///(app-pages-browser)/./node_modules/next/dist/client/components/layout-router.js:370:157
SessionProvider@webpack-internal:///(app-pages-browser)/./node_modules/next-auth/react/index.js:455:18
NextAuthProvider@webpack-internal:///(app-pages-browser)/./src/components/core/provider/NextAuthProvider.tsx:11:24
body
html
LocaleLayout (Server)
InnerLayoutRouter@webpack-internal:///(app-pages-browser)/./node_modules/next/dist/client/components/layout-router.js:244:18
RedirectErrorBoundary@webpack-internal:///(app-pages-browser)/./node_modules/next/dist/client/components/redirect-boundary.js:74:9
RedirectBoundary@webpack-internal:///(app-pages-browser)/./node_modules/next/dist/client/components/redirect-boundary.js:82:24
NotFoundErrorBoundary@webpack-internal:///(app-pages-browser)/./node_modules/next/dist/client/components/not-found-boundary.js:76:9
NotFoundBoundary@webpack-internal:///(app-pages-browser)/./node_modules/next/dist/client/components/not-found-boundary.js:84:62
LoadingBoundary@webpack-internal:///(app-pages-browser)/./node_modules/next/dist/client/components/layout-router.js:349:76
ErrorBoundary@webpack-internal:///(app-pages-browser)/./node_modules/next/dist/client/components/error-boundary.js:160:67
InnerScrollAndFocusHandler@webpack-internal:///(app-pages-browser)/./node_modules/next/dist/client/components/layout-router.js:153:9
ScrollAndFocusHandler@webpack-internal:///(app-pages-browser)/./node_modules/next/dist/client/components/layout-router.js:228:37
RenderFromTemplateContext@webpack-internal:///(app-pages-browser)/./node_modules/next/dist/client/components/render-from-template-context.js:16:44
OuterLayoutRouter@webpack-internal:///(app-pages-browser)/./node_modules/next/dist/client/components/layout-router.js:370:157
RedirectErrorBoundary@webpack-internal:///(app-pages-browser)/./node_modules/next/dist/client/components/redirect-boundary.js:74:9
RedirectBoundary@webpack-internal:///(app-pages-browser)/./node_modules/next/dist/client/components/redirect-boundary.js:82:24
NotFoundErrorBoundary@webpack-internal:///(app-pages-browser)/./node_modules/next/dist/client/components/not-found-boundary.js:76:9
NotFoundBoundary@webpack-internal:///(app-pages-browser)/./node_modules/next/dist/client/components/not-found-boundary.js:84:62
DevRootNotFoundBoundary@webpack-internal:///(app-pages-browser)/./node_modules/next/dist/client/components/dev-root-not-found-boundary.js:33:24
ReactDevOverlay@webpack-internal:///(app-pages-browser)/./node_modules/next/dist/client/components/react-dev-overlay/app/ReactDevOverlay.js:87:9
HotReload@webpack-internal:///(app-pages-browser)/./node_modules/next/dist/client/components/react-dev-overlay/app/hot-reloader-client.js:321:37
Router@webpack-internal:///(app-pages-browser)/./node_modules/next/dist/client/components/app-router.js:207:134
ErrorBoundaryHandler@webpack-internal:///(app-pages-browser)/./node_modules/next/dist/client/components/error-boundary.js:113:9
ErrorBoundary@webpack-internal:///(app-pages-browser)/./node_modules/next/dist/client/components/error-boundary.js:160:67
AppRouter@webpack-internal:///(app-pages-browser)/./node_modules/next/dist/client/components/app-router.js:585:47
ServerRoot@webpack-internal:///(app-pages-browser)/./node_modules/next/dist/client/app-index.js:112:27
Root@webpack-internal:///(app-pages-browser)/./node_modules/next/dist/client/app-index.js:117:24 app-index.tsx:25:19
Uncaught TypeError: can't access property "path", importedUserStyles[i] is null
    IframeDecorator webpack-internal:///(app-pages-browser)/./src/lib/IframeDecorator.tsx:20
    srcDocData webpack-internal:///(app-pages-browser)/./src/components/repo/RepoConnector.tsx:141
    React 3
    RepoConnector webpack-internal:///(app-pages-browser)/./src/components/repo/RepoConnector.tsx:140
    React 11
    workLoop webpack-internal:///(app-pages-browser)/./node_modules/next/dist/compiled/scheduler/cjs/scheduler.development.js:256
    flushWork webpack-internal:///(app-pages-browser)/./node_modules/next/dist/compiled/scheduler/cjs/scheduler.development.js:225
    performWorkUntilDeadline webpack-internal:///(app-pages-browser)/./node_modules/next/dist/compiled/scheduler/cjs/scheduler.development.js:534
    EventHandlerNonNull* webpack-internal:///(app-pages-browser)/./node_modules/next/dist/compiled/scheduler/cjs/scheduler.development.js:569
    <anonymous> webpack-internal:///(app-pages-browser)/./node_modules/next/dist/compiled/scheduler/cjs/scheduler.development.js:630
    NextJS 4
    <anonymous> webpack-internal:///(app-pages-browser)/./node_modules/next/dist/compiled/scheduler/index.js:4
    NextJS 4
    React 2
    NextJS 4
    <anonymous> webpack-internal:///(app-pages-browser)/./node_modules/next/dist/compiled/react-dom/index.js:32
    NextJS 4
    <anonymous> webpack-internal:///(app-pages-browser)/./node_modules/next/dist/compiled/react-dom/client.js:3
    NextJS 4
    <anonymous> webpack-internal:///(app-pages-browser)/./node_modules/next/dist/client/app-index.js:15
    NextJS 4
    <anonymous> webpack-internal:///(app-pages-browser)/./node_modules/next/dist/client/app-next-dev.js:9
    appBootstrap webpack-internal:///(app-pages-browser)/./node_modules/next/dist/client/app-bootstrap.js:57
    loadScriptsInSequence webpack-internal:///(app-pages-browser)/./node_modules/next/dist/client/app-bootstrap.js:23
    appBootstrap webpack-internal:///(app-pages-browser)/./node_modules/next/dist/client/app-bootstrap.js:56
    <anonymous> webpack-internal:///(app-pages-browser)/./node_modules/next/dist/client/app-next-dev.js:8
    NextJS 7
page.js line 2256 > eval:20:30
Uncaught TypeError: can't access property "path", importedUserStyles[i] is null
    IframeDecorator webpack-internal:///(app-pages-browser)/./src/lib/IframeDecorator.tsx:20
    srcDocData webpack-internal:///(app-pages-browser)/./src/components/repo/RepoConnector.tsx:141
    React 3
    RepoConnector webpack-internal:///(app-pages-browser)/./src/components/repo/RepoConnector.tsx:140
    React 8
    workLoop webpack-internal:///(app-pages-browser)/./node_modules/next/dist/compiled/scheduler/cjs/scheduler.development.js:256
    flushWork webpack-internal:///(app-pages-browser)/./node_modules/next/dist/compiled/scheduler/cjs/scheduler.development.js:225
    performWorkUntilDeadline webpack-internal:///(app-pages-browser)/./node_modules/next/dist/compiled/scheduler/cjs/scheduler.development.js:534
    EventHandlerNonNull* webpack-internal:///(app-pages-browser)/./node_modules/next/dist/compiled/scheduler/cjs/scheduler.development.js:569
    <anonymous> webpack-internal:///(app-pages-browser)/./node_modules/next/dist/compiled/scheduler/cjs/scheduler.development.js:630
    NextJS 4
    <anonymous> webpack-internal:///(app-pages-browser)/./node_modules/next/dist/compiled/scheduler/index.js:4
    NextJS 4
    React 2
    NextJS 4
    <anonymous> webpack-internal:///(app-pages-browser)/./node_modules/next/dist/compiled/react-dom/index.js:32
    NextJS 4
    <anonymous> webpack-internal:///(app-pages-browser)/./node_modules/next/dist/compiled/react-dom/client.js:3
    NextJS 4
    <anonymous> webpack-internal:///(app-pages-browser)/./node_modules/next/dist/client/app-index.js:15
    NextJS 4
    <anonymous> webpack-internal:///(app-pages-browser)/./node_modules/next/dist/client/app-next-dev.js:9
    appBootstrap webpack-internal:///(app-pages-browser)/./node_modules/next/dist/client/app-bootstrap.js:57
    loadScriptsInSequence webpack-internal:///(app-pages-browser)/./node_modules/next/dist/client/app-bootstrap.js:23
    appBootstrap webpack-internal:///(app-pages-browser)/./node_modules/next/dist/client/app-bootstrap.js:56
    <anonymous> webpack-internal:///(app-pages-browser)/./node_modules/next/dist/client/app-next-dev.js:8
    NextJS 7
page.js line 2256 > eval:20:30
Uncaught TypeError: can't access property "path", importedUserStyles[i] is null
    IframeDecorator webpack-internal:///(app-pages-browser)/./src/lib/IframeDecorator.tsx:20
    srcDocData webpack-internal:///(app-pages-browser)/./src/components/repo/RepoConnector.tsx:141
    React 3
    RepoConnector webpack-internal:///(app-pages-browser)/./src/components/repo/RepoConnector.tsx:140
    React 8
    workLoop webpack-internal:///(app-pages-browser)/./node_modules/next/dist/compiled/scheduler/cjs/scheduler.development.js:256
    flushWork webpack-internal:///(app-pages-browser)/./node_modules/next/dist/compiled/scheduler/cjs/scheduler.development.js:225
    performWorkUntilDeadline webpack-internal:///(app-pages-browser)/./node_modules/next/dist/compiled/scheduler/cjs/scheduler.development.js:534
    EventHandlerNonNull* webpack-internal:///(app-pages-browser)/./node_modules/next/dist/compiled/scheduler/cjs/scheduler.development.js:569
    <anonymous> webpack-internal:///(app-pages-browser)/./node_modules/next/dist/compiled/scheduler/cjs/scheduler.development.js:630
    NextJS 4
    <anonymous> webpack-internal:///(app-pages-browser)/./node_modules/next/dist/compiled/scheduler/index.js:4
    NextJS 4
    React 2
    NextJS 4
    <anonymous> webpack-internal:///(app-pages-browser)/./node_modules/next/dist/compiled/react-dom/index.js:32
    NextJS 4
    <anonymous> webpack-internal:///(app-pages-browser)/./node_modules/next/dist/compiled/react-dom/client.js:3
    NextJS 4
    <anonymous> webpack-internal:///(app-pages-browser)/./node_modules/next/dist/client/app-index.js:15
    NextJS 4
    <anonymous> webpack-internal:///(app-pages-browser)/./node_modules/next/dist/client/app-next-dev.js:9
    appBootstrap webpack-internal:///(app-pages-browser)/./node_modules/next/dist/client/app-bootstrap.js:57
    loadScriptsInSequence webpack-internal:///(app-pages-browser)/./node_modules/next/dist/client/app-bootstrap.js:23
    appBootstrap webpack-internal:///(app-pages-browser)/./node_modules/next/dist/client/app-bootstrap.js:56
    <anonymous> webpack-internal:///(app-pages-browser)/./node_modules/next/dist/client/app-next-dev.js:8
    NextJS 7
page.js line 2256 > eval:20:30
Uncaught TypeError: can't access property "path", importedUserStyles[i] is null
    IframeDecorator webpack-internal:///(app-pages-browser)/./src/lib/IframeDecorator.tsx:20
    srcDocData webpack-internal:///(app-pages-browser)/./src/components/repo/RepoConnector.tsx:141
    React 3
    RepoConnector webpack-internal:///(app-pages-browser)/./src/components/repo/RepoConnector.tsx:140
    React 8
    workLoop webpack-internal:///(app-pages-browser)/./node_modules/next/dist/compiled/scheduler/cjs/scheduler.development.js:256
    flushWork webpack-internal:///(app-pages-browser)/./node_modules/next/dist/compiled/scheduler/cjs/scheduler.development.js:225
    performWorkUntilDeadline webpack-internal:///(app-pages-browser)/./node_modules/next/dist/compiled/scheduler/cjs/scheduler.development.js:534
    EventHandlerNonNull* webpack-internal:///(app-pages-browser)/./node_modules/next/dist/compiled/scheduler/cjs/scheduler.development.js:569
    <anonymous> webpack-internal:///(app-pages-browser)/./node_modules/next/dist/compiled/scheduler/cjs/scheduler.development.js:630
    NextJS 4
    <anonymous> webpack-internal:///(app-pages-browser)/./node_modules/next/dist/compiled/scheduler/index.js:4
    NextJS 4
    React 2
    NextJS 4
    <anonymous> webpack-internal:///(app-pages-browser)/./node_modules/next/dist/compiled/react-dom/index.js:32
    NextJS 4
    <anonymous> webpack-internal:///(app-pages-browser)/./node_modules/next/dist/compiled/react-dom/client.js:3
    NextJS 4
    <anonymous> webpack-internal:///(app-pages-browser)/./node_modules/next/dist/client/app-index.js:15
    NextJS 4
    <anonymous> webpack-internal:///(app-pages-browser)/./node_modules/next/dist/client/app-next-dev.js:9
    appBootstrap webpack-internal:///(app-pages-browser)/./node_modules/next/dist/client/app-bootstrap.js:57
    loadScriptsInSequence webpack-internal:///(app-pages-browser)/./node_modules/next/dist/client/app-bootstrap.js:23
    appBootstrap webpack-internal:///(app-pages-browser)/./node_modules/next/dist/client/app-bootstrap.js:56
    <anonymous> webpack-internal:///(app-pages-browser)/./node_modules/next/dist/client/app-next-dev.js:8
    NextJS 7
page.js line 2256 > eval:20:30
Warning: async/await is not yet supported in Client Components, only Server Components. This error is often caused by accidentally adding `'use client'` to a module that was originally written for the server.
Header
Error@webpack-internal:///(app-pages-browser)/./src/app/[locale]/(site)/error.tsx:9:26
ErrorBoundaryHandler@webpack-internal:///(app-pages-browser)/./node_modules/next/dist/client/components/error-boundary.js:113:9
ErrorBoundary@webpack-internal:///(app-pages-browser)/./node_modules/next/dist/client/components/error-boundary.js:160:67
InnerScrollAndFocusHandler@webpack-internal:///(app-pages-browser)/./node_modules/next/dist/client/components/layout-router.js:153:9
ScrollAndFocusHandler@webpack-internal:///(app-pages-browser)/./node_modules/next/dist/client/components/layout-router.js:228:37
RenderFromTemplateContext@webpack-internal:///(app-pages-browser)/./node_modules/next/dist/client/components/render-from-template-context.js:16:44
OuterLayoutRouter@webpack-internal:///(app-pages-browser)/./node_modules/next/dist/client/components/layout-router.js:370:157
div
SiteLayout (Server)
InnerLayoutRouter@webpack-internal:///(app-pages-browser)/./node_modules/next/dist/client/components/layout-router.js:244:18
RedirectErrorBoundary@webpack-internal:///(app-pages-browser)/./node_modules/next/dist/client/components/redirect-boundary.js:74:9
RedirectBoundary@webpack-internal:///(app-pages-browser)/./node_modules/next/dist/client/components/redirect-boundary.js:82:24
NotFoundBoundary@webpack-internal:///(app-pages-browser)/./node_modules/next/dist/client/components/not-found-boundary.js:84:62
LoadingBoundary@webpack-internal:///(app-pages-browser)/./node_modules/next/dist/client/components/layout-router.js:349:76
ErrorBoundary@webpack-internal:///(app-pages-browser)/./node_modules/next/dist/client/components/error-boundary.js:160:67
InnerScrollAndFocusHandler@webpack-internal:///(app-pages-browser)/./node_modules/next/dist/client/components/layout-router.js:153:9
ScrollAndFocusHandler@webpack-internal:///(app-pages-browser)/./node_modules/next/dist/client/components/layout-router.js:228:37
RenderFromTemplateContext@webpack-internal:///(app-pages-browser)/./node_modules/next/dist/client/components/render-from-template-context.js:16:44
OuterLayoutRouter@webpack-internal:///(app-pages-browser)/./node_modules/next/dist/client/components/layout-router.js:370:157
SessionProvider@webpack-internal:///(app-pages-browser)/./node_modules/next-auth/react/index.js:455:18
NextAuthProvider@webpack-internal:///(app-pages-browser)/./src/components/core/provider/NextAuthProvider.tsx:11:24
body
html
LocaleLayout (Server)
InnerLayoutRouter@webpack-internal:///(app-pages-browser)/./node_modules/next/dist/client/components/layout-router.js:244:18
RedirectErrorBoundary@webpack-internal:///(app-pages-browser)/./node_modules/next/dist/client/components/redirect-boundary.js:74:9
RedirectBoundary@webpack-internal:///(app-pages-browser)/./node_modules/next/dist/client/components/redirect-boundary.js:82:24
NotFoundErrorBoundary@webpack-internal:///(app-pages-browser)/./node_modules/next/dist/client/components/not-found-boundary.js:76:9
NotFoundBoundary@webpack-internal:///(app-pages-browser)/./node_modules/next/dist/client/components/not-found-boundary.js:84:62
LoadingBoundary@webpack-internal:///(app-pages-browser)/./node_modules/next/dist/client/components/layout-router.js:349:76
ErrorBoundary@webpack-internal:///(app-pages-browser)/./node_modules/next/dist/client/components/error-boundary.js:160:67
InnerScrollAndFocusHandler@webpack-internal:///(app-pages-browser)/./node_modules/next/dist/client/components/layout-router.js:153:9
ScrollAndFocusHandler@webpack-internal:///(app-pages-browser)/./node_modules/next/dist/client/components/layout-router.js:228:37
RenderFromTemplateContext@webpack-internal:///(app-pages-browser)/./node_modules/next/dist/client/components/render-from-template-context.js:16:44
OuterLayoutRouter@webpack-internal:///(app-pages-browser)/./node_modules/next/dist/client/components/layout-router.js:370:157
RedirectErrorBoundary@webpack-internal:///(app-pages-browser)/./node_modules/next/dist/client/components/redirect-boundary.js:74:9
RedirectBoundary@webpack-internal:///(app-pages-browser)/./node_modules/next/dist/client/components/redirect-boundary.js:82:24
NotFoundErrorBoundary@webpack-internal:///(app-pages-browser)/./node_modules/next/dist/client/components/not-found-boundary.js:76:9
NotFoundBoundary@webpack-internal:///(app-pages-browser)/./node_modules/next/dist/client/components/not-found-boundary.js:84:62
DevRootNotFoundBoundary@webpack-internal:///(app-pages-browser)/./node_modules/next/dist/client/components/dev-root-not-found-boundary.js:33:24
ReactDevOverlay@webpack-internal:///(app-pages-browser)/./node_modules/next/dist/client/components/react-dev-overlay/app/ReactDevOverlay.js:87:9
HotReload@webpack-internal:///(app-pages-browser)/./node_modules/next/dist/client/components/react-dev-overlay/app/hot-reloader-client.js:321:37
Router@webpack-internal:///(app-pages-browser)/./node_modules/next/dist/client/components/app-router.js:207:134
ErrorBoundaryHandler@webpack-internal:///(app-pages-browser)/./node_modules/next/dist/client/components/error-boundary.js:113:9
ErrorBoundary@webpack-internal:///(app-pages-browser)/./node_modules/next/dist/client/components/error-boundary.js:160:67
AppRouter@webpack-internal:///(app-pages-browser)/./node_modules/next/dist/client/components/app-router.js:585:47
ServerRoot@webpack-internal:///(app-pages-browser)/./node_modules/next/dist/client/app-index.js:112:27
Root@webpack-internal:///(app-pages-browser)/./node_modules/next/dist/client/app-index.js:117:24 app-index.tsx:25:19
⚪️🔴🔴 Error fetching CSS file: wp-includes/css/dashicons.min.css%3Fver=6.6.1.css HttpError: Not Found - https://docs.github.com/rest/repos/contents#get-repository-content
    RequestError index.js:8
    fetchWrapper index.js:100
    fetchWrapper index.js:57
    request2 index.js:174
    hook index.js:32
    promise callback*hook add.js:35
    requestWithGraphqlErrorHandling index.js:36
    doExecute light.js:405
    timeout light.js:1202
    setTimeout handler*_run light.js:1201
    _drainOne light.js:1236
    promise callback*_drainOne/< light.js:1224
    cb light.js:773
    _tryToRun light.js:783
    schedule light.js:798
    _drainOne light.js:1212
    _drainAll light.js:1246
    _addToQueue light.js:1354
    cb light.js:773
    _tryToRun light.js:783
    schedule light.js:798
    _receive light.js:1364
    schedule light.js:1406
    wrapRequest index.js:30
    doExecute light.js:405
    timeout light.js:1202
    setTimeout handler*_run light.js:1201
    _drainOne light.js:1236
    promise callback*_drainOne/< light.js:1224
    cb light.js:773
    _tryToRun light.js:783
    _tryToRun light.js:785
    _tryToRun light.js:785
    _tryToRun light.js:785
    schedule light.js:798
    _drainOne light.js:1212
    _drainAll light.js:1246
    _addToQueue light.js:1354
    cb light.js:773
    _tryToRun light.js:783
    _tryToRun light.js:785
    _tryToRun light.js:785
app-index.tsx:25:19
XHRGET
https://api.github.com/repos/life-Nd/lissage/contents/wp-content/uploads/elementor/css/post-6.css%3Fver=1712928427.css
[HTTP/2 404  130ms]

🚀🚀🚀 now: 1724376210296 RepoConnector.tsx:30:10
🚀🚀🚀 now: 1724376210360 RepoConnector.tsx:30:10
Uncaught TypeError: can't access property "path", importedUserStyles[i] is null
    IframeDecorator webpack-internal:///(app-pages-browser)/./src/lib/IframeDecorator.tsx:20
    srcDocData webpack-internal:///(app-pages-browser)/./src/components/repo/RepoConnector.tsx:141
    React 3
    RepoConnector webpack-internal:///(app-pages-browser)/./src/components/repo/RepoConnector.tsx:140
    React 11
    workLoop webpack-internal:///(app-pages-browser)/./node_modules/next/dist/compiled/scheduler/cjs/scheduler.development.js:256
    flushWork webpack-internal:///(app-pages-browser)/./node_modules/next/dist/compiled/scheduler/cjs/scheduler.development.js:225
    performWorkUntilDeadline webpack-internal:///(app-pages-browser)/./node_modules/next/dist/compiled/scheduler/cjs/scheduler.development.js:534
    EventHandlerNonNull* webpack-internal:///(app-pages-browser)/./node_modules/next/dist/compiled/scheduler/cjs/scheduler.development.js:569
    <anonymous> webpack-internal:///(app-pages-browser)/./node_modules/next/dist/compiled/scheduler/cjs/scheduler.development.js:630
    NextJS 4
    <anonymous> webpack-internal:///(app-pages-browser)/./node_modules/next/dist/compiled/scheduler/index.js:4
    NextJS 4
    React 2
    NextJS 4
    <anonymous> webpack-internal:///(app-pages-browser)/./node_modules/next/dist/compiled/react-dom/index.js:32
    NextJS 4
    <anonymous> webpack-internal:///(app-pages-browser)/./node_modules/next/dist/compiled/react-dom/client.js:3
    NextJS 4
    <anonymous> webpack-internal:///(app-pages-browser)/./node_modules/next/dist/client/app-index.js:15
    NextJS 4
    <anonymous> webpack-internal:///(app-pages-browser)/./node_modules/next/dist/client/app-next-dev.js:9
    appBootstrap webpack-internal:///(app-pages-browser)/./node_modules/next/dist/client/app-bootstrap.js:57
    loadScriptsInSequence webpack-internal:///(app-pages-browser)/./node_modules/next/dist/client/app-bootstrap.js:23
    appBootstrap webpack-internal:///(app-pages-browser)/./node_modules/next/dist/client/app-bootstrap.js:56
    <anonymous> webpack-internal:///(app-pages-browser)/./node_modules/next/dist/client/app-next-dev.js:8
    NextJS 7
page.js line 2256 > eval:20:30
Uncaught TypeError: can't access property "path", importedUserStyles[i] is null
    IframeDecorator webpack-internal:///(app-pages-browser)/./src/lib/IframeDecorator.tsx:20
    srcDocData webpack-internal:///(app-pages-browser)/./src/components/repo/RepoConnector.tsx:141
    React 3
    RepoConnector webpack-internal:///(app-pages-browser)/./src/components/repo/RepoConnector.tsx:140
    React 8
    workLoop webpack-internal:///(app-pages-browser)/./node_modules/next/dist/compiled/scheduler/cjs/scheduler.development.js:256
    flushWork webpack-internal:///(app-pages-browser)/./node_modules/next/dist/compiled/scheduler/cjs/scheduler.development.js:225
    performWorkUntilDeadline webpack-internal:///(app-pages-browser)/./node_modules/next/dist/compiled/scheduler/cjs/scheduler.development.js:534
    EventHandlerNonNull* webpack-internal:///(app-pages-browser)/./node_modules/next/dist/compiled/scheduler/cjs/scheduler.development.js:569
    <anonymous> webpack-internal:///(app-pages-browser)/./node_modules/next/dist/compiled/scheduler/cjs/scheduler.development.js:630
    NextJS 4
    <anonymous> webpack-internal:///(app-pages-browser)/./node_modules/next/dist/compiled/scheduler/index.js:4
    NextJS 4
    React 2
    NextJS 4
    <anonymous> webpack-internal:///(app-pages-browser)/./node_modules/next/dist/compiled/react-dom/index.js:32
    NextJS 4
    <anonymous> webpack-internal:///(app-pages-browser)/./node_modules/next/dist/compiled/react-dom/client.js:3
    NextJS 4
    <anonymous> webpack-internal:///(app-pages-browser)/./node_modules/next/dist/client/app-index.js:15
    NextJS 4
    <anonymous> webpack-internal:///(app-pages-browser)/./node_modules/next/dist/client/app-next-dev.js:9
    appBootstrap webpack-internal:///(app-pages-browser)/./node_modules/next/dist/client/app-bootstrap.js:57
    loadScriptsInSequence webpack-internal:///(app-pages-browser)/./node_modules/next/dist/client/app-bootstrap.js:23
    appBootstrap webpack-internal:///(app-pages-browser)/./node_modules/next/dist/client/app-bootstrap.js:56
    <anonymous> webpack-internal:///(app-pages-browser)/./node_modules/next/dist/client/app-next-dev.js:8
    NextJS 7
3 page.js line 2256 > eval:20:30
Uncaught (in promise) Error: `headers` was called outside a request scope. Read more: https://nextjs.org/docs/messages/next-dynamic-api-wrong-context
    getExpectedRequestStore request-async-storage.external.ts:28
    headers headers.ts:36
    getServerSession index.js:139
    Header Header.tsx:30
    renderWithHooks React
    mountIndeterminateComponent react-dom.development.js:16869
    React 6
    workLoop scheduler.development.js:256
    flushWork scheduler.development.js:225
    performWorkUntilDeadline scheduler.development.js:534
    EventHandlerNonNull* scheduler.development.js:569
    <anonymous> scheduler.development.js:630
    NextJS 4
    <anonymous> index.js:4
    NextJS 4
    React 2
    NextJS 4
    <anonymous> index.js:32
    NextJS 4
    <anonymous> client.js:3
    NextJS 4
    <anonymous> app-index.js:15
    NextJS 4
    <anonymous> app-next-dev.js:9
    appBootstrap app-bootstrap.js:57
    loadScriptsInSequence app-bootstrap.js:23
    appBootstrap app-bootstrap.js:56
    <anonymous> app-next-dev.js:8
    NextJS 7
request-async-storage.external.ts:28:8
🚀🚀🚀 now: 1724376210449 RepoConnector.tsx:30:10
🚀🚀🚀 now: 1724376210516 RepoConnector.tsx:30:10
Uncaught TypeError: can't access property "path", importedUserStyles[i] is null
    IframeDecorator webpack-internal:///(app-pages-browser)/./src/lib/IframeDecorator.tsx:20
    srcDocData webpack-internal:///(app-pages-browser)/./src/components/repo/RepoConnector.tsx:141
    React 3
    RepoConnector webpack-internal:///(app-pages-browser)/./src/components/repo/RepoConnector.tsx:140
    React 11
    workLoop webpack-internal:///(app-pages-browser)/./node_modules/next/dist/compiled/scheduler/cjs/scheduler.development.js:256
    flushWork webpack-internal:///(app-pages-browser)/./node_modules/next/dist/compiled/scheduler/cjs/scheduler.development.js:225
    performWorkUntilDeadline webpack-internal:///(app-pages-browser)/./node_modules/next/dist/compiled/scheduler/cjs/scheduler.development.js:534
    EventHandlerNonNull* webpack-internal:///(app-pages-browser)/./node_modules/next/dist/compiled/scheduler/cjs/scheduler.development.js:569
    <anonymous> webpack-internal:///(app-pages-browser)/./node_modules/next/dist/compiled/scheduler/cjs/scheduler.development.js:630
    NextJS 4
    <anonymous> webpack-internal:///(app-pages-browser)/./node_modules/next/dist/compiled/scheduler/index.js:4
    NextJS 4
    React 2
    NextJS 4
    <anonymous> webpack-internal:///(app-pages-browser)/./node_modules/next/dist/compiled/react-dom/index.js:32
    NextJS 4
    <anonymous> webpack-internal:///(app-pages-browser)/./node_modules/next/dist/compiled/react-dom/client.js:3
    NextJS 4
    <anonymous> webpack-internal:///(app-pages-browser)/./node_modules/next/dist/client/app-index.js:15
    NextJS 4
    <anonymous> webpack-internal:///(app-pages-browser)/./node_modules/next/dist/client/app-next-dev.js:9
    appBootstrap webpack-internal:///(app-pages-browser)/./node_modules/next/dist/client/app-bootstrap.js:57
    loadScriptsInSequence webpack-internal:///(app-pages-browser)/./node_modules/next/dist/client/app-bootstrap.js:23
    appBootstrap webpack-internal:///(app-pages-browser)/./node_modules/next/dist/client/app-bootstrap.js:56
    <anonymous> webpack-internal:///(app-pages-browser)/./node_modules/next/dist/client/app-next-dev.js:8
    NextJS 7
page.js line 2256 > eval:20:30
Uncaught TypeError: can't access property "path", importedUserStyles[i] is null
    IframeDecorator webpack-internal:///(app-pages-browser)/./src/lib/IframeDecorator.tsx:20
    srcDocData webpack-internal:///(app-pages-browser)/./src/components/repo/RepoConnector.tsx:141
    React 3
    RepoConnector webpack-internal:///(app-pages-browser)/./src/components/repo/RepoConnector.tsx:140
    React 8
    workLoop webpack-internal:///(app-pages-browser)/./node_modules/next/dist/compiled/scheduler/cjs/scheduler.development.js:256
    flushWork webpack-internal:///(app-pages-browser)/./node_modules/next/dist/compiled/scheduler/cjs/scheduler.development.js:225
    performWorkUntilDeadline webpack-internal:///(app-pages-browser)/./node_modules/next/dist/compiled/scheduler/cjs/scheduler.development.js:534
    EventHandlerNonNull* webpack-internal:///(app-pages-browser)/./node_modules/next/dist/compiled/scheduler/cjs/scheduler.development.js:569
    <anonymous> webpack-internal:///(app-pages-browser)/./node_modules/next/dist/compiled/scheduler/cjs/scheduler.development.js:630
    NextJS 4
    <anonymous> webpack-internal:///(app-pages-browser)/./node_modules/next/dist/compiled/scheduler/index.js:4
    NextJS 4
    React 2
    NextJS 4
    <anonymous> webpack-internal:///(app-pages-browser)/./node_modules/next/dist/compiled/react-dom/index.js:32
    NextJS 4
    <anonymous> webpack-internal:///(app-pages-browser)/./node_modules/next/dist/compiled/react-dom/client.js:3
    NextJS 4
    <anonymous> webpack-internal:///(app-pages-browser)/./node_modules/next/dist/client/app-index.js:15
    NextJS 4
    <anonymous> webpack-internal:///(app-pages-browser)/./node_modules/next/dist/client/app-next-dev.js:9
    appBootstrap webpack-internal:///(app-pages-browser)/./node_modules/next/dist/client/app-bootstrap.js:57
    loadScriptsInSequence webpack-internal:///(app-pages-browser)/./node_modules/next/dist/client/app-bootstrap.js:23
    appBootstrap webpack-internal:///(app-pages-browser)/./node_modules/next/dist/client/app-bootstrap.js:56
    <anonymous> webpack-internal:///(app-pages-browser)/./node_modules/next/dist/client/app-next-dev.js:8
    NextJS 7
page.js line 2256 > eval:20:30
Uncaught TypeError: can't access property "path", importedUserStyles[i] is null
    IframeDecorator webpack-internal:///(app-pages-browser)/./src/lib/IframeDecorator.tsx:20
    srcDocData webpack-internal:///(app-pages-browser)/./src/components/repo/RepoConnector.tsx:141
    React 3
    RepoConnector webpack-internal:///(app-pages-browser)/./src/components/repo/RepoConnector.tsx:140
    React 8
    workLoop webpack-internal:///(app-pages-browser)/./node_modules/next/dist/compiled/scheduler/cjs/scheduler.development.js:256
    flushWork webpack-internal:///(app-pages-browser)/./node_modules/next/dist/compiled/scheduler/cjs/scheduler.development.js:225
    performWorkUntilDeadline webpack-internal:///(app-pages-browser)/./node_modules/next/dist/compiled/scheduler/cjs/scheduler.development.js:534
    EventHandlerNonNull* webpack-internal:///(app-pages-browser)/./node_modules/next/dist/compiled/scheduler/cjs/scheduler.development.js:569
    <anonymous> webpack-internal:///(app-pages-browser)/./node_modules/next/dist/compiled/scheduler/cjs/scheduler.development.js:630
    NextJS 4
    <anonymous> webpack-internal:///(app-pages-browser)/./node_modules/next/dist/compiled/scheduler/index.js:4
    NextJS 4
    React 2
    NextJS 4
    <anonymous> webpack-internal:///(app-pages-browser)/./node_modules/next/dist/compiled/react-dom/index.js:32
    NextJS 4
    <anonymous> webpack-internal:///(app-pages-browser)/./node_modules/next/dist/compiled/react-dom/client.js:3
    NextJS 4
    <anonymous> webpack-internal:///(app-pages-browser)/./node_modules/next/dist/client/app-index.js:15
    NextJS 4
    <anonymous> webpack-internal:///(app-pages-browser)/./node_modules/next/dist/client/app-next-dev.js:9
    appBootstrap webpack-internal:///(app-pages-browser)/./node_modules/next/dist/client/app-bootstrap.js:57
    loadScriptsInSequence webpack-internal:///(app-pages-browser)/./node_modules/next/dist/client/app-bootstrap.js:23
    appBootstrap webpack-internal:///(app-pages-browser)/./node_modules/next/dist/client/app-bootstrap.js:56
    <anonymous> webpack-internal:///(app-pages-browser)/./node_modules/next/dist/client/app-next-dev.js:8
    NextJS 7
page.js line 2256 > eval:20:30
Uncaught TypeError: can't access property "path", importedUserStyles[i] is null
    IframeDecorator webpack-internal:///(app-pages-browser)/./src/lib/IframeDecorator.tsx:20
    srcDocData webpack-internal:///(app-pages-browser)/./src/components/repo/RepoConnector.tsx:141
    React 3
    RepoConnector webpack-internal:///(app-pages-browser)/./src/components/repo/RepoConnector.tsx:140
    React 8
    workLoop webpack-internal:///(app-pages-browser)/./node_modules/next/dist/compiled/scheduler/cjs/scheduler.development.js:256
    flushWork webpack-internal:///(app-pages-browser)/./node_modules/next/dist/compiled/scheduler/cjs/scheduler.development.js:225
    performWorkUntilDeadline webpack-internal:///(app-pages-browser)/./node_modules/next/dist/compiled/scheduler/cjs/scheduler.development.js:534
    EventHandlerNonNull* webpack-internal:///(app-pages-browser)/./node_modules/next/dist/compiled/scheduler/cjs/scheduler.development.js:569
    <anonymous> webpack-internal:///(app-pages-browser)/./node_modules/next/dist/compiled/scheduler/cjs/scheduler.development.js:630
    NextJS 4
    <anonymous> webpack-internal:///(app-pages-browser)/./node_modules/next/dist/compiled/scheduler/index.js:4
    NextJS 4
    React 2
    NextJS 4
    <anonymous> webpack-internal:///(app-pages-browser)/./node_modules/next/dist/compiled/react-dom/index.js:32
    NextJS 4
    <anonymous> webpack-internal:///(app-pages-browser)/./node_modules/next/dist/compiled/react-dom/client.js:3
    NextJS 4
    <anonymous> webpack-internal:///(app-pages-browser)/./node_modules/next/dist/client/app-index.js:15
    NextJS 4
    <anonymous> webpack-internal:///(app-pages-browser)/./node_modules/next/dist/client/app-next-dev.js:9
    appBootstrap webpack-internal:///(app-pages-browser)/./node_modules/next/dist/client/app-bootstrap.js:57
    loadScriptsInSequence webpack-internal:///(app-pages-browser)/./node_modules/next/dist/client/app-bootstrap.js:23
    appBootstrap webpack-internal:///(app-pages-browser)/./node_modules/next/dist/client/app-bootstrap.js:56
    <anonymous> webpack-internal:///(app-pages-browser)/./node_modules/next/dist/client/app-next-dev.js:8
    NextJS 7
page.js line 2256 > eval:20:30
🚀🚀🚀 now: 1724376210612 RepoConnector.tsx:30:10
🚀🚀🚀 now: 1724376210680 RepoConnector.tsx:30:10
Uncaught TypeError: can't access property "path", importedUserStyles[i] is null
    IframeDecorator IframeDecorator.tsx:20
    srcDocData RepoConnector.tsx:141
    React 3
    RepoConnector RepoConnector.tsx:140
    React 19
    handleResize RepoConnector.tsx:96
    RepoConnector RepoConnector.tsx:99
    commitHookEffectListMount react-dom.development.js:21102
    React 14
    workLoop scheduler.development.js:256
    flushWork scheduler.development.js:225
    performWorkUntilDeadline scheduler.development.js:534
    EventHandlerNonNull* scheduler.development.js:569
    <anonymous> scheduler.development.js:630
    NextJS 4
    <anonymous> index.js:4
    NextJS 4
page.js line 2256 > eval:20:30
Uncaught TypeError: can't access property "path", importedUserStyles[i] is null
    IframeDecorator IframeDecorator.tsx:20
    srcDocData RepoConnector.tsx:141
    React 3
    RepoConnector RepoConnector.tsx:140
    React 16
    handleResize RepoConnector.tsx:96
    RepoConnector RepoConnector.tsx:99
    commitHookEffectListMount react-dom.development.js:21102
    React 14
    workLoop scheduler.development.js:256
    flushWork scheduler.development.js:225
    performWorkUntilDeadline scheduler.development.js:534
    EventHandlerNonNull* scheduler.development.js:569
    <anonymous> scheduler.development.js:630
    NextJS 4
    <anonymous> index.js:4
    NextJS 4
page.js line 2256 > eval:20:30
Uncaught TypeError: can't access property "path", importedUserStyles[i] is null
    IframeDecorator IframeDecorator.tsx:20
    srcDocData RepoConnector.tsx:141
    React 3
    RepoConnector RepoConnector.tsx:140
    React 16
    handleResize RepoConnector.tsx:96
    RepoConnector RepoConnector.tsx:99
    commitHookEffectListMount react-dom.development.js:21102
    React 14
    workLoop scheduler.development.js:256
    flushWork scheduler.development.js:225
    performWorkUntilDeadline scheduler.development.js:534
    EventHandlerNonNull* scheduler.development.js:569
    <anonymous> scheduler.development.js:630
    NextJS 4
    <anonymous> index.js:4
    NextJS 4
page.js line 2256 > eval:20:30
Uncaught TypeError: can't access property "path", importedUserStyles[i] is null
    IframeDecorator IframeDecorator.tsx:20
    srcDocData RepoConnector.tsx:141
    React 3
    RepoConnector RepoConnector.tsx:140
    React 16
    handleResize RepoConnector.tsx:96
    RepoConnector RepoConnector.tsx:99
    commitHookEffectListMount react-dom.development.js:21102
    React 14
    workLoop scheduler.development.js:256
    flushWork scheduler.development.js:225
    performWorkUntilDeadline scheduler.development.js:534
    EventHandlerNonNull* scheduler.development.js:569
    <anonymous> scheduler.development.js:630
    NextJS 4
    <anonymous> index.js:4
    NextJS 4
page.js line 2256 > eval:20:30
🚀🚀🚀 now: 1724376210760 RepoConnector.tsx:30:10
🚀🚀🚀 now: 1724376210831 RepoConnector.tsx:30:10
XHRGET
https://api.github.com/repos/life-Nd/lissage/contents/wp-content/uploads/elementor/css/custom-pro-frontend-lite.min.css%3Fver=1712928427.css
[HTTP/2 404  105ms]

Uncaught TypeError: can't access property "path", importedUserStyles[i] is null
    IframeDecorator IframeDecorator.tsx:20
    srcDocData RepoConnector.tsx:141
    React 3
    RepoConnector RepoConnector.tsx:140
    React 31
    handleResize RepoConnector.tsx:96
    RepoConnector RepoConnector.tsx:99
    commitHookEffectListMount react-dom.development.js:21102
    React 14
    workLoop scheduler.development.js:256
    flushWork scheduler.development.js:225
    performWorkUntilDeadline scheduler.development.js:534
    EventHandlerNonNull* scheduler.development.js:569
    <anonymous> scheduler.development.js:630
    NextJS 4
    <anonymous> index.js:4
    NextJS 4
page.js line 2256 > eval:20:30
Uncaught TypeError: can't access property "path", importedUserStyles[i] is null
    IframeDecorator IframeDecorator.tsx:20
    srcDocData RepoConnector.tsx:141
    React 3
    RepoConnector RepoConnector.tsx:140
    React 28
    handleResize RepoConnector.tsx:96
    RepoConnector RepoConnector.tsx:99
    commitHookEffectListMount react-dom.development.js:21102
    React 14
    workLoop scheduler.development.js:256
    flushWork scheduler.development.js:225
    performWorkUntilDeadline scheduler.development.js:534
    EventHandlerNonNull* scheduler.development.js:569
    <anonymous> scheduler.development.js:630
    NextJS 4
    <anonymous> index.js:4
    NextJS 4
page.js line 2256 > eval:20:30
Uncaught TypeError: can't access property "path", importedUserStyles[i] is null
    IframeDecorator IframeDecorator.tsx:20
    srcDocData RepoConnector.tsx:141
    React 3
    RepoConnector RepoConnector.tsx:140
    React 28
    handleResize RepoConnector.tsx:96
    RepoConnector RepoConnector.tsx:99
    commitHookEffectListMount react-dom.development.js:21102
    React 14
    workLoop scheduler.development.js:256
    flushWork scheduler.development.js:225
    performWorkUntilDeadline scheduler.development.js:534
    EventHandlerNonNull* scheduler.development.js:569
    <anonymous> scheduler.development.js:630
    NextJS 4
    <anonymous> index.js:4
    NextJS 4
page.js line 2256 > eval:20:30
Uncaught TypeError: can't access property "path", importedUserStyles[i] is null
    IframeDecorator IframeDecorator.tsx:20
    srcDocData RepoConnector.tsx:141
    React 3
    RepoConnector RepoConnector.tsx:140
    React 28
    handleResize RepoConnector.tsx:96
    RepoConnector RepoConnector.tsx:99
    commitHookEffectListMount react-dom.development.js:21102
    React 14
    workLoop scheduler.development.js:256
    flushWork scheduler.development.js:225
    performWorkUntilDeadline scheduler.development.js:534
    EventHandlerNonNull* scheduler.development.js:569
    <anonymous> scheduler.development.js:630
    NextJS 4
    <anonymous> index.js:4
    NextJS 4
page.js line 2256 > eval:20:30
🚀🚀🚀 now: 1724376210916 RepoConnector.tsx:30:10
🚀🚀🚀 now: 1724376210982 RepoConnector.tsx:30:10
Uncaught TypeError: can't access property "path", importedUserStyles[i] is null
    IframeDecorator webpack-internal:///(app-pages-browser)/./src/lib/IframeDecorator.tsx:20
    srcDocData webpack-internal:///(app-pages-browser)/./src/components/repo/RepoConnector.tsx:141
    React 3
    RepoConnector webpack-internal:///(app-pages-browser)/./src/components/repo/RepoConnector.tsx:140
    React 2
page.js line 2256 > eval:20:30
Uncaught TypeError: can't access property "path", importedUserStyles[i] is null
    IframeDecorator webpack-internal:///(app-pages-browser)/./src/lib/IframeDecorator.tsx:20
    srcDocData webpack-internal:///(app-pages-browser)/./src/components/repo/RepoConnector.tsx:141
    React 3
    RepoConnector webpack-internal:///(app-pages-browser)/./src/components/repo/RepoConnector.tsx:140
    React 2
page.js line 2256 > eval:20:30
Uncaught TypeError: can't access property "path", importedUserStyles[i] is null
    IframeDecorator webpack-internal:///(app-pages-browser)/./src/lib/IframeDecorator.tsx:20
    srcDocData webpack-internal:///(app-pages-browser)/./src/components/repo/RepoConnector.tsx:141
    React 3
    RepoConnector webpack-internal:///(app-pages-browser)/./src/components/repo/RepoConnector.tsx:140
    React 2
page.js line 2256 > eval:20:30
Uncaught TypeError: can't access property "path", importedUserStyles[i] is null
    IframeDecorator webpack-internal:///(app-pages-browser)/./src/lib/IframeDecorator.tsx:20
    srcDocData webpack-internal:///(app-pages-browser)/./src/components/repo/RepoConnector.tsx:141
    React 3
    RepoConnector webpack-internal:///(app-pages-browser)/./src/components/repo/RepoConnector.tsx:140
    React 2
page.js line 2256 > eval:20:30
🚀🚀🚀 now: 1724376211095 RepoConnector.tsx:30:10
🚀🚀🚀 now: 1724376211163 RepoConnector.tsx:30:10
Uncaught TypeError: can't access property "path", importedUserStyles[i] is null
    IframeDecorator webpack-internal:///(app-pages-browser)/./src/lib/IframeDecorator.tsx:20
    srcDocData webpack-internal:///(app-pages-browser)/./src/components/repo/RepoConnector.tsx:141
    React 3
    RepoConnector webpack-internal:///(app-pages-browser)/./src/components/repo/RepoConnector.tsx:140
    React 48
page.js line 2256 > eval:20:30
Uncaught TypeError: can't access property "path", importedUserStyles[i] is null
    IframeDecorator webpack-internal:///(app-pages-browser)/./src/lib/IframeDecorator.tsx:20
    srcDocData webpack-internal:///(app-pages-browser)/./src/components/repo/RepoConnector.tsx:141
    React 3
    RepoConnector webpack-internal:///(app-pages-browser)/./src/components/repo/RepoConnector.tsx:140
    React 45
page.js line 2256 > eval:20:30
Uncaught TypeError: can't access property "path", importedUserStyles[i] is null
    IframeDecorator webpack-internal:///(app-pages-browser)/./src/lib/IframeDecorator.tsx:20
    srcDocData webpack-internal:///(app-pages-browser)/./src/components/repo/RepoConnector.tsx:141
    React 3
    RepoConnector webpack-internal:///(app-pages-browser)/./src/components/repo/RepoConnector.tsx:140
    React 45
page.js line 2256 > eval:20:30
Uncaught TypeError: can't access property "path", importedUserStyles[i] is null
    IframeDecorator webpack-internal:///(app-pages-browser)/./src/lib/IframeDecorator.tsx:20
    srcDocData webpack-internal:///(app-pages-browser)/./src/components/repo/RepoConnector.tsx:141
    React 3
    RepoConnector webpack-internal:///(app-pages-browser)/./src/components/repo/RepoConnector.tsx:140
    React 45
page.js line 2256 > eval:20:30
🚀🚀🚀 now: 1724376211242 RepoConnector.tsx:30:10
🚀🚀🚀 now: 1724376211319 RepoConnector.tsx:30:10
Uncaught TypeError: can't access property "path", importedUserStyles[i] is null
    IframeDecorator webpack-internal:///(app-pages-browser)/./src/lib/IframeDecorator.tsx:20
    srcDocData webpack-internal:///(app-pages-browser)/./src/components/repo/RepoConnector.tsx:141
    React 3
    RepoConnector webpack-internal:///(app-pages-browser)/./src/components/repo/RepoConnector.tsx:140
    React 60
page.js line 2256 > eval:20:30
Uncaught TypeError: can't access property "path", importedUserStyles[i] is null
    IframeDecorator webpack-internal:///(app-pages-browser)/./src/lib/IframeDecorator.tsx:20
    srcDocData webpack-internal:///(app-pages-browser)/./src/components/repo/RepoConnector.tsx:141
    React 3
    RepoConnector webpack-internal:///(app-pages-browser)/./src/components/repo/RepoConnector.tsx:140
    React 57
page.js line 2256 > eval:20:30
Uncaught TypeError: can't access property "path", importedUserStyles[i] is null
    IframeDecorator webpack-internal:///(app-pages-browser)/./src/lib/IframeDecorator.tsx:20
    srcDocData webpack-internal:///(app-pages-browser)/./src/components/repo/RepoConnector.tsx:141
    React 3
    RepoConnector webpack-internal:///(app-pages-browser)/./src/components/repo/RepoConnector.tsx:140
    React 57
page.js line 2256 > eval:20:30
Uncaught TypeError: can't access property "path", importedUserStyles[i] is null
    IframeDecorator webpack-internal:///(app-pages-browser)/./src/lib/IframeDecorator.tsx:20
    srcDocData webpack-internal:///(app-pages-browser)/./src/components/repo/RepoConnector.tsx:141
    React 3
    RepoConnector webpack-internal:///(app-pages-browser)/./src/components/repo/RepoConnector.tsx:140
    React 57
page.js line 2256 > eval:20:30
🚀🚀🚀 now: 1724376211411 RepoConnector.tsx:30:10
🚀🚀🚀 now: 1724376211477 RepoConnector.tsx:30:10
Uncaught TypeError: can't access property "path", importedUserStyles[i] is null
    IframeDecorator webpack-internal:///(app-pages-browser)/./src/lib/IframeDecorator.tsx:20
    srcDocData webpack-internal:///(app-pages-browser)/./src/components/repo/RepoConnector.tsx:141
    React 3
    RepoConnector webpack-internal:///(app-pages-browser)/./src/components/repo/RepoConnector.tsx:140
    React 2
page.js line 2256 > eval:20:30
Uncaught TypeError: can't access property "path", importedUserStyles[i] is null
    IframeDecorator webpack-internal:///(app-pages-browser)/./src/lib/IframeDecorator.tsx:20
    srcDocData webpack-internal:///(app-pages-browser)/./src/components/repo/RepoConnector.tsx:141
    React 3
    RepoConnector webpack-internal:///(app-pages-browser)/./src/components/repo/RepoConnector.tsx:140
    React 2
page.js line 2256 > eval:20:30
Uncaught TypeError: can't access property "path", importedUserStyles[i] is null
    IframeDecorator webpack-internal:///(app-pages-browser)/./src/lib/IframeDecorator.tsx:20
    srcDocData webpack-internal:///(app-pages-browser)/./src/components/repo/RepoConnector.tsx:141
    React 3
    RepoConnector webpack-internal:///(app-pages-browser)/./src/components/repo/RepoConnector.tsx:140
    React 2
page.js line 2256 > eval:20:30
Uncaught TypeError: can't access property "path", importedUserStyles[i] is null
    IframeDecorator webpack-internal:///(app-pages-browser)/./src/lib/IframeDecorator.tsx:20
    srcDocData webpack-internal:///(app-pages-browser)/./src/components/repo/RepoConnector.tsx:141
    React 3
    RepoConnector webpack-internal:///(app-pages-browser)/./src/components/repo/RepoConnector.tsx:140
    React 2
page.js line 2256 > eval:20:30
🚀🚀🚀 now: 1724376211564 RepoConnector.tsx:30:10
🚀🚀🚀 now: 1724376211641 RepoConnector.tsx:30:10
Uncaught TypeError: can't access property "path", importedUserStyles[i] is null
    IframeDecorator webpack-internal:///(app-pages-browser)/./src/lib/IframeDecorator.tsx:20
    srcDocData webpack-internal:///(app-pages-browser)/./src/components/repo/RepoConnector.tsx:141
    React 3
    RepoConnector webpack-internal:///(app-pages-browser)/./src/components/repo/RepoConnector.tsx:140
    React 48
page.js line 2256 > eval:20:30
Uncaught TypeError: can't access property "path", importedUserStyles[i] is null
    IframeDecorator webpack-internal:///(app-pages-browser)/./src/lib/IframeDecorator.tsx:20
    srcDocData webpack-internal:///(app-pages-browser)/./src/components/repo/RepoConnector.tsx:141
    React 3
    RepoConnector webpack-internal:///(app-pages-browser)/./src/components/repo/RepoConnector.tsx:140
    React 45
page.js line 2256 > eval:20:30
Uncaught TypeError: can't access property "path", importedUserStyles[i] is null
    IframeDecorator webpack-internal:///(app-pages-browser)/./src/lib/IframeDecorator.tsx:20
    srcDocData webpack-internal:///(app-pages-browser)/./src/components/repo/RepoConnector.tsx:141
    React 3
    RepoConnector webpack-internal:///(app-pages-browser)/./src/components/repo/RepoConnector.tsx:140
    React 45
page.js line 2256 > eval:20:30
Uncaught TypeError: can't access property "path", importedUserStyles[i] is null
    IframeDecorator webpack-internal:///(app-pages-browser)/./src/lib/IframeDecorator.tsx:20
    srcDocData webpack-internal:///(app-pages-browser)/./src/components/repo/RepoConnector.tsx:141
    React 3
    RepoConnector webpack-internal:///(app-pages-browser)/./src/components/repo/RepoConnector.tsx:140
    React 45
page.js line 2256 > eval:20:30
🚀🚀🚀 now: 1724376211749 RepoConnector.tsx:30:10
🚀🚀🚀 now: 1724376211815 RepoConnector.tsx:30:10
Uncaught TypeError: can't access property "path", importedUserStyles[i] is null
    IframeDecorator webpack-internal:///(app-pages-browser)/./src/lib/IframeDecorator.tsx:20
    srcDocData webpack-internal:///(app-pages-browser)/./src/components/repo/RepoConnector.tsx:141
    React 3
    RepoConnector webpack-internal:///(app-pages-browser)/./src/components/repo/RepoConnector.tsx:140
    React 60
page.js line 2256 > eval:20:30
Uncaught TypeError: can't access property "path", importedUserStyles[i] is null
    IframeDecorator webpack-internal:///(app-pages-browser)/./src/lib/IframeDecorator.tsx:20
    srcDocData webpack-internal:///(app-pages-browser)/./src/components/repo/RepoConnector.tsx:141
    React 3
    RepoConnector webpack-internal:///(app-pages-browser)/./src/components/repo/RepoConnector.tsx:140
    React 57
page.js line 2256 > eval:20:30
Uncaught TypeError: can't access property "path", importedUserStyles[i] is null
    IframeDecorator webpack-internal:///(app-pages-browser)/./src/lib/IframeDecorator.tsx:20
    srcDocData webpack-internal:///(app-pages-browser)/./src/components/repo/RepoConnector.tsx:141
    React 3
    RepoConnector webpack-internal:///(app-pages-browser)/./src/components/repo/RepoConnector.tsx:140
    React 57
page.js line 2256 > eval:20:30
Uncaught TypeError: can't access property "path", importedUserStyles[i] is null
    IframeDecorator webpack-internal:///(app-pages-browser)/./src/lib/IframeDecorator.tsx:20
    srcDocData webpack-internal:///(app-pages-browser)/./src/components/repo/RepoConnector.tsx:141
    React 3
    RepoConnector webpack-internal:///(app-pages-browser)/./src/components/repo/RepoConnector.tsx:140
    React 57
page.js line 2256 > eval:20:30
🚀🚀🚀 now: 1724376211893 RepoConnector.tsx:30:10
🚀🚀🚀 now: 1724376211960 RepoConnector.tsx:30:10
Uncaught TypeError: can't access property "path", importedUserStyles[i] is null
    IframeDecorator webpack-internal:///(app-pages-browser)/./src/lib/IframeDecorator.tsx:20
    srcDocData webpack-internal:///(app-pages-browser)/./src/components/repo/RepoConnector.tsx:141
    React 3
    RepoConnector webpack-internal:///(app-pages-browser)/./src/components/repo/RepoConnector.tsx:140
    React 2
page.js line 2256 > eval:20:30
Uncaught TypeError: can't access property "path", importedUserStyles[i] is null
    IframeDecorator webpack-internal:///(app-pages-browser)/./src/lib/IframeDecorator.tsx:20
    srcDocData webpack-internal:///(app-pages-browser)/./src/components/repo/RepoConnector.tsx:141
    React 3
    RepoConnector webpack-internal:///(app-pages-browser)/./src/components/repo/RepoConnector.tsx:140
    React 2
page.js line 2256 > eval:20:30
Uncaught TypeError: can't access property "path", importedUserStyles[i] is null
    IframeDecorator webpack-internal:///(app-pages-browser)/./src/lib/IframeDecorator.tsx:20
    srcDocData webpack-internal:///(app-pages-browser)/./src/components/repo/RepoConnector.tsx:141
    React 3
    RepoConnector webpack-internal:///(app-pages-browser)/./src/components/repo/RepoConnector.tsx:140
    React 2
page.js line 2256 > eval:20:30
Uncaught TypeError: can't access property "path", importedUserStyles[i] is null
    IframeDecorator webpack-internal:///(app-pages-browser)/./src/lib/IframeDecorator.tsx:20
    srcDocData webpack-internal:///(app-pages-browser)/./src/components/repo/RepoConnector.tsx:141
    React 3
    RepoConnector webpack-internal:///(app-pages-browser)/./src/components/repo/RepoConnector.tsx:140
    React 2
page.js line 2256 > eval:20:30
🚀🚀🚀 now: 1724376212052 RepoConnector.tsx:30:10
🚀🚀🚀 now: 1724376212176 RepoConnector.tsx:30:10
Uncaught TypeError: can't access property "path", importedUserStyles[i] is null
    IframeDecorator webpack-internal:///(app-pages-browser)/./src/lib/IframeDecorator.tsx:20
    srcDocData webpack-internal:///(app-pages-browser)/./src/components/repo/RepoConnector.tsx:141
    React 3
    RepoConnector webpack-internal:///(app-pages-browser)/./src/components/repo/RepoConnector.tsx:140
    React 48
page.js line 2256 > eval:20:30
Uncaught TypeError: can't access property "path", importedUserStyles[i] is null
    IframeDecorator webpack-internal:///(app-pages-browser)/./src/lib/IframeDecorator.tsx:20
    srcDocData webpack-internal:///(app-pages-browser)/./src/components/repo/RepoConnector.tsx:141
    React 3
    RepoConnector webpack-internal:///(app-pages-browser)/./src/components/repo/RepoConnector.tsx:140
    React 45
page.js line 2256 > eval:20:30
Uncaught TypeError: can't access property "path", importedUserStyles[i] is null
    IframeDecorator webpack-internal:///(app-pages-browser)/./src/lib/IframeDecorator.tsx:20
    srcDocData webpack-internal:///(app-pages-browser)/./src/components/repo/RepoConnector.tsx:141
    React 3
    RepoConnector webpack-internal:///(app-pages-browser)/./src/components/repo/RepoConnector.tsx:140
    React 45
page.js line 2256 > eval:20:30
Uncaught TypeError: can't access property "path", importedUserStyles[i] is null
    IframeDecorator webpack-internal:///(app-pages-browser)/./src/lib/IframeDecorator.tsx:20
    srcDocData webpack-internal:///(app-pages-browser)/./src/components/repo/RepoConnector.tsx:141
    React 3
    RepoConnector webpack-internal:///(app-pages-browser)/./src/components/repo/RepoConnector.tsx:140
    React 45
page.js line 2256 > eval:20:30
🚀🚀🚀 now: 1724376212326 RepoConnector.tsx:30:10
🚀🚀🚀 now: 1724376212426 RepoConnector.tsx:30:10
Uncaught TypeError: can't access property "path", importedUserStyles[i] is null
    IframeDecorator webpack-internal:///(app-pages-browser)/./src/lib/IframeDecorator.tsx:20
    srcDocData webpack-internal:///(app-pages-browser)/./src/components/repo/RepoConnector.tsx:141
    React 3
    RepoConnector webpack-internal:///(app-pages-browser)/./src/components/repo/RepoConnector.tsx:140
    React 60
page.js line 2256 > eval:20:30
Uncaught TypeError: can't access property "path", importedUserStyles[i] is null
    IframeDecorator webpack-internal:///(app-pages-browser)/./src/lib/IframeDecorator.tsx:20
    srcDocData webpack-internal:///(app-pages-browser)/./src/components/repo/RepoConnector.tsx:141
    React 3
    RepoConnector webpack-internal:///(app-pages-browser)/./src/components/repo/RepoConnector.tsx:140
    React 57
page.js line 2256 > eval:20:30
Uncaught TypeError: can't access property "path", importedUserStyles[i] is null
    IframeDecorator webpack-internal:///(app-pages-browser)/./src/lib/IframeDecorator.tsx:20
    srcDocData webpack-internal:///(app-pages-browser)/./src/components/repo/RepoConnector.tsx:141
    React 3
    RepoConnector webpack-internal:///(app-pages-browser)/./src/components/repo/RepoConnector.tsx:140
    React 57
page.js line 2256 > eval:20:30
Uncaught TypeError: can't access property "path", importedUserStyles[i] is null
    IframeDecorator webpack-internal:///(app-pages-browser)/./src/lib/IframeDecorator.tsx:20
    srcDocData webpack-internal:///(app-pages-browser)/./src/components/repo/RepoConnector.tsx:141
    React 3
    RepoConnector webpack-internal:///(app-pages-browser)/./src/components/repo/RepoConnector.tsx:140
    React 57
page.js line 2256 > eval:20:30
🚀🚀🚀 now: 1724376212526 RepoConnector.tsx:30:10
🚀🚀🚀 now: 1724376212610 RepoConnector.tsx:30:10
Uncaught TypeError: can't access property "path", importedUserStyles[i] is null
    IframeDecorator webpack-internal:///(app-pages-browser)/./src/lib/IframeDecorator.tsx:20
    srcDocData webpack-internal:///(app-pages-browser)/./src/components/repo/RepoConnector.tsx:141
    React 3
    RepoConnector webpack-internal:///(app-pages-browser)/./src/components/repo/RepoConnector.tsx:140
    React 2
page.js line 2256 > eval:20:30
Uncaught TypeError: can't access property "path", importedUserStyles[i] is null
    IframeDecorator webpack-internal:///(app-pages-browser)/./src/lib/IframeDecorator.tsx:20
    srcDocData webpack-internal:///(app-pages-browser)/./src/components/repo/RepoConnector.tsx:141
    React 3
    RepoConnector webpack-internal:///(app-pages-browser)/./src/components/repo/RepoConnector.tsx:140
    React 2
page.js line 2256 > eval:20:30
Uncaught TypeError: can't access property "path", importedUserStyles[i] is null
    IframeDecorator webpack-internal:///(app-pages-browser)/./src/lib/IframeDecorator.tsx:20
    srcDocData webpack-internal:///(app-pages-browser)/./src/components/repo/RepoConnector.tsx:141
    React 3
    RepoConnector webpack-internal:///(app-pages-browser)/./src/components/repo/RepoConnector.tsx:140
    React 2
page.js line 2256 > eval:20:30
Uncaught TypeError: can't access property "path", importedUserStyles[i] is null
    IframeDecorator webpack-internal:///(app-pages-browser)/./src/lib/IframeDecorator.tsx:20
    srcDocData webpack-internal:///(app-pages-browser)/./src/components/repo/RepoConnector.tsx:141
    React 3
    RepoConnector webpack-internal:///(app-pages-browser)/./src/components/repo/RepoConnector.tsx:140
    React 2
page.js line 2256 > eval:20:30
🚀🚀🚀 now: 1724376212699 RepoConnector.tsx:30:10
🚀🚀🚀 now: 1724376212779 RepoConnector.tsx:30:10
Uncaught TypeError: can't access property "path", importedUserStyles[i] is null
    IframeDecorator webpack-internal:///(app-pages-browser)/./src/lib/IframeDecorator.tsx:20
    srcDocData webpack-internal:///(app-pages-browser)/./src/components/repo/RepoConnector.tsx:141
    React 3
    RepoConnector webpack-internal:///(app-pages-browser)/./src/components/repo/RepoConnector.tsx:140
    React 48
page.js line 2256 > eval:20:30
Uncaught TypeError: can't access property "path", importedUserStyles[i] is null
    IframeDecorator webpack-internal:///(app-pages-browser)/./src/lib/IframeDecorator.tsx:20
    srcDocData webpack-internal:///(app-pages-browser)/./src/components/repo/RepoConnector.tsx:141
    React 3
    RepoConnector webpack-internal:///(app-pages-browser)/./src/components/repo/RepoConnector.tsx:140
    React 45
page.js line 2256 > eval:20:30
Uncaught TypeError: can't access property "path", importedUserStyles[i] is null
    IframeDecorator webpack-internal:///(app-pages-browser)/./src/lib/IframeDecorator.tsx:20
    srcDocData webpack-internal:///(app-pages-browser)/./src/components/repo/RepoConnector.tsx:141
    React 3
    RepoConnector webpack-internal:///(app-pages-browser)/./src/components/repo/RepoConnector.tsx:140
    React 45
page.js line 2256 > eval:20:30
Uncaught TypeError: can't access property "path", importedUserStyles[i] is null
    IframeDecorator webpack-internal:///(app-pages-browser)/./src/lib/IframeDecorator.tsx:20
    srcDocData webpack-internal:///(app-pages-browser)/./src/components/repo/RepoConnector.tsx:141
    React 3
    RepoConnector webpack-internal:///(app-pages-browser)/./src/components/repo/RepoConnector.tsx:140
    React 45
page.js line 2256 > eval:20:30
🚀🚀🚀 now: 1724376212860 RepoConnector.tsx:30:10
🚀🚀🚀 now: 1724376212949 RepoConnector.tsx:30:10
Uncaught TypeError: can't access property "path", importedUserStyles[i] is null
    IframeDecorator webpack-internal:///(app-pages-browser)/./src/lib/IframeDecorator.tsx:20
    srcDocData webpack-internal:///(app-pages-browser)/./src/components/repo/RepoConnector.tsx:141
    React 3
    RepoConnector webpack-internal:///(app-pages-browser)/./src/components/repo/RepoConnector.tsx:140
    React 60
page.js line 2256 > eval:20:30
Uncaught TypeError: can't access property "path", importedUserStyles[i] is null
    IframeDecorator webpack-internal:///(app-pages-browser)/./src/lib/IframeDecorator.tsx:20
    srcDocData webpack-internal:///(app-pages-browser)/./src/components/repo/RepoConnector.tsx:141
    React 3
    RepoConnector webpack-internal:///(app-pages-browser)/./src/components/repo/RepoConnector.tsx:140
    React 57
page.js line 2256 > eval:20:30
Uncaught TypeError: can't access property "path", importedUserStyles[i] is null
    IframeDecorator webpack-internal:///(app-pages-browser)/./src/lib/IframeDecorator.tsx:20
    srcDocData webpack-internal:///(app-pages-browser)/./src/components/repo/RepoConnector.tsx:141
    React 3
    RepoConnector webpack-internal:///(app-pages-browser)/./src/components/repo/RepoConnector.tsx:140
    React 57
page.js line 2256 > eval:20:30
Uncaught TypeError: can't access property "path", importedUserStyles[i] is null
    IframeDecorator webpack-internal:///(app-pages-browser)/./src/lib/IframeDecorator.tsx:20
    srcDocData webpack-internal:///(app-pages-browser)/./src/components/repo/RepoConnector.tsx:141
    React 3
    RepoConnector webpack-internal:///(app-pages-browser)/./src/components/repo/RepoConnector.tsx:140
    React 57
page.js line 2256 > eval:20:30
🚀🚀🚀 now: 1724376213043 RepoConnector.tsx:30:10
🚀🚀🚀 now: 1724376213145 RepoConnector.tsx:30:10
Uncaught TypeError: can't access property "path", importedUserStyles[i] is null
    IframeDecorator webpack-internal:///(app-pages-browser)/./src/lib/IframeDecorator.tsx:20
    srcDocData webpack-internal:///(app-pages-browser)/./src/components/repo/RepoConnector.tsx:141
    React 3
    RepoConnector webpack-internal:///(app-pages-browser)/./src/components/repo/RepoConnector.tsx:140
    React 2
page.js line 2256 > eval:20:30
Uncaught TypeError: can't access property "path", importedUserStyles[i] is null
    IframeDecorator webpack-internal:///(app-pages-browser)/./src/lib/IframeDecorator.tsx:20
    srcDocData webpack-internal:///(app-pages-browser)/./src/components/repo/RepoConnector.tsx:141
    React 3
    RepoConnector webpack-internal:///(app-pages-browser)/./src/components/repo/RepoConnector.tsx:140
    React 2
page.js line 2256 > eval:20:30
Uncaught TypeError: can't access property "path", importedUserStyles[i] is null
    IframeDecorator webpack-internal:///(app-pages-browser)/./src/lib/IframeDecorator.tsx:20
    srcDocData webpack-internal:///(app-pages-browser)/./src/components/repo/RepoConnector.tsx:141
    React 3
    RepoConnector webpack-internal:///(app-pages-browser)/./src/components/repo/RepoConnector.tsx:140
    React 2
page.js line 2256 > eval:20:30
Uncaught TypeError: can't access property "path", importedUserStyles[i] is null
    IframeDecorator webpack-internal:///(app-pages-browser)/./src/lib/IframeDecorator.tsx:20
    srcDocData webpack-internal:///(app-pages-browser)/./src/components/repo/RepoConnector.tsx:141
    React 3
    RepoConnector webpack-internal:///(app-pages-browser)/./src/components/repo/RepoConnector.tsx:140
    React 2
page.js line 2256 > eval:20:30
🚀🚀🚀 now: 1724376213242 RepoConnector.tsx:30:10
🚀🚀🚀 now: 1724376213339 RepoConnector.tsx:30:10
Uncaught TypeError: can't access property "path", importedUserStyles[i] is null
    IframeDecorator webpack-internal:///(app-pages-browser)/./src/lib/IframeDecorator.tsx:20
    srcDocData webpack-internal:///(app-pages-browser)/./src/components/repo/RepoConnector.tsx:141
    React 3
    RepoConnector webpack-internal:///(app-pages-browser)/./src/components/repo/RepoConnector.tsx:140
    React 48
page.js line 2256 > eval:20:30
Uncaught TypeError: can't access property "path", importedUserStyles[i] is null
    IframeDecorator webpack-internal:///(app-pages-browser)/./src/lib/IframeDecorator.tsx:20
    srcDocData webpack-internal:///(app-pages-browser)/./src/components/repo/RepoConnector.tsx:141
    React 3
    RepoConnector webpack-internal:///(app-pages-browser)/./src/components/repo/RepoConnector.tsx:140
    React 45
page.js line 2256 > eval:20:30
Uncaught TypeError: can't access property "path", importedUserStyles[i] is null
    IframeDecorator webpack-internal:///(app-pages-browser)/./src/lib/IframeDecorator.tsx:20
    srcDocData webpack-internal:///(app-pages-browser)/./src/components/repo/RepoConnector.tsx:141
    React 3
    RepoConnector webpack-internal:///(app-pages-browser)/./src/components/repo/RepoConnector.tsx:140
    React 45
page.js line 2256 > eval:20:30
Uncaught TypeError: can't access property "path", importedUserStyles[i] is null
    IframeDecorator webpack-internal:///(app-pages-browser)/./src/lib/IframeDecorator.tsx:20
    srcDocData webpack-internal:///(app-pages-browser)/./src/components/repo/RepoConnector.tsx:141
    React 3
    RepoConnector webpack-internal:///(app-pages-browser)/./src/components/repo/RepoConnector.tsx:140
    React 45
page.js line 2256 > eval:20:30
🚀🚀🚀 now: 1724376213467 RepoConnector.tsx:30:10
🚀🚀🚀 now: 1724376213559 RepoConnector.tsx:30:10
Uncaught TypeError: can't access property "path", importedUserStyles[i] is null
    IframeDecorator webpack-internal:///(app-pages-browser)/./src/lib/IframeDecorator.tsx:20
    srcDocData webpack-internal:///(app-pages-browser)/./src/components/repo/RepoConnector.tsx:141
    React 3
    RepoConnector webpack-internal:///(app-pages-browser)/./src/components/repo/RepoConnector.tsx:140
    React 60
page.js line 2256 > eval:20:30
Uncaught TypeError: can't access property "path", importedUserStyles[i] is null
    IframeDecorator webpack-internal:///(app-pages-browser)/./src/lib/IframeDecorator.tsx:20
    srcDocData webpack-internal:///(app-pages-browser)/./src/components/repo/RepoConnector.tsx:141
    React 3
    RepoConnector webpack-internal:///(app-pages-browser)/./src/components/repo/RepoConnector.tsx:140
    React 57
page.js line 2256 > eval:20:30
Uncaught TypeError: can't access property "path", importedUserStyles[i] is null
    IframeDecorator webpack-internal:///(app-pages-browser)/./src/lib/IframeDecorator.tsx:20
    srcDocData webpack-internal:///(app-pages-browser)/./src/components/repo/RepoConnector.tsx:141
    React 3
    RepoConnector webpack-internal:///(app-pages-browser)/./src/components/repo/RepoConnector.tsx:140
    React 57
page.js line 2256 > eval:20:30
Uncaught TypeError: can't access property "path", importedUserStyles[i] is null
    IframeDecorator webpack-internal:///(app-pages-browser)/./src/lib/IframeDecorator.tsx:20
    srcDocData webpack-internal:///(app-pages-browser)/./src/components/repo/RepoConnector.tsx:141
    React 3
    RepoConnector webpack-internal:///(app-pages-browser)/./src/components/repo/RepoConnector.tsx:140
    React 57
page.js line 2256 > eval:20:30
🚀🚀🚀 now: 1724376213672 RepoConnector.tsx:30:10
🚀🚀🚀 now: 1724376213776 RepoConnector.tsx:30:10
Uncaught TypeError: can't access property "path", importedUserStyles[i] is null
    IframeDecorator webpack-internal:///(app-pages-browser)/./src/lib/IframeDecorator.tsx:20
    srcDocData webpack-internal:///(app-pages-browser)/./src/components/repo/RepoConnector.tsx:141
    React 3
    RepoConnector webpack-internal:///(app-pages-browser)/./src/components/repo/RepoConnector.tsx:140
    React 2
page.js line 2256 > eval:20:30
Uncaught TypeError: can't access property "path", importedUserStyles[i] is null
    IframeDecorator webpack-internal:///(app-pages-browser)/./src/lib/IframeDecorator.tsx:20
    srcDocData webpack-internal:///(app-pages-browser)/./src/components/repo/RepoConnector.tsx:141
    React 3
    RepoConnector webpack-internal:///(app-pages-browser)/./src/components/repo/RepoConnector.tsx:140
    React 2
page.js line 2256 > eval:20:30
Uncaught TypeError: can't access property "path", importedUserStyles[i] is null
    IframeDecorator webpack-internal:///(app-pages-browser)/./src/lib/IframeDecorator.tsx:20
    srcDocData webpack-internal:///(app-pages-browser)/./src/components/repo/RepoConnector.tsx:141
    React 3
    RepoConnector webpack-internal:///(app-pages-browser)/./src/components/repo/RepoConnector.tsx:140
    React 2
page.js line 2256 > eval:20:30
Uncaught TypeError: can't access property "path", importedUserStyles[i] is null
    IframeDecorator webpack-internal:///(app-pages-browser)/./src/lib/IframeDecorator.tsx:20
    srcDocData webpack-internal:///(app-pages-browser)/./src/components/repo/RepoConnector.tsx:141
    React 3
    RepoConnector webpack-internal:///(app-pages-browser)/./src/components/repo/RepoConnector.tsx:140
    React 2
page.js line 2256 > eval:20:30
🚀🚀🚀 now: 1724376213886 RepoConnector.tsx:30:10
🚀🚀🚀 now: 1724376213958 RepoConnector.tsx:30:10
Uncaught TypeError: can't access property "path", importedUserStyles[i] is null
    IframeDecorator webpack-internal:///(app-pages-browser)/./src/lib/IframeDecorator.tsx:20
    srcDocData webpack-internal:///(app-pages-browser)/./src/components/repo/RepoConnector.tsx:141
    React 3
    RepoConnector webpack-internal:///(app-pages-browser)/./src/components/repo/RepoConnector.tsx:140
    React 48
page.js line 2256 > eval:20:30
Uncaught TypeError: can't access property "path", importedUserStyles[i] is null
    IframeDecorator webpack-internal:///(app-pages-browser)/./src/lib/IframeDecorator.tsx:20
    srcDocData webpack-internal:///(app-pages-browser)/./src/components/repo/RepoConnector.tsx:141
    React 3
    RepoConnector webpack-internal:///(app-pages-browser)/./src/components/repo/RepoConnector.tsx:140
    React 45
page.js line 2256 > eval:20:30
Uncaught TypeError: can't access property "path", importedUserStyles[i] is null
    IframeDecorator webpack-internal:///(app-pages-browser)/./src/lib/IframeDecorator.tsx:20
    srcDocData webpack-internal:///(app-pages-browser)/./src/components/repo/RepoConnector.tsx:141
    React 3
    RepoConnector webpack-internal:///(app-pages-browser)/./src/components/repo/RepoConnector.tsx:140
    React 45
page.js line 2256 > eval:20:30
Uncaught TypeError: can't access property "path", importedUserStyles[i] is null
    IframeDecorator webpack-internal:///(app-pages-browser)/./src/lib/IframeDecorator.tsx:20
    srcDocData webpack-internal:///(app-pages-browser)/./src/components/repo/RepoConnector.tsx:141
    React 3
    RepoConnector webpack-internal:///(app-pages-browser)/./src/components/repo/RepoConnector.tsx:140
    React 45
page.js line 2256 > eval:20:30
🚀🚀🚀 now: 1724376214047 RepoConnector.tsx:30:10
🚀🚀🚀 now: 1724376214137 RepoConnector.tsx:30:10
Uncaught TypeError: can't access property "path", importedUserStyles[i] is null
    IframeDecorator webpack-internal:///(app-pages-browser)/./src/lib/IframeDecorator.tsx:20
    srcDocData webpack-internal:///(app-pages-browser)/./src/components/repo/RepoConnector.tsx:141
    React 3
    RepoConnector webpack-internal:///(app-pages-browser)/./src/components/repo/RepoConnector.tsx:140
    React 60
page.js line 2256 > eval:20:30
Uncaught TypeError: can't access property "path", importedUserStyles[i] is null
    IframeDecorator webpack-internal:///(app-pages-browser)/./src/lib/IframeDecorator.tsx:20
    srcDocData webpack-internal:///(app-pages-browser)/./src/components/repo/RepoConnector.tsx:141
    React 3
    RepoConnector webpack-internal:///(app-pages-browser)/./src/components/repo/RepoConnector.tsx:140
    React 57
page.js line 2256 > eval:20:30
Uncaught TypeError: can't access property "path", importedUserStyles[i] is null
    IframeDecorator webpack-internal:///(app-pages-browser)/./src/lib/IframeDecorator.tsx:20
    srcDocData webpack-internal:///(app-pages-browser)/./src/components/repo/RepoConnector.tsx:141
    React 3
    RepoConnector webpack-internal:///(app-pages-browser)/./src/components/repo/RepoConnector.tsx:140
    React 57
page.js line 2256 > eval:20:30
Uncaught TypeError: can't access property "path", importedUserStyles[i] is null
    IframeDecorator webpack-internal:///(app-pages-browser)/./src/lib/IframeDecorator.tsx:20
    srcDocData webpack-internal:///(app-pages-browser)/./src/components/repo/RepoConnector.tsx:141
    React 3
    RepoConnector webpack-internal:///(app-pages-browser)/./src/components/repo/RepoConnector.tsx:140
    React 57
page.js line 2256 > eval:20:30
🚀🚀🚀 now: 1724376214225 RepoConnector.tsx:30:10
🚀🚀🚀 now: 1724376214301 RepoConnector.tsx:30:10
Uncaught TypeError: can't access property "path", importedUserStyles[i] is null
    IframeDecorator webpack-internal:///(app-pages-browser)/./src/lib/IframeDecorator.tsx:20
    srcDocData webpack-internal:///(app-pages-browser)/./src/components/repo/RepoConnector.tsx:141
    React 3
    RepoConnector webpack-internal:///(app-pages-browser)/./src/components/repo/RepoConnector.tsx:140
    React 2
page.js line 2256 > eval:20:30
Uncaught TypeError: can't access property "path", importedUserStyles[i] is null
    IframeDecorator webpack-internal:///(app-pages-browser)/./src/lib/IframeDecorator.tsx:20
    srcDocData webpack-internal:///(app-pages-browser)/./src/components/repo/RepoConnector.tsx:141
    React 3
    RepoConnector webpack-internal:///(app-pages-browser)/./src/components/repo/RepoConnector.tsx:140
    React 2
page.js line 2256 > eval:20:30
Uncaught TypeError: can't access property "path", importedUserStyles[i] is null
    IframeDecorator webpack-internal:///(app-pages-browser)/./src/lib/IframeDecorator.tsx:20
    srcDocData webpack-internal:///(app-pages-browser)/./src/components/repo/RepoConnector.tsx:141
    React 3
    RepoConnector webpack-internal:///(app-pages-browser)/./src/components/repo/RepoConnector.tsx:140
    React 2
page.js line 2256 > eval:20:30
Uncaught TypeError: can't access property "path", importedUserStyles[i] is null
    IframeDecorator webpack-internal:///(app-pages-browser)/./src/lib/IframeDecorator.tsx:20
    srcDocData webpack-internal:///(app-pages-browser)/./src/components/repo/RepoConnector.tsx:141
    React 3
    RepoConnector webpack-internal:///(app-pages-browser)/./src/components/repo/RepoConnector.tsx:140
    React 2
page.js line 2256 > eval:20:30
🚀🚀🚀 now: 1724376214394 RepoConnector.tsx:30:10
🚀🚀🚀 now: 1724376214476 RepoConnector.tsx:30:10
Uncaught TypeError: can't access property "path", importedUserStyles[i] is null
    IframeDecorator webpack-internal:///(app-pages-browser)/./src/lib/IframeDecorator.tsx:20
    srcDocData webpack-internal:///(app-pages-browser)/./src/components/repo/RepoConnector.tsx:141
    React 3
    RepoConnector webpack-internal:///(app-pages-browser)/./src/components/repo/RepoConnector.tsx:140
    React 48
page.js line 2256 > eval:20:30
Uncaught TypeError: can't access property "path", importedUserStyles[i] is null
    IframeDecorator webpack-internal:///(app-pages-browser)/./src/lib/IframeDecorator.tsx:20
    srcDocData webpack-internal:///(app-pages-browser)/./src/components/repo/RepoConnector.tsx:141
    React 3
    RepoConnector webpack-internal:///(app-pages-browser)/./src/components/repo/RepoConnector.tsx:140
    React 45
page.js line 2256 > eval:20:30
Uncaught TypeError: can't access property "path", importedUserStyles[i] is null
    IframeDecorator webpack-internal:///(app-pages-browser)/./src/lib/IframeDecorator.tsx:20
    srcDocData webpack-internal:///(app-pages-browser)/./src/components/repo/RepoConnector.tsx:141
    React 3
    RepoConnector webpack-internal:///(app-pages-browser)/./src/components/repo/RepoConnector.tsx:140
    React 45
page.js line 2256 > eval:20:30
Uncaught TypeError: can't access property "path", importedUserStyles[i] is null
    IframeDecorator webpack-internal:///(app-pages-browser)/./src/lib/IframeDecorator.tsx:20
    srcDocData webpack-internal:///(app-pages-browser)/./src/components/repo/RepoConnector.tsx:141
    React 3
    RepoConnector webpack-internal:///(app-pages-browser)/./src/components/repo/RepoConnector.tsx:140
    React 45
page.js line 2256 > eval:20:30
🚀🚀🚀 now: 1724376214563 RepoConnector.tsx:30:10
🚀🚀🚀 now: 1724376214638 RepoConnector.tsx:30:10
Uncaught TypeError: can't access property "path", importedUserStyles[i] is null
    IframeDecorator webpack-internal:///(app-pages-browser)/./src/lib/IframeDecorator.tsx:20
    srcDocData webpack-internal:///(app-pages-browser)/./src/components/repo/RepoConnector.tsx:141
    React 3
    RepoConnector webpack-internal:///(app-pages-browser)/./src/components/repo/RepoConnector.tsx:140
    React 60
page.js line 2256 > eval:20:30
Uncaught TypeError: can't access property "path", importedUserStyles[i] is null
    IframeDecorator webpack-internal:///(app-pages-browser)/./src/lib/IframeDecorator.tsx:20
    srcDocData webpack-internal:///(app-pages-browser)/./src/components/repo/RepoConnector.tsx:141
    React 3
    RepoConnector webpack-internal:///(app-pages-browser)/./src/components/repo/RepoConnector.tsx:140
    React 57
page.js line 2256 > eval:20:30
Uncaught TypeError: can't access property "path", importedUserStyles[i] is null
    IframeDecorator webpack-internal:///(app-pages-browser)/./src/lib/IframeDecorator.tsx:20
    srcDocData webpack-internal:///(app-pages-browser)/./src/components/repo/RepoConnector.tsx:141
    React 3
    RepoConnector webpack-internal:///(app-pages-browser)/./src/components/repo/RepoConnector.tsx:140
    React 57
page.js line 2256 > eval:20:30
Uncaught TypeError: can't access property "path", importedUserStyles[i] is null
    IframeDecorator webpack-internal:///(app-pages-browser)/./src/lib/IframeDecorator.tsx:20
    srcDocData webpack-internal:///(app-pages-browser)/./src/components/repo/RepoConnector.tsx:141
    React 3
    RepoConnector webpack-internal:///(app-pages-browser)/./src/components/repo/RepoConnector.tsx:140
    React 57
page.js line 2256 > eval:20:30
🚀🚀🚀 now: 1724376214726 RepoConnector.tsx:30:10
🚀🚀🚀 now: 1724376214812 RepoConnector.tsx:30:10
Uncaught TypeError: can't access property "path", importedUserStyles[i] is null
    IframeDecorator webpack-internal:///(app-pages-browser)/./src/lib/IframeDecorator.tsx:20
    srcDocData webpack-internal:///(app-pages-browser)/./src/components/repo/RepoConnector.tsx:141
    React 3
    RepoConnector webpack-internal:///(app-pages-browser)/./src/components/repo/RepoConnector.tsx:140
    React 2
page.js line 2256 > eval:20:30
Uncaught TypeError: can't access property "path", importedUserStyles[i] is null
    IframeDecorator webpack-internal:///(app-pages-browser)/./src/lib/IframeDecorator.tsx:20
    srcDocData webpack-internal:///(app-pages-browser)/./src/components/repo/RepoConnector.tsx:141
    React 3
    RepoConnector webpack-internal:///(app-pages-browser)/./src/components/repo/RepoConnector.tsx:140
    React 2
page.js line 2256 > eval:20:30
Uncaught TypeError: can't access property "path", importedUserStyles[i] is null
    IframeDecorator webpack-internal:///(app-pages-browser)/./src/lib/IframeDecorator.tsx:20
    srcDocData webpack-internal:///(app-pages-browser)/./src/components/repo/RepoConnector.tsx:141
    React 3
    RepoConnector webpack-internal:///(app-pages-browser)/./src/components/repo/RepoConnector.tsx:140
    React 2
page.js line 2256 > eval:20:30
Uncaught TypeError: can't access property "path", importedUserStyles[i] is null
    IframeDecorator webpack-internal:///(app-pages-browser)/./src/lib/IframeDecorator.tsx:20
    srcDocData webpack-internal:///(app-pages-browser)/./src/components/repo/RepoConnector.tsx:141
    React 3
    RepoConnector webpack-internal:///(app-pages-browser)/./src/components/repo/RepoConnector.tsx:140
    React 2
page.js line 2256 > eval:20:30
🚀🚀🚀 now: 1724376214898 RepoConnector.tsx:30:10
🚀🚀🚀 now: 1724376214981 RepoConnector.tsx:30:10
Uncaught TypeError: can't access property "path", importedUserStyles[i] is null
    IframeDecorator webpack-internal:///(app-pages-browser)/./src/lib/IframeDecorator.tsx:20
    srcDocData webpack-internal:///(app-pages-browser)/./src/components/repo/RepoConnector.tsx:141
    React 3
    RepoConnector webpack-internal:///(app-pages-browser)/./src/components/repo/RepoConnector.tsx:140
    React 48
page.js line 2256 > eval:20:30
Uncaught TypeError: can't access property "path", importedUserStyles[i] is null
    IframeDecorator webpack-internal:///(app-pages-browser)/./src/lib/IframeDecorator.tsx:20
    srcDocData webpack-internal:///(app-pages-browser)/./src/components/repo/RepoConnector.tsx:141
    React 3
    RepoConnector webpack-internal:///(app-pages-browser)/./src/components/repo/RepoConnector.tsx:140
    React 45
page.js line 2256 > eval:20:30
Uncaught TypeError: can't access property "path", importedUserStyles[i] is null
    IframeDecorator webpack-internal:///(app-pages-browser)/./src/lib/IframeDecorator.tsx:20
    srcDocData webpack-internal:///(app-pages-browser)/./src/components/repo/RepoConnector.tsx:141
    React 3
    RepoConnector webpack-internal:///(app-pages-browser)/./src/components/repo/RepoConnector.tsx:140
    React 45
page.js line 2256 > eval:20:30
Uncaught TypeError: can't access property "path", importedUserStyles[i] is null
    IframeDecorator webpack-internal:///(app-pages-browser)/./src/lib/IframeDecorator.tsx:20
    srcDocData webpack-internal:///(app-pages-browser)/./src/components/repo/RepoConnector.tsx:141
    React 3
    RepoConnector webpack-internal:///(app-pages-browser)/./src/components/repo/RepoConnector.tsx:140
    React 45
page.js line 2256 > eval:20:30
🚀🚀🚀 now: 1724376215069 RepoConnector.tsx:30:10
🚀🚀🚀 now: 1724376215168 RepoConnector.tsx:30:10
Uncaught TypeError: can't access property "path", importedUserStyles[i] is null
    IframeDecorator webpack-internal:///(app-pages-browser)/./src/lib/IframeDecorator.tsx:20
    srcDocData webpack-internal:///(app-pages-browser)/./src/components/repo/RepoConnector.tsx:141
    React 3
    RepoConnector webpack-internal:///(app-pages-browser)/./src/components/repo/RepoConnector.tsx:140
    React 60
page.js line 2256 > eval:20:30
Uncaught TypeError: can't access property "path", importedUserStyles[i] is null
    IframeDecorator webpack-internal:///(app-pages-browser)/./src/lib/IframeDecorator.tsx:20
    srcDocData webpack-internal:///(app-pages-browser)/./src/components/repo/RepoConnector.tsx:141
    React 3
    RepoConnector webpack-internal:///(app-pages-browser)/./src/components/repo/RepoConnector.tsx:140
    React 57
page.js line 2256 > eval:20:30
Uncaught TypeError: can't access property "path", importedUserStyles[i] is null
    IframeDecorator webpack-internal:///(app-pages-browser)/./src/lib/IframeDecorator.tsx:20
    srcDocData webpack-internal:///(app-pages-browser)/./src/components/repo/RepoConnector.tsx:141
    React 3
    RepoConnector webpack-internal:///(app-pages-browser)/./src/components/repo/RepoConnector.tsx:140
    React 57
page.js line 2256 > eval:20:30
Uncaught TypeError: can't access property "path", importedUserStyles[i] is null
    IframeDecorator webpack-internal:///(app-pages-browser)/./src/lib/IframeDecorator.tsx:20
    srcDocData webpack-internal:///(app-pages-browser)/./src/components/repo/RepoConnector.tsx:141
    React 3
    RepoConnector webpack-internal:///(app-pages-browser)/./src/components/repo/RepoConnector.tsx:140
    React 57
page.js line 2256 > eval:20:30
🚀🚀🚀 now: 1724376215314 RepoConnector.tsx:30:10
🚀🚀🚀 now: 1724376215409 RepoConnector.tsx:30:10
Uncaught TypeError: can't access property "path", importedUserStyles[i] is null
    IframeDecorator webpack-internal:///(app-pages-browser)/./src/lib/IframeDecorator.tsx:20
    srcDocData webpack-internal:///(app-pages-browser)/./src/components/repo/RepoConnector.tsx:141
    React 3
    RepoConnector webpack-internal:///(app-pages-browser)/./src/components/repo/RepoConnector.tsx:140
    React 2
page.js line 2256 > eval:20:30
Uncaught TypeError: can't access property "path", importedUserStyles[i] is null
    IframeDecorator webpack-internal:///(app-pages-browser)/./src/lib/IframeDecorator.tsx:20
    srcDocData webpack-internal:///(app-pages-browser)/./src/components/repo/RepoConnector.tsx:141
    React 3
    RepoConnector webpack-internal:///(app-pages-browser)/./src/components/repo/RepoConnector.tsx:140
    React 2
page.js line 2256 > eval:20:30
Uncaught TypeError: can't access property "path", importedUserStyles[i] is null
    IframeDecorator webpack-internal:///(app-pages-browser)/./src/lib/IframeDecorator.tsx:20
    srcDocData webpack-internal:///(app-pages-browser)/./src/components/repo/RepoConnector.tsx:141
    React 3
    RepoConnector webpack-internal:///(app-pages-browser)/./src/components/repo/RepoConnector.tsx:140
    React 2
page.js line 2256 > eval:20:30
Uncaught TypeError: can't access property "path", importedUserStyles[i] is null
    IframeDecorator webpack-internal:///(app-pages-browser)/./src/lib/IframeDecorator.tsx:20
    srcDocData webpack-internal:///(app-pages-browser)/./src/components/repo/RepoConnector.tsx:141
    React 3
    RepoConnector webpack-internal:///(app-pages-browser)/./src/components/repo/RepoConnector.tsx:140
    React 2
page.js line 2256 > eval:20:30
🚀🚀🚀 now: 1724376215511 RepoConnector.tsx:30:10
🚀🚀🚀 now: 1724376215598 RepoConnector.tsx:30:10
Uncaught TypeError: can't access property "path", importedUserStyles[i] is null
    IframeDecorator webpack-internal:///(app-pages-browser)/./src/lib/IframeDecorator.tsx:20
    srcDocData webpack-internal:///(app-pages-browser)/./src/components/repo/RepoConnector.tsx:141
    React 3
    RepoConnector webpack-internal:///(app-pages-browser)/./src/components/repo/RepoConnector.tsx:140
    React 48
page.js line 2256 > eval:20:30
Uncaught TypeError: can't access property "path", importedUserStyles[i] is null
    IframeDecorator webpack-internal:///(app-pages-browser)/./src/lib/IframeDecorator.tsx:20
    srcDocData webpack-internal:///(app-pages-browser)/./src/components/repo/RepoConnector.tsx:141
    React 3
    RepoConnector webpack-internal:///(app-pages-browser)/./src/components/repo/RepoConnector.tsx:140
    React 45
page.js line 2256 > eval:20:30
Uncaught TypeError: can't access property "path", importedUserStyles[i] is null
    IframeDecorator webpack-internal:///(app-pages-browser)/./src/lib/IframeDecorator.tsx:20
    srcDocData webpack-internal:///(app-pages-browser)/./src/components/repo/RepoConnector.tsx:141
    React 3
    RepoConnector webpack-internal:///(app-pages-browser)/./src/components/repo/RepoConnector.tsx:140
    React 45
page.js line 2256 > eval:20:30
Uncaught TypeError: can't access property "path", importedUserStyles[i] is null
    IframeDecorator webpack-internal:///(app-pages-browser)/./src/lib/IframeDecorator.tsx:20
    srcDocData webpack-internal:///(app-pages-browser)/./src/components/repo/RepoConnector.tsx:141
    React 3
    RepoConnector webpack-internal:///(app-pages-browser)/./src/components/repo/RepoConnector.tsx:140
    React 45
page.js line 2256 > eval:20:30
🚀🚀🚀 now: 1724376215702 RepoConnector.tsx:30:10
🚀🚀🚀 now: 1724376215790 RepoConnector.tsx:30:10
Uncaught TypeError: can't access property "path", importedUserStyles[i] is null
    IframeDecorator webpack-internal:///(app-pages-browser)/./src/lib/IframeDecorator.tsx:20
    srcDocData webpack-internal:///(app-pages-browser)/./src/components/repo/RepoConnector.tsx:141
    React 3
    RepoConnector webpack-internal:///(app-pages-browser)/./src/components/repo/RepoConnector.tsx:140
    React 60
page.js line 2256 > eval:20:30
Uncaught TypeError: can't access property "path", importedUserStyles[i] is null
    IframeDecorator webpack-internal:///(app-pages-browser)/./src/lib/IframeDecorator.tsx:20
    srcDocData webpack-internal:///(app-pages-browser)/./src/components/repo/RepoConnector.tsx:141
    React 3
    RepoConnector webpack-internal:///(app-pages-browser)/./src/components/repo/RepoConnector.tsx:140
    React 57
page.js line 2256 > eval:20:30
Uncaught TypeError: can't access property "path", importedUserStyles[i] is null
    IframeDecorator webpack-internal:///(app-pages-browser)/./src/lib/IframeDecorator.tsx:20
    srcDocData webpack-internal:///(app-pages-browser)/./src/components/repo/RepoConnector.tsx:141
    React 3
    RepoConnector webpack-internal:///(app-pages-browser)/./src/components/repo/RepoConnector.tsx:140
    React 57
page.js line 2256 > eval:20:30
Uncaught TypeError: can't access property "path", importedUserStyles[i] is null
    IframeDecorator webpack-internal:///(app-pages-browser)/./src/lib/IframeDecorator.tsx:20
    srcDocData webpack-internal:///(app-pages-browser)/./src/components/repo/RepoConnector.tsx:141
    React 3
    RepoConnector webpack-internal:///(app-pages-browser)/./src/components/repo/RepoConnector.tsx:140
    React 57
page.js line 2256 > eval:20:30
🚀🚀🚀 now: 1724376215887 RepoConnector.tsx:30:10
🚀🚀🚀 now: 1724376215968 RepoConnector.tsx:30:10
Uncaught TypeError: can't access property "path", importedUserStyles[i] is null
    IframeDecorator webpack-internal:///(app-pages-browser)/./src/lib/IframeDecorator.tsx:20
    srcDocData webpack-internal:///(app-pages-browser)/./src/components/repo/RepoConnector.tsx:141
    React 3
    RepoConnector webpack-internal:///(app-pages-browser)/./src/components/repo/RepoConnector.tsx:140
    React 2
page.js line 2256 > eval:20:30
Uncaught TypeError: can't access property "path", importedUserStyles[i] is null
    IframeDecorator webpack-internal:///(app-pages-browser)/./src/lib/IframeDecorator.tsx:20
    srcDocData webpack-internal:///(app-pages-browser)/./src/components/repo/RepoConnector.tsx:141
    React 3
    RepoConnector webpack-internal:///(app-pages-browser)/./src/components/repo/RepoConnector.tsx:140
    React 2
page.js line 2256 > eval:20:30
Uncaught TypeError: can't access property "path", importedUserStyles[i] is null
    IframeDecorator webpack-internal:///(app-pages-browser)/./src/lib/IframeDecorator.tsx:20
    srcDocData webpack-internal:///(app-pages-browser)/./src/components/repo/RepoConnector.tsx:141
    React 3
    RepoConnector webpack-internal:///(app-pages-browser)/./src/components/repo/RepoConnector.tsx:140
    React 2
page.js line 2256 > eval:20:30
Uncaught TypeError: can't access property "path", importedUserStyles[i] is null
    IframeDecorator webpack-internal:///(app-pages-browser)/./src/lib/IframeDecorator.tsx:20
    srcDocData webpack-internal:///(app-pages-browser)/./src/components/repo/RepoConnector.tsx:141
    React 3
    RepoConnector webpack-internal:///(app-pages-browser)/./src/components/repo/RepoConnector.tsx:140
    React 2
page.js line 2256 > eval:20:30
🚀🚀🚀 now: 1724376216065 RepoConnector.tsx:30:10
🚀🚀🚀 now: 1724376216152 RepoConnector.tsx:30:10
Uncaught TypeError: can't access property "path", importedUserStyles[i] is null
    IframeDecorator webpack-internal:///(app-pages-browser)/./src/lib/IframeDecorator.tsx:20
    srcDocData webpack-internal:///(app-pages-browser)/./src/components/repo/RepoConnector.tsx:141
    React 3
    RepoConnector webpack-internal:///(app-pages-browser)/./src/components/repo/RepoConnector.tsx:140
    React 48
page.js line 2256 > eval:20:30
Uncaught TypeError: can't access property "path", importedUserStyles[i] is null
    IframeDecorator webpack-internal:///(app-pages-browser)/./src/lib/IframeDecorator.tsx:20
    srcDocData webpack-internal:///(app-pages-browser)/./src/components/repo/RepoConnector.tsx:141
    React 3
    RepoConnector webpack-internal:///(app-pages-browser)/./src/components/repo/RepoConnector.tsx:140
    React 45
page.js line 2256 > eval:20:30
Uncaught TypeError: can't access property "path", importedUserStyles[i] is null
    IframeDecorator webpack-internal:///(app-pages-browser)/./src/lib/IframeDecorator.tsx:20
    srcDocData webpack-internal:///(app-pages-browser)/./src/components/repo/RepoConnector.tsx:141
    React 3
    RepoConnector webpack-internal:///(app-pages-browser)/./src/components/repo/RepoConnector.tsx:140
    React 45
page.js line 2256 > eval:20:30
Uncaught TypeError: can't access property "path", importedUserStyles[i] is null
    IframeDecorator webpack-internal:///(app-pages-browser)/./src/lib/IframeDecorator.tsx:20
    srcDocData webpack-internal:///(app-pages-browser)/./src/components/repo/RepoConnector.tsx:141
    React 3
    RepoConnector webpack-internal:///(app-pages-browser)/./src/components/repo/RepoConnector.tsx:140
    React 45
page.js line 2256 > eval:20:30
🚀🚀🚀 now: 1724376216239 RepoConnector.tsx:30:10
🚀🚀🚀 now: 1724376216326 RepoConnector.tsx:30:10
Uncaught TypeError: can't access property "path", importedUserStyles[i] is null
    IframeDecorator webpack-internal:///(app-pages-browser)/./src/lib/IframeDecorator.tsx:20
    srcDocData webpack-internal:///(app-pages-browser)/./src/components/repo/RepoConnector.tsx:141
    React 3
    RepoConnector webpack-internal:///(app-pages-browser)/./src/components/repo/RepoConnector.tsx:140
    React 60
page.js line 2256 > eval:20:30
Uncaught TypeError: can't access property "path", importedUserStyles[i] is null
    IframeDecorator webpack-internal:///(app-pages-browser)/./src/lib/IframeDecorator.tsx:20
    srcDocData webpack-internal:///(app-pages-browser)/./src/components/repo/RepoConnector.tsx:141
    React 3
    RepoConnector webpack-internal:///(app-pages-browser)/./src/components/repo/RepoConnector.tsx:140
    React 57
page.js line 2256 > eval:20:30
Uncaught TypeError: can't access property "path", importedUserStyles[i] is null
    IframeDecorator webpack-internal:///(app-pages-browser)/./src/lib/IframeDecorator.tsx:20
    srcDocData webpack-internal:///(app-pages-browser)/./src/components/repo/RepoConnector.tsx:141
    React 3
    RepoConnector webpack-internal:///(app-pages-browser)/./src/components/repo/RepoConnector.tsx:140
    React 57
page.js line 2256 > eval:20:30
Uncaught TypeError: can't access property "path", importedUserStyles[i] is null
    IframeDecorator webpack-internal:///(app-pages-browser)/./src/lib/IframeDecorator.tsx:20
    srcDocData webpack-internal:///(app-pages-browser)/./src/components/repo/RepoConnector.tsx:141
    React 3
    RepoConnector webpack-internal:///(app-pages-browser)/./src/components/repo/RepoConnector.tsx:140
    React 57
page.js line 2256 > eval:20:30
🚀🚀🚀 now: 1724376216419 RepoConnector.tsx:30:10
🚀🚀🚀 now: 1724376216499 RepoConnector.tsx:30:10
Uncaught TypeError: can't access property "path", importedUserStyles[i] is null
    IframeDecorator webpack-internal:///(app-pages-browser)/./src/lib/IframeDecorator.tsx:20
    srcDocData webpack-internal:///(app-pages-browser)/./src/components/repo/RepoConnector.tsx:141
    React 3
    RepoConnector webpack-internal:///(app-pages-browser)/./src/components/repo/RepoConnector.tsx:140
    React 2
page.js line 2256 > eval:20:30
Uncaught TypeError: can't access property "path", importedUserStyles[i] is null
    IframeDecorator webpack-internal:///(app-pages-browser)/./src/lib/IframeDecorator.tsx:20
    srcDocData webpack-internal:///(app-pages-browser)/./src/components/repo/RepoConnector.tsx:141
    React 3
    RepoConnector webpack-internal:///(app-pages-browser)/./src/components/repo/RepoConnector.tsx:140
    React 2
page.js line 2256 > eval:20:30
Uncaught TypeError: can't access property "path", importedUserStyles[i] is null
    IframeDecorator webpack-internal:///(app-pages-browser)/./src/lib/IframeDecorator.tsx:20
    srcDocData webpack-internal:///(app-pages-browser)/./src/components/repo/RepoConnector.tsx:141
    React 3
    RepoConnector webpack-internal:///(app-pages-browser)/./src/components/repo/RepoConnector.tsx:140
    React 2
page.js line 2256 > eval:20:30
Uncaught TypeError: can't access property "path", importedUserStyles[i] is null
    IframeDecorator webpack-internal:///(app-pages-browser)/./src/lib/IframeDecorator.tsx:20
    srcDocData webpack-internal:///(app-pages-browser)/./src/components/repo/RepoConnector.tsx:141
    React 3
    RepoConnector webpack-internal:///(app-pages-browser)/./src/components/repo/RepoConnector.tsx:140
    React 2
page.js line 2256 > eval:20:30
🚀🚀🚀 now: 1724376216590 RepoConnector.tsx:30:10
🚀🚀🚀 now: 1724376216669 RepoConnector.tsx:30:10
Uncaught TypeError: can't access property "path", importedUserStyles[i] is null
    IframeDecorator webpack-internal:///(app-pages-browser)/./src/lib/IframeDecorator.tsx:20
    srcDocData webpack-internal:///(app-pages-browser)/./src/components/repo/RepoConnector.tsx:141
    React 3
    RepoConnector webpack-internal:///(app-pages-browser)/./src/components/repo/RepoConnector.tsx:140
    React 48
page.js line 2256 > eval:20:30
Uncaught TypeError: can't access property "path", importedUserStyles[i] is null
    IframeDecorator webpack-internal:///(app-pages-browser)/./src/lib/IframeDecorator.tsx:20
    srcDocData webpack-internal:///(app-pages-browser)/./src/components/repo/RepoConnector.tsx:141
    React 3
    RepoConnector webpack-internal:///(app-pages-browser)/./src/components/repo/RepoConnector.tsx:140
    React 45
page.js line 2256 > eval:20:30
Uncaught TypeError: can't access property "path", importedUserStyles[i] is null
    IframeDecorator webpack-internal:///(app-pages-browser)/./src/lib/IframeDecorator.tsx:20
    srcDocData webpack-internal:///(app-pages-browser)/./src/components/repo/RepoConnector.tsx:141
    React 3
    RepoConnector webpack-internal:///(app-pages-browser)/./src/components/repo/RepoConnector.tsx:140
    React 45
page.js line 2256 > eval:20:30
Uncaught TypeError: can't access property "path", importedUserStyles[i] is null
    IframeDecorator webpack-internal:///(app-pages-browser)/./src/lib/IframeDecorator.tsx:20
    srcDocData webpack-internal:///(app-pages-browser)/./src/components/repo/RepoConnector.tsx:141
    React 3
    RepoConnector webpack-internal:///(app-pages-browser)/./src/components/repo/RepoConnector.tsx:140
    React 45
page.js line 2256 > eval:20:30
🚀🚀🚀 now: 1724376216760 RepoConnector.tsx:30:10
🚀🚀🚀 now: 1724376216844 RepoConnector.tsx:30:10
Uncaught TypeError: can't access property "path", importedUserStyles[i] is null
    IframeDecorator webpack-internal:///(app-pages-browser)/./src/lib/IframeDecorator.tsx:20
    srcDocData webpack-internal:///(app-pages-browser)/./src/components/repo/RepoConnector.tsx:141
    React 3
    RepoConnector webpack-internal:///(app-pages-browser)/./src/components/repo/RepoConnector.tsx:140
    React 60
page.js line 2256 > eval:20:30
Uncaught TypeError: can't access property "path", importedUserStyles[i] is null
    IframeDecorator webpack-internal:///(app-pages-browser)/./src/lib/IframeDecorator.tsx:20
    srcDocData webpack-internal:///(app-pages-browser)/./src/components/repo/RepoConnector.tsx:141
    React 3
    RepoConnector webpack-internal:///(app-pages-browser)/./src/components/repo/RepoConnector.tsx:140
    React 57
page.js line 2256 > eval:20:30
Uncaught TypeError: can't access property "path", importedUserStyles[i] is null
    IframeDecorator webpack-internal:///(app-pages-browser)/./src/lib/IframeDecorator.tsx:20
    srcDocData webpack-internal:///(app-pages-browser)/./src/components/repo/RepoConnector.tsx:141
    React 3
    RepoConnector webpack-internal:///(app-pages-browser)/./src/components/repo/RepoConnector.tsx:140
    React 57
page.js line 2256 > eval:20:30
Uncaught TypeError: can't access property "path", importedUserStyles[i] is null
    IframeDecorator webpack-internal:///(app-pages-browser)/./src/lib/IframeDecorator.tsx:20
    srcDocData webpack-internal:///(app-pages-browser)/./src/components/repo/RepoConnector.tsx:141
    React 3
    RepoConnector webpack-internal:///(app-pages-browser)/./src/components/repo/RepoConnector.tsx:140
    React 57
page.js line 2256 > eval:20:30
🚀🚀🚀 now: 1724376216931 RepoConnector.tsx:30:10
🚀🚀🚀 now: 1724376217009 RepoConnector.tsx:30:10
Uncaught TypeError: can't access property "path", importedUserStyles[i] is null
    IframeDecorator webpack-internal:///(app-pages-browser)/./src/lib/IframeDecorator.tsx:20
    srcDocData webpack-internal:///(app-pages-browser)/./src/components/repo/RepoConnector.tsx:141
    React 3
    RepoConnector webpack-internal:///(app-pages-browser)/./src/components/repo/RepoConnector.tsx:140
    React 2
page.js line 2256 > eval:20:30
Uncaught TypeError: can't access property "path", importedUserStyles[i] is null
    IframeDecorator webpack-internal:///(app-pages-browser)/./src/lib/IframeDecorator.tsx:20
    srcDocData webpack-internal:///(app-pages-browser)/./src/components/repo/RepoConnector.tsx:141
    React 3
    RepoConnector webpack-internal:///(app-pages-browser)/./src/components/repo/RepoConnector.tsx:140
    React 2
page.js line 2256 > eval:20:30
Uncaught TypeError: can't access property "path", importedUserStyles[i] is null
    IframeDecorator webpack-internal:///(app-pages-browser)/./src/lib/IframeDecorator.tsx:20
    srcDocData webpack-internal:///(app-pages-browser)/./src/components/repo/RepoConnector.tsx:141
    React 3
    RepoConnector webpack-internal:///(app-pages-browser)/./src/components/repo/RepoConnector.tsx:140
    React 2
page.js line 2256 > eval:20:30
Uncaught TypeError: can't access property "path", importedUserStyles[i] is null
    IframeDecorator webpack-internal:///(app-pages-browser)/./src/lib/IframeDecorator.tsx:20
    srcDocData webpack-internal:///(app-pages-browser)/./src/components/repo/RepoConnector.tsx:141
    React 3
    RepoConnector webpack-internal:///(app-pages-browser)/./src/components/repo/RepoConnector.tsx:140
    React 2
page.js line 2256 > eval:20:30
🚀🚀🚀 now: 1724376217098 RepoConnector.tsx:30:10
🚀🚀🚀 now: 1724376217178 RepoConnector.tsx:30:10
Uncaught TypeError: can't access property "path", importedUserStyles[i] is null
    IframeDecorator webpack-internal:///(app-pages-browser)/./src/lib/IframeDecorator.tsx:20
    srcDocData webpack-internal:///(app-pages-browser)/./src/components/repo/RepoConnector.tsx:141
    React 3
    RepoConnector webpack-internal:///(app-pages-browser)/./src/components/repo/RepoConnector.tsx:140
    React 48
page.js line 2256 > eval:20:30
Uncaught TypeError: can't access property "path", importedUserStyles[i] is null
    IframeDecorator webpack-internal:///(app-pages-browser)/./src/lib/IframeDecorator.tsx:20
    srcDocData webpack-internal:///(app-pages-browser)/./src/components/repo/RepoConnector.tsx:141
    React 3
    RepoConnector webpack-internal:///(app-pages-browser)/./src/components/repo/RepoConnector.tsx:140
    React 45
page.js line 2256 > eval:20:30
Uncaught TypeError: can't access property "path", importedUserStyles[i] is null
    IframeDecorator webpack-internal:///(app-pages-browser)/./src/lib/IframeDecorator.tsx:20
    srcDocData webpack-internal:///(app-pages-browser)/./src/components/repo/RepoConnector.tsx:141
    React 3
    RepoConnector webpack-internal:///(app-pages-browser)/./src/components/repo/RepoConnector.tsx:140
    React 45
page.js line 2256 > eval:20:30
Uncaught TypeError: can't access property "path", importedUserStyles[i] is null
    IframeDecorator webpack-internal:///(app-pages-browser)/./src/lib/IframeDecorator.tsx:20
    srcDocData webpack-internal:///(app-pages-browser)/./src/components/repo/RepoConnector.tsx:141
    React 3
    RepoConnector webpack-internal:///(app-pages-browser)/./src/components/repo/RepoConnector.tsx:140
    React 45
page.js line 2256 > eval:20:30
🚀🚀🚀 now: 1724376217264 RepoConnector.tsx:30:10
🚀🚀🚀 now: 1724376217347 RepoConnector.tsx:30:10
Uncaught TypeError: can't access property "path", importedUserStyles[i] is null
    IframeDecorator webpack-internal:///(app-pages-browser)/./src/lib/IframeDecorator.tsx:20
    srcDocData webpack-internal:///(app-pages-browser)/./src/components/repo/RepoConnector.tsx:141
    React 3
    RepoConnector webpack-internal:///(app-pages-browser)/./src/components/repo/RepoConnector.tsx:140
    React 60
page.js line 2256 > eval:20:30
Uncaught TypeError: can't access property "path", importedUserStyles[i] is null
    IframeDecorator webpack-internal:///(app-pages-browser)/./src/lib/IframeDecorator.tsx:20
    srcDocData webpack-internal:///(app-pages-browser)/./src/components/repo/RepoConnector.tsx:141
    React 3
    RepoConnector webpack-internal:///(app-pages-browser)/./src/components/repo/RepoConnector.tsx:140
    React 57
page.js line 2256 > eval:20:30
Uncaught TypeError: can't access property "path", importedUserStyles[i] is null
    IframeDecorator webpack-internal:///(app-pages-browser)/./src/lib/IframeDecorator.tsx:20
    srcDocData webpack-internal:///(app-pages-browser)/./src/components/repo/RepoConnector.tsx:141
    React 3
    RepoConnector webpack-internal:///(app-pages-browser)/./src/components/repo/RepoConnector.tsx:140
    React 57
page.js line 2256 > eval:20:30
Uncaught TypeError: can't access property "path", importedUserStyles[i] is null
    IframeDecorator webpack-internal:///(app-pages-browser)/./src/lib/IframeDecorator.tsx:20
    srcDocData webpack-internal:///(app-pages-browser)/./src/components/repo/RepoConnector.tsx:141
    React 3
    RepoConnector webpack-internal:///(app-pages-browser)/./src/components/repo/RepoConnector.tsx:140
    React 57
page.js line 2256 > eval:20:30
🚀🚀🚀 now: 1724376217440 RepoConnector.tsx:30:10
🚀🚀🚀 now: 1724376217531 RepoConnector.tsx:30:10
Uncaught TypeError: can't access property "path", importedUserStyles[i] is null
    IframeDecorator webpack-internal:///(app-pages-browser)/./src/lib/IframeDecorator.tsx:20
    srcDocData webpack-internal:///(app-pages-browser)/./src/components/repo/RepoConnector.tsx:141
    React 3
    RepoConnector webpack-internal:///(app-pages-browser)/./src/components/repo/RepoConnector.tsx:140
    React 2
page.js line 2256 > eval:20:30
Uncaught TypeError: can't access property "path", importedUserStyles[i] is null
    IframeDecorator webpack-internal:///(app-pages-browser)/./src/lib/IframeDecorator.tsx:20
    srcDocData webpack-internal:///(app-pages-browser)/./src/components/repo/RepoConnector.tsx:141
    React 3
    RepoConnector webpack-internal:///(app-pages-browser)/./src/components/repo/RepoConnector.tsx:140
    React 2
page.js line 2256 > eval:20:30
Uncaught TypeError: can't access property "path", importedUserStyles[i] is null
    IframeDecorator webpack-internal:///(app-pages-browser)/./src/lib/IframeDecorator.tsx:20
    srcDocData webpack-internal:///(app-pages-browser)/./src/components/repo/RepoConnector.tsx:141
    React 3
    RepoConnector webpack-internal:///(app-pages-browser)/./src/components/repo/RepoConnector.tsx:140
    React 2
page.js line 2256 > eval:20:30
Uncaught TypeError: can't access property "path", importedUserStyles[i] is null
    IframeDecorator webpack-internal:///(app-pages-browser)/./src/lib/IframeDecorator.tsx:20
    srcDocData webpack-internal:///(app-pages-browser)/./src/components/repo/RepoConnector.tsx:141
    React 3
    RepoConnector webpack-internal:///(app-pages-browser)/./src/components/repo/RepoConnector.tsx:140
    React 2
page.js line 2256 > eval:20:30
🚀🚀🚀 now: 1724376217631 RepoConnector.tsx:30:10
🚀🚀🚀 now: 1724376217719 RepoConnector.tsx:30:10
Uncaught TypeError: can't access property "path", importedUserStyles[i] is null
    IframeDecorator webpack-internal:///(app-pages-browser)/./src/lib/IframeDecorator.tsx:20
    srcDocData webpack-internal:///(app-pages-browser)/./src/components/repo/RepoConnector.tsx:141
    React 3
    RepoConnector webpack-internal:///(app-pages-browser)/./src/components/repo/RepoConnector.tsx:140
    React 48
page.js line 2256 > eval:20:30
Uncaught TypeError: can't access property "path", importedUserStyles[i] is null
    IframeDecorator webpack-internal:///(app-pages-browser)/./src/lib/IframeDecorator.tsx:20
    srcDocData webpack-internal:///(app-pages-browser)/./src/components/repo/RepoConnector.tsx:141
    React 3
    RepoConnector webpack-internal:///(app-pages-browser)/./src/components/repo/RepoConnector.tsx:140
    React 45
page.js line 2256 > eval:20:30
Uncaught TypeError: can't access property "path", importedUserStyles[i] is null
    IframeDecorator webpack-internal:///(app-pages-browser)/./src/lib/IframeDecorator.tsx:20
    srcDocData webpack-internal:///(app-pages-browser)/./src/components/repo/RepoConnector.tsx:141
    React 3
    RepoConnector webpack-internal:///(app-pages-browser)/./src/components/repo/RepoConnector.tsx:140
    React 45
page.js line 2256 > eval:20:30
Uncaught TypeError: can't access property "path", importedUserStyles[i] is null
    IframeDecorator webpack-internal:///(app-pages-browser)/./src/lib/IframeDecorator.tsx:20
    srcDocData webpack-internal:///(app-pages-browser)/./src/components/repo/RepoConnector.tsx:141
    React 3
    RepoConnector webpack-internal:///(app-pages-browser)/./src/components/repo/RepoConnector.tsx:140
    React 45
page.js line 2256 > eval:20:30
🚀🚀🚀 now: 1724376217826 RepoConnector.tsx:30:10
🚀🚀🚀 now: 1724376217932 RepoConnector.tsx:30:10
Uncaught TypeError: can't access property "path", importedUserStyles[i] is null
    IframeDecorator webpack-internal:///(app-pages-browser)/./src/lib/IframeDecorator.tsx:20
    srcDocData webpack-internal:///(app-pages-browser)/./src/components/repo/RepoConnector.tsx:141
    React 3
    RepoConnector webpack-internal:///(app-pages-browser)/./src/components/repo/RepoConnector.tsx:140
    React 60
page.js line 2256 > eval:20:30
Uncaught TypeError: can't access property "path", importedUserStyles[i] is null
    IframeDecorator webpack-internal:///(app-pages-browser)/./src/lib/IframeDecorator.tsx:20
    srcDocData webpack-internal:///(app-pages-browser)/./src/components/repo/RepoConnector.tsx:141
    React 3
    RepoConnector webpack-internal:///(app-pages-browser)/./src/components/repo/RepoConnector.tsx:140
    React 57
page.js line 2256 > eval:20:30
Uncaught TypeError: can't access property "path", importedUserStyles[i] is null
    IframeDecorator webpack-internal:///(app-pages-browser)/./src/lib/IframeDecorator.tsx:20
    srcDocData webpack-internal:///(app-pages-browser)/./src/components/repo/RepoConnector.tsx:141
    React 3
    RepoConnector webpack-internal:///(app-pages-browser)/./src/components/repo/RepoConnector.tsx:140
    React 57
page.js line 2256 > eval:20:30
Uncaught TypeError: can't access property "path", importedUserStyles[i] is null
    IframeDecorator webpack-internal:///(app-pages-browser)/./src/lib/IframeDecorator.tsx:20
    srcDocData webpack-internal:///(app-pages-browser)/./src/components/repo/RepoConnector.tsx:141
    React 3
    RepoConnector webpack-internal:///(app-pages-browser)/./src/components/repo/RepoConnector.tsx:140
    React 57
page.js line 2256 > eval:20:30
🚀🚀🚀 now: 1724376218033 RepoConnector.tsx:30:10
🚀🚀🚀 now: 1724376218119 RepoConnector.tsx:30:10
Uncaught TypeError: can't access property "path", importedUserStyles[i] is null
    IframeDecorator webpack-internal:///(app-pages-browser)/./src/lib/IframeDecorator.tsx:20
    srcDocData webpack-internal:///(app-pages-browser)/./src/components/repo/RepoConnector.tsx:141
    React 3
    RepoConnector webpack-internal:///(app-pages-browser)/./src/components/repo/RepoConnector.tsx:140
    React 2
page.js line 2256 > eval:20:30
Uncaught TypeError: can't access property "path", importedUserStyles[i] is null
    IframeDecorator webpack-internal:///(app-pages-browser)/./src/lib/IframeDecorator.tsx:20
    srcDocData webpack-internal:///(app-pages-browser)/./src/components/repo/RepoConnector.tsx:141
    React 3
    RepoConnector webpack-internal:///(app-pages-browser)/./src/components/repo/RepoConnector.tsx:140
    React 2
page.js line 2256 > eval:20:30
Uncaught TypeError: can't access property "path", importedUserStyles[i] is null
    IframeDecorator webpack-internal:///(app-pages-browser)/./src/lib/IframeDecorator.tsx:20
    srcDocData webpack-internal:///(app-pages-browser)/./src/components/repo/RepoConnector.tsx:141
    React 3
    RepoConnector webpack-internal:///(app-pages-browser)/./src/components/repo/RepoConnector.tsx:140
    React 2
page.js line 2256 > eval:20:30
Uncaught TypeError: can't access property "path", importedUserStyles[i] is null
    IframeDecorator webpack-internal:///(app-pages-browser)/./src/lib/IframeDecorator.tsx:20
    srcDocData webpack-internal:///(app-pages-browser)/./src/components/repo/RepoConnector.tsx:141
    React 3
    RepoConnector webpack-internal:///(app-pages-browser)/./src/components/repo/RepoConnector.tsx:140
    React 2
page.js line 2256 > eval:20:30
🚀🚀🚀 now: 1724376218209 RepoConnector.tsx:30:10
🚀🚀🚀 now: 1724376218291 RepoConnector.tsx:30:10
Uncaught TypeError: can't access property "path", importedUserStyles[i] is null
    IframeDecorator webpack-internal:///(app-pages-browser)/./src/lib/IframeDecorator.tsx:20
    srcDocData webpack-internal:///(app-pages-browser)/./src/components/repo/RepoConnector.tsx:141
    React 3
    RepoConnector webpack-internal:///(app-pages-browser)/./src/components/repo/RepoConnector.tsx:140
    React 48
page.js line 2256 > eval:20:30
Uncaught TypeError: can't access property "path", importedUserStyles[i] is null
    IframeDecorator webpack-internal:///(app-pages-browser)/./src/lib/IframeDecorator.tsx:20
    srcDocData webpack-internal:///(app-pages-browser)/./src/components/repo/RepoConnector.tsx:141
    React 3
    RepoConnector webpack-internal:///(app-pages-browser)/./src/components/repo/RepoConnector.tsx:140
    React 45
page.js line 2256 > eval:20:30
Uncaught TypeError: can't access property "path", importedUserStyles[i] is null
    IframeDecorator webpack-internal:///(app-pages-browser)/./src/lib/IframeDecorator.tsx:20
    srcDocData webpack-internal:///(app-pages-browser)/./src/components/repo/RepoConnector.tsx:141
    React 3
    RepoConnector webpack-internal:///(app-pages-browser)/./src/components/repo/RepoConnector.tsx:140
    React 45
page.js line 2256 > eval:20:30
Uncaught TypeError: can't access property "path", importedUserStyles[i] is null
    IframeDecorator webpack-internal:///(app-pages-browser)/./src/lib/IframeDecorator.tsx:20
    srcDocData webpack-internal:///(app-pages-browser)/./src/components/repo/RepoConnector.tsx:141
    React 3
    RepoConnector webpack-internal:///(app-pages-browser)/./src/components/repo/RepoConnector.tsx:140
    React 45
page.js line 2256 > eval:20:30
🚀🚀🚀 now: 1724376218379 RepoConnector.tsx:30:10
🚀🚀🚀 now: 1724376218453 RepoConnector.tsx:30:10
Uncaught TypeError: can't access property "path", importedUserStyles[i] is null
    IframeDecorator webpack-internal:///(app-pages-browser)/./src/lib/IframeDecorator.tsx:20
    srcDocData webpack-internal:///(app-pages-browser)/./src/components/repo/RepoConnector.tsx:141
    React 3
    RepoConnector webpack-internal:///(app-pages-browser)/./src/components/repo/RepoConnector.tsx:140
    React 60
page.js line 2256 > eval:20:30
Uncaught TypeError: can't access property "path", importedUserStyles[i] is null
    IframeDecorator webpack-internal:///(app-pages-browser)/./src/lib/IframeDecorator.tsx:20
    srcDocData webpack-internal:///(app-pages-browser)/./src/components/repo/RepoConnector.tsx:141
    React 3
    RepoConnector webpack-internal:///(app-pages-browser)/./src/components/repo/RepoConnector.tsx:140
    React 57
page.js line 2256 > eval:20:30
Uncaught TypeError: can't access property "path", importedUserStyles[i] is null
    IframeDecorator webpack-internal:///(app-pages-browser)/./src/lib/IframeDecorator.tsx:20
    srcDocData webpack-internal:///(app-pages-browser)/./src/components/repo/RepoConnector.tsx:141
    React 3
    RepoConnector webpack-internal:///(app-pages-browser)/./src/components/repo/RepoConnector.tsx:140
    React 57
page.js line 2256 > eval:20:30
Uncaught TypeError: can't access property "path", importedUserStyles[i] is null
    IframeDecorator webpack-internal:///(app-pages-browser)/./src/lib/IframeDecorator.tsx:20
    srcDocData webpack-internal:///(app-pages-browser)/./src/components/repo/RepoConnector.tsx:141
    React 3
    RepoConnector webpack-internal:///(app-pages-browser)/./src/components/repo/RepoConnector.tsx:140
    React 57
page.js line 2256 > eval:20:30
🚀🚀🚀 now: 1724376218538 RepoConnector.tsx:30:10
🚀🚀🚀 now: 1724376218615 RepoConnector.tsx:30:10
Uncaught TypeError: can't access property "path", importedUserStyles[i] is null
    IframeDecorator webpack-internal:///(app-pages-browser)/./src/lib/IframeDecorator.tsx:20
    srcDocData webpack-internal:///(app-pages-browser)/./src/components/repo/RepoConnector.tsx:141
    React 3
    RepoConnector webpack-internal:///(app-pages-browser)/./src/components/repo/RepoConnector.tsx:140
    React 2
page.js line 2256 > eval:20:30
Uncaught TypeError: can't access property "path", importedUserStyles[i] is null
    IframeDecorator webpack-internal:///(app-pages-browser)/./src/lib/IframeDecorator.tsx:20
    srcDocData webpack-internal:///(app-pages-browser)/./src/components/repo/RepoConnector.tsx:141
    React 3
    RepoConnector webpack-internal:///(app-pages-browser)/./src/components/repo/RepoConnector.tsx:140
    React 2
page.js line 2256 > eval:20:30
Uncaught TypeError: can't access property "path", importedUserStyles[i] is null
    IframeDecorator webpack-internal:///(app-pages-browser)/./src/lib/IframeDecorator.tsx:20
    srcDocData webpack-internal:///(app-pages-browser)/./src/components/repo/RepoConnector.tsx:141
    React 3
    RepoConnector webpack-internal:///(app-pages-browser)/./src/components/repo/RepoConnector.tsx:140
    React 2
page.js line 2256 > eval:20:30
Uncaught TypeError: can't access property "path", importedUserStyles[i] is null
    IframeDecorator webpack-internal:///(app-pages-browser)/./src/lib/IframeDecorator.tsx:20
    srcDocData webpack-internal:///(app-pages-browser)/./src/components/repo/RepoConnector.tsx:141
    React 3
    RepoConnector webpack-internal:///(app-pages-browser)/./src/components/repo/RepoConnector.tsx:140
    React 2
page.js line 2256 > eval:20:30
🚀🚀🚀 now: 1724376218705 RepoConnector.tsx:30:10
🚀🚀🚀 now: 1724376218789 RepoConnector.tsx:30:10
Uncaught TypeError: can't access property "path", importedUserStyles[i] is null
    IframeDecorator webpack-internal:///(app-pages-browser)/./src/lib/IframeDecorator.tsx:20
    srcDocData webpack-internal:///(app-pages-browser)/./src/components/repo/RepoConnector.tsx:141
    React 3
    RepoConnector webpack-internal:///(app-pages-browser)/./src/components/repo/RepoConnector.tsx:140
    React 48
page.js line 2256 > eval:20:30
Uncaught TypeError: can't access property "path", importedUserStyles[i] is null
    IframeDecorator webpack-internal:///(app-pages-browser)/./src/lib/IframeDecorator.tsx:20
    srcDocData webpack-internal:///(app-pages-browser)/./src/components/repo/RepoConnector.tsx:141
    React 3
    RepoConnector webpack-internal:///(app-pages-browser)/./src/components/repo/RepoConnector.tsx:140
    React 45
page.js line 2256 > eval:20:30
Uncaught TypeError: can't access property "path", importedUserStyles[i] is null
    IframeDecorator webpack-internal:///(app-pages-browser)/./src/lib/IframeDecorator.tsx:20
    srcDocData webpack-internal:///(app-pages-browser)/./src/components/repo/RepoConnector.tsx:141
    React 3
    RepoConnector webpack-internal:///(app-pages-browser)/./src/components/repo/RepoConnector.tsx:140
    React 45
page.js line 2256 > eval:20:30
Uncaught TypeError: can't access property "path", importedUserStyles[i] is null
    IframeDecorator webpack-internal:///(app-pages-browser)/./src/lib/IframeDecorator.tsx:20
    srcDocData webpack-internal:///(app-pages-browser)/./src/components/repo/RepoConnector.tsx:141
    React 3
    RepoConnector webpack-internal:///(app-pages-browser)/./src/components/repo/RepoConnector.tsx:140
    React 45
page.js line 2256 > eval:20:30
🚀🚀🚀 now: 1724376218877 RepoConnector.tsx:30:10
🚀🚀🚀 now: 1724376218956 RepoConnector.tsx:30:10
Uncaught TypeError: can't access property "path", importedUserStyles[i] is null
    IframeDecorator webpack-internal:///(app-pages-browser)/./src/lib/IframeDecorator.tsx:20
    srcDocData webpack-internal:///(app-pages-browser)/./src/components/repo/RepoConnector.tsx:141
    React 3
    RepoConnector webpack-internal:///(app-pages-browser)/./src/components/repo/RepoConnector.tsx:140
    React 60
page.js line 2256 > eval:20:30
Uncaught TypeError: can't access property "path", importedUserStyles[i] is null
    IframeDecorator webpack-internal:///(app-pages-browser)/./src/lib/IframeDecorator.tsx:20
    srcDocData webpack-internal:///(app-pages-browser)/./src/components/repo/RepoConnector.tsx:141
    React 3
    RepoConnector webpack-internal:///(app-pages-browser)/./src/components/repo/RepoConnector.tsx:140
    React 57
page.js line 2256 > eval:20:30
Uncaught TypeError: can't access property "path", importedUserStyles[i] is null
    IframeDecorator webpack-internal:///(app-pages-browser)/./src/lib/IframeDecorator.tsx:20
    srcDocData webpack-internal:///(app-pages-browser)/./src/components/repo/RepoConnector.tsx:141
    React 3
    RepoConnector webpack-internal:///(app-pages-browser)/./src/components/repo/RepoConnector.tsx:140
    React 57
page.js line 2256 > eval:20:30
Uncaught TypeError: can't access property "path", importedUserStyles[i] is null
    IframeDecorator webpack-internal:///(app-pages-browser)/./src/lib/IframeDecorator.tsx:20
    srcDocData webpack-internal:///(app-pages-browser)/./src/components/repo/RepoConnector.tsx:141
    React 3
    RepoConnector webpack-internal:///(app-pages-browser)/./src/components/repo/RepoConnector.tsx:140
    React 57
page.js line 2256 > eval:20:30
🚀🚀🚀 now: 1724376219050 RepoConnector.tsx:30:10
🚀🚀🚀 now: 1724376219140 RepoConnector.tsx:30:10
Uncaught TypeError: can't access property "path", importedUserStyles[i] is null
    IframeDecorator webpack-internal:///(app-pages-browser)/./src/lib/IframeDecorator.tsx:20
    srcDocData webpack-internal:///(app-pages-browser)/./src/components/repo/RepoConnector.tsx:141
    React 3
    RepoConnector webpack-internal:///(app-pages-browser)/./src/components/repo/RepoConnector.tsx:140
    React 2
page.js line 2256 > eval:20:30
Uncaught TypeError: can't access property "path", importedUserStyles[i] is null
    IframeDecorator webpack-internal:///(app-pages-browser)/./src/lib/IframeDecorator.tsx:20
    srcDocData webpack-internal:///(app-pages-browser)/./src/components/repo/RepoConnector.tsx:141
    React 3
    RepoConnector webpack-internal:///(app-pages-browser)/./src/components/repo/RepoConnector.tsx:140
    React 2
page.js line 2256 > eval:20:30
Uncaught TypeError: can't access property "path", importedUserStyles[i] is null
    IframeDecorator webpack-internal:///(app-pages-browser)/./src/lib/IframeDecorator.tsx:20
    srcDocData webpack-internal:///(app-pages-browser)/./src/components/repo/RepoConnector.tsx:141
    React 3
    RepoConnector webpack-internal:///(app-pages-browser)/./src/components/repo/RepoConnector.tsx:140
    React 2
page.js line 2256 > eval:20:30
Uncaught TypeError: can't access property "path", importedUserStyles[i] is null
    IframeDecorator webpack-internal:///(app-pages-browser)/./src/lib/IframeDecorator.tsx:20
    srcDocData webpack-internal:///(app-pages-browser)/./src/components/repo/RepoConnector.tsx:141
    React 3
    RepoConnector webpack-internal:///(app-pages-browser)/./src/components/repo/RepoConnector.tsx:140
    React 2
page.js line 2256 > eval:20:30
🚀🚀🚀 now: 1724376219231 RepoConnector.tsx:30:10
🚀🚀🚀 now: 1724376219309 RepoConnector.tsx:30:10
Uncaught TypeError: can't access property "path", importedUserStyles[i] is null
    IframeDecorator webpack-internal:///(app-pages-browser)/./src/lib/IframeDecorator.tsx:20
    srcDocData webpack-internal:///(app-pages-browser)/./src/components/repo/RepoConnector.tsx:141
    React 3
    RepoConnector webpack-internal:///(app-pages-browser)/./src/components/repo/RepoConnector.tsx:140
    React 48
page.js line 2256 > eval:20:30
Uncaught TypeError: can't access property "path", importedUserStyles[i] is null
    IframeDecorator webpack-internal:///(app-pages-browser)/./src/lib/IframeDecorator.tsx:20
    srcDocData webpack-internal:///(app-pages-browser)/./src/components/repo/RepoConnector.tsx:141
    React 3
    RepoConnector webpack-internal:///(app-pages-browser)/./src/components/repo/RepoConnector.tsx:140
    React 45
page.js line 2256 > eval:20:30
Uncaught TypeError: can't access property "path", importedUserStyles[i] is null
    IframeDecorator webpack-internal:///(app-pages-browser)/./src/lib/IframeDecorator.tsx:20
    srcDocData webpack-internal:///(app-pages-browser)/./src/components/repo/RepoConnector.tsx:141
    React 3
    RepoConnector webpack-internal:///(app-pages-browser)/./src/components/repo/RepoConnector.tsx:140
    React 45
page.js line 2256 > eval:20:30
Uncaught TypeError: can't access property "path", importedUserStyles[i] is null
    IframeDecorator webpack-internal:///(app-pages-browser)/./src/lib/IframeDecorator.tsx:20
    srcDocData webpack-internal:///(app-pages-browser)/./src/components/repo/RepoConnector.tsx:141
    React 3
    RepoConnector webpack-internal:///(app-pages-browser)/./src/components/repo/RepoConnector.tsx:140
    React 45
page.js line 2256 > eval:20:30
🚀🚀🚀 now: 1724376219409 RepoConnector.tsx:30:10
🚀🚀🚀 now: 1724376219491 RepoConnector.tsx:30:10
Uncaught TypeError: can't access property "path", importedUserStyles[i] is null
    IframeDecorator webpack-internal:///(app-pages-browser)/./src/lib/IframeDecorator.tsx:20
    srcDocData webpack-internal:///(app-pages-browser)/./src/components/repo/RepoConnector.tsx:141
    React 3
    RepoConnector webpack-internal:///(app-pages-browser)/./src/components/repo/RepoConnector.tsx:140
    React 60
page.js line 2256 > eval:20:30
Uncaught TypeError: can't access property "path", importedUserStyles[i] is null
    IframeDecorator webpack-internal:///(app-pages-browser)/./src/lib/IframeDecorator.tsx:20
    srcDocData webpack-internal:///(app-pages-browser)/./src/components/repo/RepoConnector.tsx:141
    React 3
    RepoConnector webpack-internal:///(app-pages-browser)/./src/components/repo/RepoConnector.tsx:140
    React 57
page.js line 2256 > eval:20:30
Uncaught TypeError: can't access property "path", importedUserStyles[i] is null
    IframeDecorator webpack-internal:///(app-pages-browser)/./src/lib/IframeDecorator.tsx:20
    srcDocData webpack-internal:///(app-pages-browser)/./src/components/repo/RepoConnector.tsx:141
    React 3
    RepoConnector webpack-internal:///(app-pages-browser)/./src/components/repo/RepoConnector.tsx:140
    React 57
page.js line 2256 > eval:20:30
Uncaught TypeError: can't access property "path", importedUserStyles[i] is null
    IframeDecorator webpack-internal:///(app-pages-browser)/./src/lib/IframeDecorator.tsx:20
    srcDocData webpack-internal:///(app-pages-browser)/./src/components/repo/RepoConnector.tsx:141
    React 3
    RepoConnector webpack-internal:///(app-pages-browser)/./src/components/repo/RepoConnector.tsx:140
    React 57
page.js line 2256 > eval:20:30
🚀🚀🚀 now: 1724376219585 RepoConnector.tsx:30:10
🚀🚀🚀 now: 1724376219679 RepoConnector.tsx:30:10
Uncaught TypeError: can't access property "path", importedUserStyles[i] is null
    IframeDecorator webpack-internal:///(app-pages-browser)/./src/lib/IframeDecorator.tsx:20
    srcDocData webpack-internal:///(app-pages-browser)/./src/components/repo/RepoConnector.tsx:141
    React 3
    RepoConnector webpack-internal:///(app-pages-browser)/./src/components/repo/RepoConnector.tsx:140
    React 2
page.js line 2256 > eval:20:30
Uncaught TypeError: can't access property "path", importedUserStyles[i] is null
    IframeDecorator webpack-internal:///(app-pages-browser)/./src/lib/IframeDecorator.tsx:20
    srcDocData webpack-internal:///(app-pages-browser)/./src/components/repo/RepoConnector.tsx:141
    React 3
    RepoConnector webpack-internal:///(app-pages-browser)/./src/components/repo/RepoConnector.tsx:140
    React 2
page.js line 2256 > eval:20:30
Uncaught TypeError: can't access property "path", importedUserStyles[i] is null
    IframeDecorator webpack-internal:///(app-pages-browser)/./src/lib/IframeDecorator.tsx:20
    srcDocData webpack-internal:///(app-pages-browser)/./src/components/repo/RepoConnector.tsx:141
    React 3
    RepoConnector webpack-internal:///(app-pages-browser)/./src/components/repo/RepoConnector.tsx:140
    React 2
page.js line 2256 > eval:20:30
Uncaught TypeError: can't access property "path", importedUserStyles[i] is null
    IframeDecorator webpack-internal:///(app-pages-browser)/./src/lib/IframeDecorator.tsx:20
    srcDocData webpack-internal:///(app-pages-browser)/./src/components/repo/RepoConnector.tsx:141
    React 3
    RepoConnector webpack-internal:///(app-pages-browser)/./src/components/repo/RepoConnector.tsx:140
    React 2
page.js line 2256 > eval:20:30
🚀🚀🚀 now: 1724376219770 RepoConnector.tsx:30:10
🚀🚀🚀 now: 1724376219854 RepoConnector.tsx:30:10
Uncaught TypeError: can't access property "path", importedUserStyles[i] is null
    IframeDecorator webpack-internal:///(app-pages-browser)/./src/lib/IframeDecorator.tsx:20
    srcDocData webpack-internal:///(app-pages-browser)/./src/components/repo/RepoConnector.tsx:141
    React 3
    RepoConnector webpack-internal:///(app-pages-browser)/./src/components/repo/RepoConnector.tsx:140
    React 48
page.js line 2256 > eval:20:30
Uncaught TypeError: can't access property "path", importedUserStyles[i] is null
    IframeDecorator webpack-internal:///(app-pages-browser)/./src/lib/IframeDecorator.tsx:20
    srcDocData webpack-internal:///(app-pages-browser)/./src/components/repo/RepoConnector.tsx:141
    React 3
    RepoConnector webpack-internal:///(app-pages-browser)/./src/components/repo/RepoConnector.tsx:140
    React 45
page.js line 2256 > eval:20:30
Uncaught TypeError: can't access property "path", importedUserStyles[i] is null
    IframeDecorator webpack-internal:///(app-pages-browser)/./src/lib/IframeDecorator.tsx:20
    srcDocData webpack-internal:///(app-pages-browser)/./src/components/repo/RepoConnector.tsx:141
    React 3
    RepoConnector webpack-internal:///(app-pages-browser)/./src/components/repo/RepoConnector.tsx:140
    React 45
page.js line 2256 > eval:20:30
Uncaught TypeError: can't access property "path", importedUserStyles[i] is null
    IframeDecorator webpack-internal:///(app-pages-browser)/./src/lib/IframeDecorator.tsx:20
    srcDocData webpack-internal:///(app-pages-browser)/./src/components/repo/RepoConnector.tsx:141
    React 3
    RepoConnector webpack-internal:///(app-pages-browser)/./src/components/repo/RepoConnector.tsx:140
    React 45
page.js line 2256 > eval:20:30
🚀🚀🚀 now: 1724376219945 RepoConnector.tsx:30:10
🚀🚀🚀 now: 1724376220021 RepoConnector.tsx:30:10
Uncaught TypeError: can't access property "path", importedUserStyles[i] is null
    IframeDecorator webpack-internal:///(app-pages-browser)/./src/lib/IframeDecorator.tsx:20
    srcDocData webpack-internal:///(app-pages-browser)/./src/components/repo/RepoConnector.tsx:141
    React 3
    RepoConnector webpack-internal:///(app-pages-browser)/./src/components/repo/RepoConnector.tsx:140
    React 60
page.js line 2256 > eval:20:30
Uncaught TypeError: can't access property "path", importedUserStyles[i] is null
    IframeDecorator webpack-internal:///(app-pages-browser)/./src/lib/IframeDecorator.tsx:20
    srcDocData webpack-internal:///(app-pages-browser)/./src/components/repo/RepoConnector.tsx:141
    React 3
    RepoConnector webpack-internal:///(app-pages-browser)/./src/components/repo/RepoConnector.tsx:140
    React 57
page.js line 2256 > eval:20:30
Uncaught TypeError: can't access property "path", importedUserStyles[i] is null
    IframeDecorator webpack-internal:///(app-pages-browser)/./src/lib/IframeDecorator.tsx:20
    srcDocData webpack-internal:///(app-pages-browser)/./src/components/repo/RepoConnector.tsx:141
    React 3
    RepoConnector webpack-internal:///(app-pages-browser)/./src/components/repo/RepoConnector.tsx:140
    React 57
page.js line 2256 > eval:20:30
Uncaught TypeError: can't access property "path", importedUserStyles[i] is null
    IframeDecorator webpack-internal:///(app-pages-browser)/./src/lib/IframeDecorator.tsx:20
    srcDocData webpack-internal:///(app-pages-browser)/./src/components/repo/RepoConnector.tsx:141
    React 3
    RepoConnector webpack-internal:///(app-pages-browser)/./src/components/repo/RepoConnector.tsx:140
    React 57
page.js line 2256 > eval:20:30
🚀🚀🚀 now: 1724376220108 RepoConnector.tsx:30:10
🚀🚀🚀 now: 1724376220188 RepoConnector.tsx:30:10
Uncaught TypeError: can't access property "path", importedUserStyles[i] is null
    IframeDecorator webpack-internal:///(app-pages-browser)/./src/lib/IframeDecorator.tsx:20
    srcDocData webpack-internal:///(app-pages-browser)/./src/components/repo/RepoConnector.tsx:141
    React 3
    RepoConnector webpack-internal:///(app-pages-browser)/./src/components/repo/RepoConnector.tsx:140
    React 2
page.js line 2256 > eval:20:30
Uncaught TypeError: can't access property "path", importedUserStyles[i] is null
    IframeDecorator webpack-internal:///(app-pages-browser)/./src/lib/IframeDecorator.tsx:20
    srcDocData webpack-internal:///(app-pages-browser)/./src/components/repo/RepoConnector.tsx:141
    React 3
    RepoConnector webpack-internal:///(app-pages-browser)/./src/components/repo/RepoConnector.tsx:140
    React 2
page.js line 2256 > eval:20:30
Uncaught TypeError: can't access property "path", importedUserStyles[i] is null
    IframeDecorator webpack-internal:///(app-pages-browser)/./src/lib/IframeDecorator.tsx:20
    srcDocData webpack-internal:///(app-pages-browser)/./src/components/repo/RepoConnector.tsx:141
    React 3
    RepoConnector webpack-internal:///(app-pages-browser)/./src/components/repo/RepoConnector.tsx:140
    React 2
page.js line 2256 > eval:20:30
Uncaught TypeError: can't access property "path", importedUserStyles[i] is null
    IframeDecorator webpack-internal:///(app-pages-browser)/./src/lib/IframeDecorator.tsx:20
    srcDocData webpack-internal:///(app-pages-browser)/./src/components/repo/RepoConnector.tsx:141
    React 3
    RepoConnector webpack-internal:///(app-pages-browser)/./src/components/repo/RepoConnector.tsx:140
    React 2
page.js line 2256 > eval:20:30
🚀🚀🚀 now: 1724376220280 RepoConnector.tsx:30:10
🚀🚀🚀 now: 1724376220352 RepoConnector.tsx:30:10
Uncaught TypeError: can't access property "path", importedUserStyles[i] is null
    IframeDecorator webpack-internal:///(app-pages-browser)/./src/lib/IframeDecorator.tsx:20
    srcDocData webpack-internal:///(app-pages-browser)/./src/components/repo/RepoConnector.tsx:141
    React 3
    RepoConnector webpack-internal:///(app-pages-browser)/./src/components/repo/RepoConnector.tsx:140
    React 48
page.js line 2256 > eval:20:30
Uncaught TypeError: can't access property "path", importedUserStyles[i] is null
    IframeDecorator webpack-internal:///(app-pages-browser)/./src/lib/IframeDecorator.tsx:20
    srcDocData webpack-internal:///(app-pages-browser)/./src/components/repo/RepoConnector.tsx:141
    React 3
    RepoConnector webpack-internal:///(app-pages-browser)/./src/components/repo/RepoConnector.tsx:140
    React 45
page.js line 2256 > eval:20:30
Uncaught TypeError: can't access property "path", importedUserStyles[i] is null
    IframeDecorator webpack-internal:///(app-pages-browser)/./src/lib/IframeDecorator.tsx:20
    srcDocData webpack-internal:///(app-pages-browser)/./src/components/repo/RepoConnector.tsx:141
    React 3
    RepoConnector webpack-internal:///(app-pages-browser)/./src/components/repo/RepoConnector.tsx:140
    React 45
page.js line 2256 > eval:20:30
Uncaught TypeError: can't access property "path", importedUserStyles[i] is null
    IframeDecorator webpack-internal:///(app-pages-browser)/./src/lib/IframeDecorator.tsx:20
    srcDocData webpack-internal:///(app-pages-browser)/./src/components/repo/RepoConnector.tsx:141
    React 3
    RepoConnector webpack-internal:///(app-pages-browser)/./src/components/repo/RepoConnector.tsx:140
    React 45
page.js line 2256 > eval:20:30
🚀🚀🚀 now: 1724376220442 RepoConnector.tsx:30:10
🚀🚀🚀 now: 1724376220528 RepoConnector.tsx:30:10
Uncaught TypeError: can't access property "path", importedUserStyles[i] is null
    IframeDecorator webpack-internal:///(app-pages-browser)/./src/lib/IframeDecorator.tsx:20
    srcDocData webpack-internal:///(app-pages-browser)/./src/components/repo/RepoConnector.tsx:141
    React 3
    RepoConnector webpack-internal:///(app-pages-browser)/./src/components/repo/RepoConnector.tsx:140
    React 60
page.js line 2256 > eval:20:30
Uncaught TypeError: can't access property "path", importedUserStyles[i] is null
    IframeDecorator webpack-internal:///(app-pages-browser)/./src/lib/IframeDecorator.tsx:20
    srcDocData webpack-internal:///(app-pages-browser)/./src/components/repo/RepoConnector.tsx:141
    React 3
    RepoConnector webpack-internal:///(app-pages-browser)/./src/components/repo/RepoConnector.tsx:140
    React 57
page.js line 2256 > eval:20:30
Uncaught TypeError: can't access property "path", importedUserStyles[i] is null
    IframeDecorator webpack-internal:///(app-pages-browser)/./src/lib/IframeDecorator.tsx:20
    srcDocData webpack-internal:///(app-pages-browser)/./src/components/repo/RepoConnector.tsx:141
    React 3
    RepoConnector webpack-internal:///(app-pages-browser)/./src/components/repo/RepoConnector.tsx:140
    React 57
page.js line 2256 > eval:20:30
Uncaught TypeError: can't access property "path", importedUserStyles[i] is null
    IframeDecorator webpack-internal:///(app-pages-browser)/./src/lib/IframeDecorator.tsx:20
    srcDocData webpack-internal:///(app-pages-browser)/./src/components/repo/RepoConnector.tsx:141
    React 3
    RepoConnector webpack-internal:///(app-pages-browser)/./src/components/repo/RepoConnector.tsx:140
    React 57
page.js line 2256 > eval:20:30
🚀🚀🚀 now: 1724376220627 RepoConnector.tsx:30:10
🚀🚀🚀 now: 1724376220717 RepoConnector.tsx:30:10
Uncaught TypeError: can't access property "path", importedUserStyles[i] is null
    IframeDecorator webpack-internal:///(app-pages-browser)/./src/lib/IframeDecorator.tsx:20
    srcDocData webpack-internal:///(app-pages-browser)/./src/components/repo/RepoConnector.tsx:141
    React 3
    RepoConnector webpack-internal:///(app-pages-browser)/./src/components/repo/RepoConnector.tsx:140
    React 2
page.js line 2256 > eval:20:30
Uncaught TypeError: can't access property "path", importedUserStyles[i] is null
    IframeDecorator webpack-internal:///(app-pages-browser)/./src/lib/IframeDecorator.tsx:20
    srcDocData webpack-internal:///(app-pages-browser)/./src/components/repo/RepoConnector.tsx:141
    React 3
    RepoConnector webpack-internal:///(app-pages-browser)/./src/components/repo/RepoConnector.tsx:140
    React 2
page.js line 2256 > eval:20:30
Uncaught TypeError: can't access property "path", importedUserStyles[i] is null
    IframeDecorator webpack-internal:///(app-pages-browser)/./src/lib/IframeDecorator.tsx:20
    srcDocData webpack-internal:///(app-pages-browser)/./src/components/repo/RepoConnector.tsx:141
    React 3
    RepoConnector webpack-internal:///(app-pages-browser)/./src/components/repo/RepoConnector.tsx:140
    React 2
page.js line 2256 > eval:20:30
Uncaught TypeError: can't access property "path", importedUserStyles[i] is null
    IframeDecorator webpack-internal:///(app-pages-browser)/./src/lib/IframeDecorator.tsx:20
    srcDocData webpack-internal:///(app-pages-browser)/./src/components/repo/RepoConnector.tsx:141
    React 3
    RepoConnector webpack-internal:///(app-pages-browser)/./src/components/repo/RepoConnector.tsx:140
    React 2
page.js line 2256 > eval:20:30
🚀🚀🚀 now: 1724376220817 RepoConnector.tsx:30:10
🚀🚀🚀 now: 1724376220905 RepoConnector.tsx:30:10
Uncaught TypeError: can't access property "path", importedUserStyles[i] is null
    IframeDecorator webpack-internal:///(app-pages-browser)/./src/lib/IframeDecorator.tsx:20
    srcDocData webpack-internal:///(app-pages-browser)/./src/components/repo/RepoConnector.tsx:141
    React 3
    RepoConnector webpack-internal:///(app-pages-browser)/./src/components/repo/RepoConnector.tsx:140
    React 48
page.js line 2256 > eval:20:30
Uncaught TypeError: can't access property "path", importedUserStyles[i] is null
    IframeDecorator webpack-internal:///(app-pages-browser)/./src/lib/IframeDecorator.tsx:20
    srcDocData webpack-internal:///(app-pages-browser)/./src/components/repo/RepoConnector.tsx:141
    React 3
    RepoConnector webpack-internal:///(app-pages-browser)/./src/components/repo/RepoConnector.tsx:140
    React 45
page.js line 2256 > eval:20:30
Uncaught TypeError: can't access property "path", importedUserStyles[i] is null
    IframeDecorator webpack-internal:///(app-pages-browser)/./src/lib/IframeDecorator.tsx:20
    srcDocData webpack-internal:///(app-pages-browser)/./src/components/repo/RepoConnector.tsx:141
    React 3
    RepoConnector webpack-internal:///(app-pages-browser)/./src/components/repo/RepoConnector.tsx:140
    React 45
page.js line 2256 > eval:20:30
Uncaught TypeError: can't access property "path", importedUserStyles[i] is null
    IframeDecorator webpack-internal:///(app-pages-browser)/./src/lib/IframeDecorator.tsx:20
    srcDocData webpack-internal:///(app-pages-browser)/./src/components/repo/RepoConnector.tsx:141
    React 3
    RepoConnector webpack-internal:///(app-pages-browser)/./src/components/repo/RepoConnector.tsx:140
    React 45
page.js line 2256 > eval:20:30
🚀🚀🚀 now: 1724376221000 RepoConnector.tsx:30:10
🚀🚀🚀 now: 1724376221094 RepoConnector.tsx:30:10
Uncaught TypeError: can't access property "path", importedUserStyles[i] is null
    IframeDecorator webpack-internal:///(app-pages-browser)/./src/lib/IframeDecorator.tsx:20
    srcDocData webpack-internal:///(app-pages-browser)/./src/components/repo/RepoConnector.tsx:141
    React 3
    RepoConnector webpack-internal:///(app-pages-browser)/./src/components/repo/RepoConnector.tsx:140
    React 60
page.js line 2256 > eval:20:30
Uncaught TypeError: can't access property "path", importedUserStyles[i] is null
    IframeDecorator webpack-internal:///(app-pages-browser)/./src/lib/IframeDecorator.tsx:20
    srcDocData webpack-internal:///(app-pages-browser)/./src/components/repo/RepoConnector.tsx:141
    React 3
    RepoConnector webpack-internal:///(app-pages-browser)/./src/components/repo/RepoConnector.tsx:140
    React 57
page.js line 2256 > eval:20:30
Uncaught TypeError: can't access property "path", importedUserStyles[i] is null
    IframeDecorator webpack-internal:///(app-pages-browser)/./src/lib/IframeDecorator.tsx:20
    srcDocData webpack-internal:///(app-pages-browser)/./src/components/repo/RepoConnector.tsx:141
    React 3
    RepoConnector webpack-internal:///(app-pages-browser)/./src/components/repo/RepoConnector.tsx:140
    React 57
page.js line 2256 > eval:20:30
Uncaught TypeError: can't access property "path", importedUserStyles[i] is null
    IframeDecorator webpack-internal:///(app-pages-browser)/./src/lib/IframeDecorator.tsx:20
    srcDocData webpack-internal:///(app-pages-browser)/./src/components/repo/RepoConnector.tsx:141
    React 3
    RepoConnector webpack-internal:///(app-pages-browser)/./src/components/repo/RepoConnector.tsx:140
    React 57
page.js line 2256 > eval:20:30
🚀🚀🚀 now: 1724376221189 RepoConnector.tsx:30:10
🚀🚀🚀 now: 1724376221280 RepoConnector.tsx:30:10
Uncaught TypeError: can't access property "path", importedUserStyles[i] is null
    IframeDecorator webpack-internal:///(app-pages-browser)/./src/lib/IframeDecorator.tsx:20
    srcDocData webpack-internal:///(app-pages-browser)/./src/components/repo/RepoConnector.tsx:141
    React 3
    RepoConnector webpack-internal:///(app-pages-browser)/./src/components/repo/RepoConnector.tsx:140
    React 2
page.js line 2256 > eval:20:30
Uncaught TypeError: can't access property "path", importedUserStyles[i] is null
    IframeDecorator webpack-internal:///(app-pages-browser)/./src/lib/IframeDecorator.tsx:20
    srcDocData webpack-internal:///(app-pages-browser)/./src/components/repo/RepoConnector.tsx:141
    React 3
    RepoConnector webpack-internal:///(app-pages-browser)/./src/components/repo/RepoConnector.tsx:140
    React 2
page.js line 2256 > eval:20:30
Uncaught TypeError: can't access property "path", importedUserStyles[i] is null
    IframeDecorator webpack-internal:///(app-pages-browser)/./src/lib/IframeDecorator.tsx:20
    srcDocData webpack-internal:///(app-pages-browser)/./src/components/repo/RepoConnector.tsx:141
    React 3
    RepoConnector webpack-internal:///(app-pages-browser)/./src/components/repo/RepoConnector.tsx:140
    React 2
page.js line 2256 > eval:20:30
Uncaught TypeError: can't access property "path", importedUserStyles[i] is null
    IframeDecorator webpack-internal:///(app-pages-browser)/./src/lib/IframeDecorator.tsx:20
    srcDocData webpack-internal:///(app-pages-browser)/./src/components/repo/RepoConnector.tsx:141
    React 3
    RepoConnector webpack-internal:///(app-pages-browser)/./src/components/repo/RepoConnector.tsx:140
    React 2
page.js line 2256 > eval:20:30
🚀🚀🚀 now: 1724376221373 RepoConnector.tsx:30:10
🚀🚀🚀 now: 1724376221453 RepoConnector.tsx:30:10
Uncaught TypeError: can't access property "path", importedUserStyles[i] is null
    IframeDecorator webpack-internal:///(app-pages-browser)/./src/lib/IframeDecorator.tsx:20
    srcDocData webpack-internal:///(app-pages-browser)/./src/components/repo/RepoConnector.tsx:141
    React 3
    RepoConnector webpack-internal:///(app-pages-browser)/./src/components/repo/RepoConnector.tsx:140
    React 48
page.js line 2256 > eval:20:30
Uncaught TypeError: can't access property "path", importedUserStyles[i] is null
    IframeDecorator webpack-internal:///(app-pages-browser)/./src/lib/IframeDecorator.tsx:20
    srcDocData webpack-internal:///(app-pages-browser)/./src/components/repo/RepoConnector.tsx:141
    React 3
    RepoConnector webpack-internal:///(app-pages-browser)/./src/components/repo/RepoConnector.tsx:140
    React 45
page.js line 2256 > eval:20:30
Uncaught TypeError: can't access property "path", importedUserStyles[i] is null
    IframeDecorator webpack-internal:///(app-pages-browser)/./src/lib/IframeDecorator.tsx:20
    srcDocData webpack-internal:///(app-pages-browser)/./src/components/repo/RepoConnector.tsx:141
    React 3
    RepoConnector webpack-internal:///(app-pages-browser)/./src/components/repo/RepoConnector.tsx:140
    React 45
page.js line 2256 > eval:20:30
Uncaught TypeError: can't access property "path", importedUserStyles[i] is null
    IframeDecorator webpack-internal:///(app-pages-browser)/./src/lib/IframeDecorator.tsx:20
    srcDocData webpack-internal:///(app-pages-browser)/./src/components/repo/RepoConnector.tsx:141
    React 3
    RepoConnector webpack-internal:///(app-pages-browser)/./src/components/repo/RepoConnector.tsx:140
    React 45
page.js line 2256 > eval:20:30
🚀🚀🚀 now: 1724376221541 RepoConnector.tsx:30:10
🚀🚀🚀 now: 1724376221621 RepoConnector.tsx:30:10
Uncaught TypeError: can't access property "path", importedUserStyles[i] is null
    IframeDecorator webpack-internal:///(app-pages-browser)/./src/lib/IframeDecorator.tsx:20
    srcDocData webpack-internal:///(app-pages-browser)/./src/components/repo/RepoConnector.tsx:141
    React 3
    RepoConnector webpack-internal:///(app-pages-browser)/./src/components/repo/RepoConnector.tsx:140
    React 60
page.js line 2256 > eval:20:30
Uncaught TypeError: can't access property "path", importedUserStyles[i] is null
    IframeDecorator webpack-internal:///(app-pages-browser)/./src/lib/IframeDecorator.tsx:20
    srcDocData webpack-internal:///(app-pages-browser)/./src/components/repo/RepoConnector.tsx:141
    React 3
    RepoConnector webpack-internal:///(app-pages-browser)/./src/components/repo/RepoConnector.tsx:140
    React 57
page.js line 2256 > eval:20:30
Uncaught TypeError: can't access property "path", importedUserStyles[i] is null
    IframeDecorator webpack-internal:///(app-pages-browser)/./src/lib/IframeDecorator.tsx:20
    srcDocData webpack-internal:///(app-pages-browser)/./src/components/repo/RepoConnector.tsx:141
    React 3
    RepoConnector webpack-internal:///(app-pages-browser)/./src/components/repo/RepoConnector.tsx:140
    React 57
page.js line 2256 > eval:20:30
Uncaught TypeError: can't access property "path", importedUserStyles[i] is null
    IframeDecorator webpack-internal:///(app-pages-browser)/./src/lib/IframeDecorator.tsx:20
    srcDocData webpack-internal:///(app-pages-browser)/./src/components/repo/RepoConnector.tsx:141
    React 3
    RepoConnector webpack-internal:///(app-pages-browser)/./src/components/repo/RepoConnector.tsx:140
    React 57
page.js line 2256 > eval:20:30
🚀🚀🚀 now: 1724376221727 RepoConnector.tsx:30:10
🚀🚀🚀 now: 1724376221811 RepoConnector.tsx:30:10
Uncaught TypeError: can't access property "path", importedUserStyles[i] is null
    IframeDecorator webpack-internal:///(app-pages-browser)/./src/lib/IframeDecorator.tsx:20
    srcDocData webpack-internal:///(app-pages-browser)/./src/components/repo/RepoConnector.tsx:141
    React 3
    RepoConnector webpack-internal:///(app-pages-browser)/./src/components/repo/RepoConnector.tsx:140
    React 2
page.js line 2256 > eval:20:30
Uncaught TypeError: can't access property "path", importedUserStyles[i] is null
    IframeDecorator webpack-internal:///(app-pages-browser)/./src/lib/IframeDecorator.tsx:20
    srcDocData webpack-internal:///(app-pages-browser)/./src/components/repo/RepoConnector.tsx:141
    React 3
    RepoConnector webpack-internal:///(app-pages-browser)/./src/components/repo/RepoConnector.tsx:140
    React 2
page.js line 2256 > eval:20:30
Uncaught TypeError: can't access property "path", importedUserStyles[i] is null
    IframeDecorator webpack-internal:///(app-pages-browser)/./src/lib/IframeDecorator.tsx:20
    srcDocData webpack-internal:///(app-pages-browser)/./src/components/repo/RepoConnector.tsx:141
    React 3
    RepoConnector webpack-internal:///(app-pages-browser)/./src/components/repo/RepoConnector.tsx:140
    React 2
page.js line 2256 > eval:20:30
Uncaught TypeError: can't access property "path", importedUserStyles[i] is null
    IframeDecorator webpack-internal:///(app-pages-browser)/./src/lib/IframeDecorator.tsx:20
    srcDocData webpack-internal:///(app-pages-browser)/./src/components/repo/RepoConnector.tsx:141
    React 3
    RepoConnector webpack-internal:///(app-pages-browser)/./src/components/repo/RepoConnector.tsx:140
    React 2
page.js line 2256 > eval:20:30
🚀🚀🚀 now: 1724376221925 RepoConnector.tsx:30:10
🚀🚀🚀 now: 1724376222036 RepoConnector.tsx:30:10
Uncaught TypeError: can't access property "path", importedUserStyles[i] is null
    IframeDecorator webpack-internal:///(app-pages-browser)/./src/lib/IframeDecorator.tsx:20
    srcDocData webpack-internal:///(app-pages-browser)/./src/components/repo/RepoConnector.tsx:141
    React 3
    RepoConnector webpack-internal:///(app-pages-browser)/./src/components/repo/RepoConnector.tsx:140
    React 48
page.js line 2256 > eval:20:30
Uncaught TypeError: can't access property "path", importedUserStyles[i] is null
    IframeDecorator webpack-internal:///(app-pages-browser)/./src/lib/IframeDecorator.tsx:20
    srcDocData webpack-internal:///(app-pages-browser)/./src/components/repo/RepoConnector.tsx:141
    React 3
    RepoConnector webpack-internal:///(app-pages-browser)/./src/components/repo/RepoConnector.tsx:140
    React 45
page.js line 2256 > eval:20:30
Uncaught TypeError: can't access property "path", importedUserStyles[i] is null
    IframeDecorator webpack-internal:///(app-pages-browser)/./src/lib/IframeDecorator.tsx:20
    srcDocData webpack-internal:///(app-pages-browser)/./src/components/repo/RepoConnector.tsx:141
    React 3
    RepoConnector webpack-internal:///(app-pages-browser)/./src/components/repo/RepoConnector.tsx:140
    React 45
page.js line 2256 > eval:20:30
Uncaught TypeError: can't access property "path", importedUserStyles[i] is null
    IframeDecorator webpack-internal:///(app-pages-browser)/./src/lib/IframeDecorator.tsx:20
    srcDocData webpack-internal:///(app-pages-browser)/./src/components/repo/RepoConnector.tsx:141
    React 3
    RepoConnector webpack-internal:///(app-pages-browser)/./src/components/repo/RepoConnector.tsx:140
    React 45
page.js line 2256 > eval:20:30
🚀🚀🚀 now: 1724376222149 RepoConnector.tsx:30:10
🚀🚀🚀 now: 1724376222240 RepoConnector.tsx:30:10
Uncaught TypeError: can't access property "path", importedUserStyles[i] is null
    IframeDecorator webpack-internal:///(app-pages-browser)/./src/lib/IframeDecorator.tsx:20
    srcDocData webpack-internal:///(app-pages-browser)/./src/components/repo/RepoConnector.tsx:141
    React 3
    RepoConnector webpack-internal:///(app-pages-browser)/./src/components/repo/RepoConnector.tsx:140
    React 60
page.js line 2256 > eval:20:30
Uncaught TypeError: can't access property "path", importedUserStyles[i] is null
    IframeDecorator webpack-internal:///(app-pages-browser)/./src/lib/IframeDecorator.tsx:20
    srcDocData webpack-internal:///(app-pages-browser)/./src/components/repo/RepoConnector.tsx:141
    React 3
    RepoConnector webpack-internal:///(app-pages-browser)/./src/components/repo/RepoConnector.tsx:140
    React 57
page.js line 2256 > eval:20:30
Uncaught TypeError: can't access property "path", importedUserStyles[i] is null
    IframeDecorator webpack-internal:///(app-pages-browser)/./src/lib/IframeDecorator.tsx:20
    srcDocData webpack-internal:///(app-pages-browser)/./src/components/repo/RepoConnector.tsx:141
    React 3
    RepoConnector webpack-internal:///(app-pages-browser)/./src/components/repo/RepoConnector.tsx:140
    React 57
page.js line 2256 > eval:20:30
Uncaught TypeError: can't access property "path", importedUserStyles[i] is null
    IframeDecorator webpack-internal:///(app-pages-browser)/./src/lib/IframeDecorator.tsx:20
    srcDocData webpack-internal:///(app-pages-browser)/./src/components/repo/RepoConnector.tsx:141
    React 3
    RepoConnector webpack-internal:///(app-pages-browser)/./src/components/repo/RepoConnector.tsx:140
    React 57
page.js line 2256 > eval:20:30
🚀🚀🚀 now: 1724376222388 RepoConnector.tsx:30:10
🚀🚀🚀 now: 1724376222485 RepoConnector.tsx:30:10
Uncaught TypeError: can't access property "path", importedUserStyles[i] is null
    IframeDecorator webpack-internal:///(app-pages-browser)/./src/lib/IframeDecorator.tsx:20
    srcDocData webpack-internal:///(app-pages-browser)/./src/components/repo/RepoConnector.tsx:141
    React 3
    RepoConnector webpack-internal:///(app-pages-browser)/./src/components/repo/RepoConnector.tsx:140
    React 2
page.js line 2256 > eval:20:30
Uncaught TypeError: can't access property "path", importedUserStyles[i] is null
    IframeDecorator webpack-internal:///(app-pages-browser)/./src/lib/IframeDecorator.tsx:20
    srcDocData webpack-internal:///(app-pages-browser)/./src/components/repo/RepoConnector.tsx:141
    React 3
    RepoConnector webpack-internal:///(app-pages-browser)/./src/components/repo/RepoConnector.tsx:140
    React 2
page.js line 2256 > eval:20:30
Uncaught TypeError: can't access property "path", importedUserStyles[i] is null
    IframeDecorator webpack-internal:///(app-pages-browser)/./src/lib/IframeDecorator.tsx:20
    srcDocData webpack-internal:///(app-pages-browser)/./src/components/repo/RepoConnector.tsx:141
    React 3
    RepoConnector webpack-internal:///(app-pages-browser)/./src/components/repo/RepoConnector.tsx:140
    React 2
page.js line 2256 > eval:20:30
Uncaught TypeError: can't access property "path", importedUserStyles[i] is null
    IframeDecorator webpack-internal:///(app-pages-browser)/./src/lib/IframeDecorator.tsx:20
    srcDocData webpack-internal:///(app-pages-browser)/./src/components/repo/RepoConnector.tsx:141
    React 3
    RepoConnector webpack-internal:///(app-pages-browser)/./src/components/repo/RepoConnector.tsx:140
    React 2
page.js line 2256 > eval:20:30
🚀🚀🚀 now: 1724376222581 RepoConnector.tsx:30:10
🚀🚀🚀 now: 1724376222668 RepoConnector.tsx:30:10
Uncaught TypeError: can't access property "path", importedUserStyles[i] is null
    IframeDecorator webpack-internal:///(app-pages-browser)/./src/lib/IframeDecorator.tsx:20
    srcDocData webpack-internal:///(app-pages-browser)/./src/components/repo/RepoConnector.tsx:141
    React 3
    RepoConnector webpack-internal:///(app-pages-browser)/./src/components/repo/RepoConnector.tsx:140
    React 48
page.js line 2256 > eval:20:30
Uncaught TypeError: can't access property "path", importedUserStyles[i] is null
    IframeDecorator webpack-internal:///(app-pages-browser)/./src/lib/IframeDecorator.tsx:20
    srcDocData webpack-internal:///(app-pages-browser)/./src/components/repo/RepoConnector.tsx:141
    React 3
    RepoConnector webpack-internal:///(app-pages-browser)/./src/components/repo/RepoConnector.tsx:140
    React 45
page.js line 2256 > eval:20:30
Uncaught TypeError: can't access property "path", importedUserStyles[i] is null
    IframeDecorator webpack-internal:///(app-pages-browser)/./src/lib/IframeDecorator.tsx:20
    srcDocData webpack-internal:///(app-pages-browser)/./src/components/repo/RepoConnector.tsx:141
    React 3
    RepoConnector webpack-internal:///(app-pages-browser)/./src/components/repo/RepoConnector.tsx:140
    React 45
page.js line 2256 > eval:20:30
Uncaught TypeError: can't access property "path", importedUserStyles[i] is null
    IframeDecorator webpack-internal:///(app-pages-browser)/./src/lib/IframeDecorator.tsx:20
    srcDocData webpack-internal:///(app-pages-browser)/./src/components/repo/RepoConnector.tsx:141
    React 3
    RepoConnector webpack-internal:///(app-pages-browser)/./src/components/repo/RepoConnector.tsx:140
    React 45
page.js line 2256 > eval:20:30
🚀🚀🚀 now: 1724376222765 RepoConnector.tsx:30:10
🚀🚀🚀 now: 1724376222843 RepoConnector.tsx:30:10
Uncaught TypeError: can't access property "path", importedUserStyles[i] is null
    IframeDecorator webpack-internal:///(app-pages-browser)/./src/lib/IframeDecorator.tsx:20
    srcDocData webpack-internal:///(app-pages-browser)/./src/components/repo/RepoConnector.tsx:141
    React 3
    RepoConnector webpack-internal:///(app-pages-browser)/./src/components/repo/RepoConnector.tsx:140
    React 60
page.js line 2256 > eval:20:30
Uncaught TypeError: can't access property "path", importedUserStyles[i] is null
    IframeDecorator webpack-internal:///(app-pages-browser)/./src/lib/IframeDecorator.tsx:20
    srcDocData webpack-internal:///(app-pages-browser)/./src/components/repo/RepoConnector.tsx:141
    React 3
    RepoConnector webpack-internal:///(app-pages-browser)/./src/components/repo/RepoConnector.tsx:140
    React 57
page.js line 2256 > eval:20:30
Uncaught TypeError: can't access property "path", importedUserStyles[i] is null
    IframeDecorator webpack-internal:///(app-pages-browser)/./src/lib/IframeDecorator.tsx:20
    srcDocData webpack-internal:///(app-pages-browser)/./src/components/repo/RepoConnector.tsx:141
    React 3
    RepoConnector webpack-internal:///(app-pages-browser)/./src/components/repo/RepoConnector.tsx:140
    React 57
page.js line 2256 > eval:20:30
Uncaught TypeError: can't access property "path", importedUserStyles[i] is null
    IframeDecorator webpack-internal:///(app-pages-browser)/./src/lib/IframeDecorator.tsx:20
    srcDocData webpack-internal:///(app-pages-browser)/./src/components/repo/RepoConnector.tsx:141
    React 3
    RepoConnector webpack-internal:///(app-pages-browser)/./src/components/repo/RepoConnector.tsx:140
    React 57
page.js line 2256 > eval:20:30
🚀🚀🚀 now: 1724376222941 RepoConnector.tsx:30:10
🚀🚀🚀 now: 1724376223020 RepoConnector.tsx:30:10
Uncaught TypeError: can't access property "path", importedUserStyles[i] is null
    IframeDecorator webpack-internal:///(app-pages-browser)/./src/lib/IframeDecorator.tsx:20
    srcDocData webpack-internal:///(app-pages-browser)/./src/components/repo/RepoConnector.tsx:141
    React 3
    RepoConnector webpack-internal:///(app-pages-browser)/./src/components/repo/RepoConnector.tsx:140
    React 2
page.js line 2256 > eval:20:30
Uncaught TypeError: can't access property "path", importedUserStyles[i] is null
    IframeDecorator webpack-internal:///(app-pages-browser)/./src/lib/IframeDecorator.tsx:20
    srcDocData webpack-internal:///(app-pages-browser)/./src/components/repo/RepoConnector.tsx:141
    React 3
    RepoConnector webpack-internal:///(app-pages-browser)/./src/components/repo/RepoConnector.tsx:140
    React 2
page.js line 2256 > eval:20:30
Uncaught TypeError: can't access property "path", importedUserStyles[i] is null
    IframeDecorator webpack-internal:///(app-pages-browser)/./src/lib/IframeDecorator.tsx:20
    srcDocData webpack-internal:///(app-pages-browser)/./src/components/repo/RepoConnector.tsx:141
    React 3
    RepoConnector webpack-internal:///(app-pages-browser)/./src/components/repo/RepoConnector.tsx:140
    React 2
page.js line 2256 > eval:20:30
Uncaught TypeError: can't access property "path", importedUserStyles[i] is null
    IframeDecorator webpack-internal:///(app-pages-browser)/./src/lib/IframeDecorator.tsx:20
    srcDocData webpack-internal:///(app-pages-browser)/./src/components/repo/RepoConnector.tsx:141
    React 3
    RepoConnector webpack-internal:///(app-pages-browser)/./src/components/repo/RepoConnector.tsx:140
    React 2
page.js line 2256 > eval:20:30
🚀🚀🚀 now: 1724376223119 RepoConnector.tsx:30:10
🚀🚀🚀 now: 1724376223215 RepoConnector.tsx:30:10
Uncaught TypeError: can't access property "path", importedUserStyles[i] is null
    IframeDecorator webpack-internal:///(app-pages-browser)/./src/lib/IframeDecorator.tsx:20
    srcDocData webpack-internal:///(app-pages-browser)/./src/components/repo/RepoConnector.tsx:141
    React 3
    RepoConnector webpack-internal:///(app-pages-browser)/./src/components/repo/RepoConnector.tsx:140
    React 48
page.js line 2256 > eval:20:30
Uncaught TypeError: can't access property "path", importedUserStyles[i] is null
    IframeDecorator webpack-internal:///(app-pages-browser)/./src/lib/IframeDecorator.tsx:20
    srcDocData webpack-internal:///(app-pages-browser)/./src/components/repo/RepoConnector.tsx:141
    React 3
    RepoConnector webpack-internal:///(app-pages-browser)/./src/components/repo/RepoConnector.tsx:140
    React 45
page.js line 2256 > eval:20:30
Uncaught TypeError: can't access property "path", importedUserStyles[i] is null
    IframeDecorator webpack-internal:///(app-pages-browser)/./src/lib/IframeDecorator.tsx:20
    srcDocData webpack-internal:///(app-pages-browser)/./src/components/repo/RepoConnector.tsx:141
    React 3
    RepoConnector webpack-internal:///(app-pages-browser)/./src/components/repo/RepoConnector.tsx:140
    React 45
page.js line 2256 > eval:20:30
Uncaught TypeError: can't access property "path", importedUserStyles[i] is null
    IframeDecorator webpack-internal:///(app-pages-browser)/./src/lib/IframeDecorator.tsx:20
    srcDocData webpack-internal:///(app-pages-browser)/./src/components/repo/RepoConnector.tsx:141
    React 3
    RepoConnector webpack-internal:///(app-pages-browser)/./src/components/repo/RepoConnector.tsx:140
    React 45
page.js line 2256 > eval:20:30
🚀🚀🚀 now: 1724376223305 RepoConnector.tsx:30:10
🚀🚀🚀 now: 1724376223397 RepoConnector.tsx:30:10
Uncaught TypeError: can't access property "path", importedUserStyles[i] is null
    IframeDecorator webpack-internal:///(app-pages-browser)/./src/lib/IframeDecorator.tsx:20
    srcDocData webpack-internal:///(app-pages-browser)/./src/components/repo/RepoConnector.tsx:141
    React 3
    RepoConnector webpack-internal:///(app-pages-browser)/./src/components/repo/RepoConnector.tsx:140
    React 60
page.js line 2256 > eval:20:30
Uncaught TypeError: can't access property "path", importedUserStyles[i] is null
    IframeDecorator webpack-internal:///(app-pages-browser)/./src/lib/IframeDecorator.tsx:20
    srcDocData webpack-internal:///(app-pages-browser)/./src/components/repo/RepoConnector.tsx:141
    React 3
    RepoConnector webpack-internal:///(app-pages-browser)/./src/components/repo/RepoConnector.tsx:140
    React 57
page.js line 2256 > eval:20:30
Uncaught TypeError: can't access property "path", importedUserStyles[i] is null
    IframeDecorator webpack-internal:///(app-pages-browser)/./src/lib/IframeDecorator.tsx:20
    srcDocData webpack-internal:///(app-pages-browser)/./src/components/repo/RepoConnector.tsx:141
    React 3
    RepoConnector webpack-internal:///(app-pages-browser)/./src/components/repo/RepoConnector.tsx:140
    React 57
page.js line 2256 > eval:20:30
Uncaught TypeError: can't access property "path", importedUserStyles[i] is null
    IframeDecorator webpack-internal:///(app-pages-browser)/./src/lib/IframeDecorator.tsx:20
    srcDocData webpack-internal:///(app-pages-browser)/./src/components/repo/RepoConnector.tsx:141
    React 3
    RepoConnector webpack-internal:///(app-pages-browser)/./src/components/repo/RepoConnector.tsx:140
    React 57
page.js line 2256 > eval:20:30
🚀🚀🚀 now: 1724376223487 RepoConnector.tsx:30:10
🚀🚀🚀 now: 1724376223571 RepoConnector.tsx:30:10
Uncaught TypeError: can't access property "path", importedUserStyles[i] is null
    IframeDecorator webpack-internal:///(app-pages-browser)/./src/lib/IframeDecorator.tsx:20
    srcDocData webpack-internal:///(app-pages-browser)/./src/components/repo/RepoConnector.tsx:141
    React 3
    RepoConnector webpack-internal:///(app-pages-browser)/./src/components/repo/RepoConnector.tsx:140
    React 2
page.js line 2256 > eval:20:30
Uncaught TypeError: can't access property "path", importedUserStyles[i] is null
    IframeDecorator webpack-internal:///(app-pages-browser)/./src/lib/IframeDecorator.tsx:20
    srcDocData webpack-internal:///(app-pages-browser)/./src/components/repo/RepoConnector.tsx:141
    React 3
    RepoConnector webpack-internal:///(app-pages-browser)/./src/components/repo/RepoConnector.tsx:140
    React 2
page.js line 2256 > eval:20:30
Uncaught TypeError: can't access property "path", importedUserStyles[i] is null
    IframeDecorator webpack-internal:///(app-pages-browser)/./src/lib/IframeDecorator.tsx:20
    srcDocData webpack-internal:///(app-pages-browser)/./src/components/repo/RepoConnector.tsx:141
    React 3
    RepoConnector webpack-internal:///(app-pages-browser)/./src/components/repo/RepoConnector.tsx:140
    React 2
page.js line 2256 > eval:20:30
Uncaught TypeError: can't access property "path", importedUserStyles[i] is null
    IframeDecorator webpack-internal:///(app-pages-browser)/./src/lib/IframeDecorator.tsx:20
    srcDocData webpack-internal:///(app-pages-browser)/./src/components/repo/RepoConnector.tsx:141
    React 3
    RepoConnector webpack-internal:///(app-pages-browser)/./src/components/repo/RepoConnector.tsx:140
    React 2
page.js line 2256 > eval:20:30
🚀🚀🚀 now: 1724376223669 RepoConnector.tsx:30:10
🚀🚀🚀 now: 1724376223749 RepoConnector.tsx:30:10
Uncaught TypeError: can't access property "path", importedUserStyles[i] is null
    IframeDecorator webpack-internal:///(app-pages-browser)/./src/lib/IframeDecorator.tsx:20
    srcDocData webpack-internal:///(app-pages-browser)/./src/components/repo/RepoConnector.tsx:141
    React 3
    RepoConnector webpack-internal:///(app-pages-browser)/./src/components/repo/RepoConnector.tsx:140
    React 48
page.js line 2256 > eval:20:30
Uncaught TypeError: can't access property "path", importedUserStyles[i] is null
    IframeDecorator webpack-internal:///(app-pages-browser)/./src/lib/IframeDecorator.tsx:20
    srcDocData webpack-internal:///(app-pages-browser)/./src/components/repo/RepoConnector.tsx:141
    React 3
    RepoConnector webpack-internal:///(app-pages-browser)/./src/components/repo/RepoConnector.tsx:140
    React 45
page.js line 2256 > eval:20:30
Uncaught TypeError: can't access property "path", importedUserStyles[i] is null
    IframeDecorator webpack-internal:///(app-pages-browser)/./src/lib/IframeDecorator.tsx:20
    srcDocData webpack-internal:///(app-pages-browser)/./src/components/repo/RepoConnector.tsx:141
    React 3
    RepoConnector webpack-internal:///(app-pages-browser)/./src/components/repo/RepoConnector.tsx:140
    React 45
page.js line 2256 > eval:20:30
Uncaught TypeError: can't access property "path", importedUserStyles[i] is null
    IframeDecorator webpack-internal:///(app-pages-browser)/./src/lib/IframeDecorator.tsx:20
    srcDocData webpack-internal:///(app-pages-browser)/./src/components/repo/RepoConnector.tsx:141
    React 3
    RepoConnector webpack-internal:///(app-pages-browser)/./src/components/repo/RepoConnector.tsx:140
    React 45
page.js line 2256 > eval:20:30
🚀🚀🚀 now: 1724376223838 RepoConnector.tsx:30:10
🚀🚀🚀 now: 1724376223934 RepoConnector.tsx:30:10
Uncaught TypeError: can't access property "path", importedUserStyles[i] is null
    IframeDecorator webpack-internal:///(app-pages-browser)/./src/lib/IframeDecorator.tsx:20
    srcDocData webpack-internal:///(app-pages-browser)/./src/components/repo/RepoConnector.tsx:141
    React 3
    RepoConnector webpack-internal:///(app-pages-browser)/./src/components/repo/RepoConnector.tsx:140
    React 60
page.js line 2256 > eval:20:30
Uncaught TypeError: can't access property "path", importedUserStyles[i] is null
    IframeDecorator webpack-internal:///(app-pages-browser)/./src/lib/IframeDecorator.tsx:20
    srcDocData webpack-internal:///(app-pages-browser)/./src/components/repo/RepoConnector.tsx:141
    React 3
    RepoConnector webpack-internal:///(app-pages-browser)/./src/components/repo/RepoConnector.tsx:140
    React 57
page.js line 2256 > eval:20:30
Uncaught TypeError: can't access property "path", importedUserStyles[i] is null
    IframeDecorator webpack-internal:///(app-pages-browser)/./src/lib/IframeDecorator.tsx:20
    srcDocData webpack-internal:///(app-pages-browser)/./src/components/repo/RepoConnector.tsx:141
    React 3
    RepoConnector webpack-internal:///(app-pages-browser)/./src/components/repo/RepoConnector.tsx:140
    React 57
page.js line 2256 > eval:20:30
Uncaught TypeError: can't access property "path", importedUserStyles[i] is null
    IframeDecorator webpack-internal:///(app-pages-browser)/./src/lib/IframeDecorator.tsx:20
    srcDocData webpack-internal:///(app-pages-browser)/./src/components/repo/RepoConnector.tsx:141
    React 3
    RepoConnector webpack-internal:///(app-pages-browser)/./src/components/repo/RepoConnector.tsx:140
    React 57
page.js line 2256 > eval:20:30
🚀🚀🚀 now: 1724376224032 RepoConnector.tsx:30:10
🚀🚀🚀 now: 1724376224128 RepoConnector.tsx:30:10
Uncaught TypeError: can't access property "path", importedUserStyles[i] is null
    IframeDecorator webpack-internal:///(app-pages-browser)/./src/lib/IframeDecorator.tsx:20
    srcDocData webpack-internal:///(app-pages-browser)/./src/components/repo/RepoConnector.tsx:141
    React 3
    RepoConnector webpack-internal:///(app-pages-browser)/./src/components/repo/RepoConnector.tsx:140
    React 2
page.js line 2256 > eval:20:30
Uncaught TypeError: can't access property "path", importedUserStyles[i] is null
    IframeDecorator webpack-internal:///(app-pages-browser)/./src/lib/IframeDecorator.tsx:20
    srcDocData webpack-internal:///(app-pages-browser)/./src/components/repo/RepoConnector.tsx:141
    React 3
    RepoConnector webpack-internal:///(app-pages-browser)/./src/components/repo/RepoConnector.tsx:140
    React 2
page.js line 2256 > eval:20:30
Uncaught TypeError: can't access property "path", importedUserStyles[i] is null
    IframeDecorator webpack-internal:///(app-pages-browser)/./src/lib/IframeDecorator.tsx:20
    srcDocData webpack-internal:///(app-pages-browser)/./src/components/repo/RepoConnector.tsx:141
    React 3
    RepoConnector webpack-internal:///(app-pages-browser)/./src/components/repo/RepoConnector.tsx:140
    React 2
page.js line 2256 > eval:20:30
Uncaught TypeError: can't access property "path", importedUserStyles[i] is null
    IframeDecorator webpack-internal:///(app-pages-browser)/./src/lib/IframeDecorator.tsx:20
    srcDocData webpack-internal:///(app-pages-browser)/./src/components/repo/RepoConnector.tsx:141
    React 3
    RepoConnector webpack-internal:///(app-pages-browser)/./src/components/repo/RepoConnector.tsx:140
    React 2
page.js line 2256 > eval:20:30
🚀🚀🚀 now: 1724376224246 RepoConnector.tsx:30:10
🚀🚀🚀 now: 1724376224341 RepoConnector.tsx:30:10
Uncaught TypeError: can't access property "path", importedUserStyles[i] is null
    IframeDecorator webpack-internal:///(app-pages-browser)/./src/lib/IframeDecorator.tsx:20
    srcDocData webpack-internal:///(app-pages-browser)/./src/components/repo/RepoConnector.tsx:141
    React 3
    RepoConnector webpack-internal:///(app-pages-browser)/./src/components/repo/RepoConnector.tsx:140
    React 48
page.js line 2256 > eval:20:30
Uncaught TypeError: can't access property "path", importedUserStyles[i] is null
    IframeDecorator webpack-internal:///(app-pages-browser)/./src/lib/IframeDecorator.tsx:20
    srcDocData webpack-internal:///(app-pages-browser)/./src/components/repo/RepoConnector.tsx:141
    React 3
    RepoConnector webpack-internal:///(app-pages-browser)/./src/components/repo/RepoConnector.tsx:140
    React 45
page.js line 2256 > eval:20:30
Uncaught TypeError: can't access property "path", importedUserStyles[i] is null
    IframeDecorator webpack-internal:///(app-pages-browser)/./src/lib/IframeDecorator.tsx:20
    srcDocData webpack-internal:///(app-pages-browser)/./src/components/repo/RepoConnector.tsx:141
    React 3
    RepoConnector webpack-internal:///(app-pages-browser)/./src/components/repo/RepoConnector.tsx:140
    React 45
page.js line 2256 > eval:20:30
Uncaught TypeError: can't access property "path", importedUserStyles[i] is null
    IframeDecorator webpack-internal:///(app-pages-browser)/./src/lib/IframeDecorator.tsx:20
    srcDocData webpack-internal:///(app-pages-browser)/./src/components/repo/RepoConnector.tsx:141
    React 3
    RepoConnector webpack-internal:///(app-pages-browser)/./src/components/repo/RepoConnector.tsx:140
    React 45
page.js line 2256 > eval:20:30
🚀🚀🚀 now: 1724376224431 RepoConnector.tsx:30:10
🚀🚀🚀 now: 1724376224616 RepoConnector.tsx:30:10
Uncaught TypeError: can't access property "path", importedUserStyles[i] is null
    IframeDecorator webpack-internal:///(app-pages-browser)/./src/lib/IframeDecorator.tsx:20
    srcDocData webpack-internal:///(app-pages-browser)/./src/components/repo/RepoConnector.tsx:141
    React 3
    RepoConnector webpack-internal:///(app-pages-browser)/./src/components/repo/RepoConnector.tsx:140
    React 60
page.js line 2256 > eval:20:30
Uncaught TypeError: can't access property "path", importedUserStyles[i] is null
    IframeDecorator webpack-internal:///(app-pages-browser)/./src/lib/IframeDecorator.tsx:20
    srcDocData webpack-internal:///(app-pages-browser)/./src/components/repo/RepoConnector.tsx:141
    React 3
    RepoConnector webpack-internal:///(app-pages-browser)/./src/components/repo/RepoConnector.tsx:140
    React 57
page.js line 2256 > eval:20:30
Uncaught TypeError: can't access property "path", importedUserStyles[i] is null
    IframeDecorator webpack-internal:///(app-pages-browser)/./src/lib/IframeDecorator.tsx:20
    srcDocData webpack-internal:///(app-pages-browser)/./src/components/repo/RepoConnector.tsx:141
    React 3
    RepoConnector webpack-internal:///(app-pages-browser)/./src/components/repo/RepoConnector.tsx:140
    React 57
page.js line 2256 > eval:20:30
Uncaught TypeError: can't access property "path", importedUserStyles[i] is null
    IframeDecorator webpack-internal:///(app-pages-browser)/./src/lib/IframeDecorator.tsx:20
    srcDocData webpack-internal:///(app-pages-browser)/./src/components/repo/RepoConnector.tsx:141
    React 3
    RepoConnector webpack-internal:///(app-pages-browser)/./src/components/repo/RepoConnector.tsx:140
    React 57
page.js line 2256 > eval:20:30
🚀🚀🚀 now: 1724376224755 RepoConnector.tsx:30:10
🚀🚀🚀 now: 1724376224837 RepoConnector.tsx:30:10
Uncaught TypeError: can't access property "path", importedUserStyles[i] is null
    IframeDecorator webpack-internal:///(app-pages-browser)/./src/lib/IframeDecorator.tsx:20
    srcDocData webpack-internal:///(app-pages-browser)/./src/components/repo/RepoConnector.tsx:141
    React 3
    RepoConnector webpack-internal:///(app-pages-browser)/./src/components/repo/RepoConnector.tsx:140
    React 2
page.js line 2256 > eval:20:30
Uncaught TypeError: can't access property "path", importedUserStyles[i] is null
    IframeDecorator webpack-internal:///(app-pages-browser)/./src/lib/IframeDecorator.tsx:20
    srcDocData webpack-internal:///(app-pages-browser)/./src/components/repo/RepoConnector.tsx:141
    React 3
    RepoConnector webpack-internal:///(app-pages-browser)/./src/components/repo/RepoConnector.tsx:140
    React 2
page.js line 2256 > eval:20:30
Uncaught TypeError: can't access property "path", importedUserStyles[i] is null
    IframeDecorator webpack-internal:///(app-pages-browser)/./src/lib/IframeDecorator.tsx:20
    srcDocData webpack-internal:///(app-pages-browser)/./src/components/repo/RepoConnector.tsx:141
    React 3
    RepoConnector webpack-internal:///(app-pages-browser)/./src/components/repo/RepoConnector.tsx:140
    React 2
page.js line 2256 > eval:20:30
Uncaught TypeError: can't access property "path", importedUserStyles[i] is null
    IframeDecorator webpack-internal:///(app-pages-browser)/./src/lib/IframeDecorator.tsx:20
    srcDocData webpack-internal:///(app-pages-browser)/./src/components/repo/RepoConnector.tsx:141
    React 3
    RepoConnector webpack-internal:///(app-pages-browser)/./src/components/repo/RepoConnector.tsx:140
    React 2
page.js line 2256 > eval:20:30
🚀🚀🚀 now: 1724376224959 RepoConnector.tsx:30:10
🚀🚀🚀 now: 1724376225113 RepoConnector.tsx:30:10
Uncaught TypeError: can't access property "path", importedUserStyles[i] is null
    IframeDecorator webpack-internal:///(app-pages-browser)/./src/lib/IframeDecorator.tsx:20
    srcDocData webpack-internal:///(app-pages-browser)/./src/components/repo/RepoConnector.tsx:141
    React 3
    RepoConnector webpack-internal:///(app-pages-browser)/./src/components/repo/RepoConnector.tsx:140
    React 48
page.js line 2256 > eval:20:30
Uncaught TypeError: can't access property "path", importedUserStyles[i] is null
    IframeDecorator webpack-internal:///(app-pages-browser)/./src/lib/IframeDecorator.tsx:20
    srcDocData webpack-internal:///(app-pages-browser)/./src/components/repo/RepoConnector.tsx:141
    React 3
    RepoConnector webpack-internal:///(app-pages-browser)/./src/components/repo/RepoConnector.tsx:140
    React 45
page.js line 2256 > eval:20:30
Uncaught TypeError: can't access property "path", importedUserStyles[i] is null
    IframeDecorator webpack-internal:///(app-pages-browser)/./src/lib/IframeDecorator.tsx:20
    srcDocData webpack-internal:///(app-pages-browser)/./src/components/repo/RepoConnector.tsx:141
    React 3
    RepoConnector webpack-internal:///(app-pages-browser)/./src/components/repo/RepoConnector.tsx:140
    React 45
page.js line 2256 > eval:20:30
Uncaught TypeError: can't access property "path", importedUserStyles[i] is null
    IframeDecorator webpack-internal:///(app-pages-browser)/./src/lib/IframeDecorator.tsx:20
    srcDocData webpack-internal:///(app-pages-browser)/./src/components/repo/RepoConnector.tsx:141
    React 3
    RepoConnector webpack-internal:///(app-pages-browser)/./src/components/repo/RepoConnector.tsx:140
    React 45
page.js line 2256 > eval:20:30
🚀🚀🚀 now: 1724376225265 RepoConnector.tsx:30:10
🚀🚀🚀 now: 1724376225346 RepoConnector.tsx:30:10
Uncaught TypeError: can't access property "path", importedUserStyles[i] is null
    IframeDecorator webpack-internal:///(app-pages-browser)/./src/lib/IframeDecorator.tsx:20
    srcDocData webpack-internal:///(app-pages-browser)/./src/components/repo/RepoConnector.tsx:141
    React 3
    RepoConnector webpack-internal:///(app-pages-browser)/./src/components/repo/RepoConnector.tsx:140
    React 60
page.js line 2256 > eval:20:30
Uncaught TypeError: can't access property "path", importedUserStyles[i] is null
    IframeDecorator webpack-internal:///(app-pages-browser)/./src/lib/IframeDecorator.tsx:20
    srcDocData webpack-internal:///(app-pages-browser)/./src/components/repo/RepoConnector.tsx:141
    React 3
    RepoConnector webpack-internal:///(app-pages-browser)/./src/components/repo/RepoConnector.tsx:140
    React 57
page.js line 2256 > eval:20:30
Uncaught TypeError: can't access property "path", importedUserStyles[i] is null
    IframeDecorator webpack-internal:///(app-pages-browser)/./src/lib/IframeDecorator.tsx:20
    srcDocData webpack-internal:///(app-pages-browser)/./src/components/repo/RepoConnector.tsx:141
    React 3
    RepoConnector webpack-internal:///(app-pages-browser)/./src/components/repo/RepoConnector.tsx:140
    React 57
page.js line 2256 > eval:20:30
Uncaught TypeError: can't access property "path", importedUserStyles[i] is null
    IframeDecorator webpack-internal:///(app-pages-browser)/./src/lib/IframeDecorator.tsx:20
    srcDocData webpack-internal:///(app-pages-browser)/./src/components/repo/RepoConnector.tsx:141
    React 3
    RepoConnector webpack-internal:///(app-pages-browser)/./src/components/repo/RepoConnector.tsx:140
    React 57
page.js line 2256 > eval:20:30
🚀🚀🚀 now: 1724376225458 RepoConnector.tsx:30:10
🚀🚀🚀 now: 1724376225539 RepoConnector.tsx:30:10
Uncaught TypeError: can't access property "path", importedUserStyles[i] is null
    IframeDecorator webpack-internal:///(app-pages-browser)/./src/lib/IframeDecorator.tsx:20
    srcDocData webpack-internal:///(app-pages-browser)/./src/components/repo/RepoConnector.tsx:141
    React 3
    RepoConnector webpack-internal:///(app-pages-browser)/./src/components/repo/RepoConnector.tsx:140
    React 2
page.js line 2256 > eval:20:30
Uncaught TypeError: can't access property "path", importedUserStyles[i] is null
    IframeDecorator webpack-internal:///(app-pages-browser)/./src/lib/IframeDecorator.tsx:20
    srcDocData webpack-internal:///(app-pages-browser)/./src/components/repo/RepoConnector.tsx:141
    React 3
    RepoConnector webpack-internal:///(app-pages-browser)/./src/components/repo/RepoConnector.tsx:140
    React 2
page.js line 2256 > eval:20:30
Uncaught TypeError: can't access property "path", importedUserStyles[i] is null
    IframeDecorator webpack-internal:///(app-pages-browser)/./src/lib/IframeDecorator.tsx:20
    srcDocData webpack-internal:///(app-pages-browser)/./src/components/repo/RepoConnector.tsx:141
    React 3
    RepoConnector webpack-internal:///(app-pages-browser)/./src/components/repo/RepoConnector.tsx:140
    React 2
page.js line 2256 > eval:20:30
Uncaught TypeError: can't access property "path", importedUserStyles[i] is null
    IframeDecorator webpack-internal:///(app-pages-browser)/./src/lib/IframeDecorator.tsx:20
    srcDocData webpack-internal:///(app-pages-browser)/./src/components/repo/RepoConnector.tsx:141
    React 3
    RepoConnector webpack-internal:///(app-pages-browser)/./src/components/repo/RepoConnector.tsx:140
    React 2
page.js line 2256 > eval:20:30
🚀🚀🚀 now: 1724376225622 RepoConnector.tsx:30:10
🚀🚀🚀 now: 1724376225697 RepoConnector.tsx:30:10
Uncaught TypeError: can't access property "path", importedUserStyles[i] is null
    IframeDecorator webpack-internal:///(app-pages-browser)/./src/lib/IframeDecorator.tsx:20
    srcDocData webpack-internal:///(app-pages-browser)/./src/components/repo/RepoConnector.tsx:141
    React 3
    RepoConnector webpack-internal:///(app-pages-browser)/./src/components/repo/RepoConnector.tsx:140
    React 48
page.js line 2256 > eval:20:30
Uncaught TypeError: can't access property "path", importedUserStyles[i] is null
    IframeDecorator webpack-internal:///(app-pages-browser)/./src/lib/IframeDecorator.tsx:20
    srcDocData webpack-internal:///(app-pages-browser)/./src/components/repo/RepoConnector.tsx:141
    React 3
    RepoConnector webpack-internal:///(app-pages-browser)/./src/components/repo/RepoConnector.tsx:140
    React 45
page.js line 2256 > eval:20:30
Uncaught TypeError: can't access property "path", importedUserStyles[i] is null
    IframeDecorator webpack-internal:///(app-pages-browser)/./src/lib/IframeDecorator.tsx:20
    srcDocData webpack-internal:///(app-pages-browser)/./src/components/repo/RepoConnector.tsx:141
    React 3
    RepoConnector webpack-internal:///(app-pages-browser)/./src/components/repo/RepoConnector.tsx:140
    React 45
page.js line 2256 > eval:20:30
Uncaught TypeError: can't access property "path", importedUserStyles[i] is null
    IframeDecorator webpack-internal:///(app-pages-browser)/./src/lib/IframeDecorator.tsx:20
    srcDocData webpack-internal:///(app-pages-browser)/./src/components/repo/RepoConnector.tsx:141
    React 3
    RepoConnector webpack-internal:///(app-pages-browser)/./src/components/repo/RepoConnector.tsx:140
    React 45
page.js line 2256 > eval:20:30
🚀🚀🚀 now: 1724376225797 RepoConnector.tsx:30:10
🚀🚀🚀 now: 1724376225880 RepoConnector.tsx:30:10
Uncaught TypeError: can't access property "path", importedUserStyles[i] is null
    IframeDecorator webpack-internal:///(app-pages-browser)/./src/lib/IframeDecorator.tsx:20
    srcDocData webpack-internal:///(app-pages-browser)/./src/components/repo/RepoConnector.tsx:141
    React 3
    RepoConnector webpack-internal:///(app-pages-browser)/./src/components/repo/RepoConnector.tsx:140
    React 60
page.js line 2256 > eval:20:30
Uncaught TypeError: can't access property "path", importedUserStyles[i] is null
    IframeDecorator webpack-internal:///(app-pages-browser)/./src/lib/IframeDecorator.tsx:20
    srcDocData webpack-internal:///(app-pages-browser)/./src/components/repo/RepoConnector.tsx:141
    React 3
    RepoConnector webpack-internal:///(app-pages-browser)/./src/components/repo/RepoConnector.tsx:140
    React 57
page.js line 2256 > eval:20:30
Uncaught TypeError: can't access property "path", importedUserStyles[i] is null
    IframeDecorator webpack-internal:///(app-pages-browser)/./src/lib/IframeDecorator.tsx:20
    srcDocData webpack-internal:///(app-pages-browser)/./src/components/repo/RepoConnector.tsx:141
    React 3
    RepoConnector webpack-internal:///(app-pages-browser)/./src/components/repo/RepoConnector.tsx:140
    React 57
page.js line 2256 > eval:20:30
Uncaught TypeError: can't access property "path", importedUserStyles[i] is null
    IframeDecorator webpack-internal:///(app-pages-browser)/./src/lib/IframeDecorator.tsx:20
    srcDocData webpack-internal:///(app-pages-browser)/./src/components/repo/RepoConnector.tsx:141
    React 3
    RepoConnector webpack-internal:///(app-pages-browser)/./src/components/repo/RepoConnector.tsx:140
    React 57
page.js line 2256 > eval:20:30
🚀🚀🚀 now: 1724376225965 RepoConnector.tsx:30:10
🚀🚀🚀 now: 1724376226055 RepoConnector.tsx:30:10
Uncaught TypeError: can't access property "path", importedUserStyles[i] is null
    IframeDecorator webpack-internal:///(app-pages-browser)/./src/lib/IframeDecorator.tsx:20
    srcDocData webpack-internal:///(app-pages-browser)/./src/components/repo/RepoConnector.tsx:141
    React 3
    RepoConnector webpack-internal:///(app-pages-browser)/./src/components/repo/RepoConnector.tsx:140
    React 2
page.js line 2256 > eval:20:30
Uncaught TypeError: can't access property "path", importedUserStyles[i] is null
    IframeDecorator webpack-internal:///(app-pages-browser)/./src/lib/IframeDecorator.tsx:20
    srcDocData webpack-internal:///(app-pages-browser)/./src/components/repo/RepoConnector.tsx:141
    React 3
    RepoConnector webpack-internal:///(app-pages-browser)/./src/components/repo/RepoConnector.tsx:140
    React 2
page.js line 2256 > eval:20:30
Uncaught TypeError: can't access property "path", importedUserStyles[i] is null
    IframeDecorator webpack-internal:///(app-pages-browser)/./src/lib/IframeDecorator.tsx:20
    srcDocData webpack-internal:///(app-pages-browser)/./src/components/repo/RepoConnector.tsx:141
    React 3
    RepoConnector webpack-internal:///(app-pages-browser)/./src/components/repo/RepoConnector.tsx:140
    React 2
page.js line 2256 > eval:20:30
Uncaught TypeError: can't access property "path", importedUserStyles[i] is null
    IframeDecorator webpack-internal:///(app-pages-browser)/./src/lib/IframeDecorator.tsx:20
    srcDocData webpack-internal:///(app-pages-browser)/./src/components/repo/RepoConnector.tsx:141
    React 3
    RepoConnector webpack-internal:///(app-pages-browser)/./src/components/repo/RepoConnector.tsx:140
    React 2
page.js line 2256 > eval:20:30
🚀🚀🚀 now: 1724376226152 RepoConnector.tsx:30:10
🚀🚀🚀 now: 1724376226224 RepoConnector.tsx:30:10
Uncaught TypeError: can't access property "path", importedUserStyles[i] is null
    IframeDecorator webpack-internal:///(app-pages-browser)/./src/lib/IframeDecorator.tsx:20
    srcDocData webpack-internal:///(app-pages-browser)/./src/components/repo/RepoConnector.tsx:141
    React 3
    RepoConnector webpack-internal:///(app-pages-browser)/./src/components/repo/RepoConnector.tsx:140
    React 48
page.js line 2256 > eval:20:30
Uncaught TypeError: can't access property "path", importedUserStyles[i] is null
    IframeDecorator webpack-internal:///(app-pages-browser)/./src/lib/IframeDecorator.tsx:20
    srcDocData webpack-internal:///(app-pages-browser)/./src/components/repo/RepoConnector.tsx:141
    React 3
    RepoConnector webpack-internal:///(app-pages-browser)/./src/components/repo/RepoConnector.tsx:140
    React 45
page.js line 2256 > eval:20:30
Uncaught TypeError: can't access property "path", importedUserStyles[i] is null
    IframeDecorator webpack-internal:///(app-pages-browser)/./src/lib/IframeDecorator.tsx:20
    srcDocData webpack-internal:///(app-pages-browser)/./src/components/repo/RepoConnector.tsx:141
    React 3
    RepoConnector webpack-internal:///(app-pages-browser)/./src/components/repo/RepoConnector.tsx:140
    React 45
page.js line 2256 > eval:20:30
Uncaught TypeError: can't access property "path", importedUserStyles[i] is null
    IframeDecorator webpack-internal:///(app-pages-browser)/./src/lib/IframeDecorator.tsx:20
    srcDocData webpack-internal:///(app-pages-browser)/./src/components/repo/RepoConnector.tsx:141
    React 3
    RepoConnector webpack-internal:///(app-pages-browser)/./src/components/repo/RepoConnector.tsx:140
    React 45
page.js line 2256 > eval:20:30
🚀🚀🚀 now: 1724376226321 RepoConnector.tsx:30:10
🚀🚀🚀 now: 1724376226402 RepoConnector.tsx:30:10
Uncaught TypeError: can't access property "path", importedUserStyles[i] is null
    IframeDecorator webpack-internal:///(app-pages-browser)/./src/lib/IframeDecorator.tsx:20
    srcDocData webpack-internal:///(app-pages-browser)/./src/components/repo/RepoConnector.tsx:141
    React 3
    RepoConnector webpack-internal:///(app-pages-browser)/./src/components/repo/RepoConnector.tsx:140
    React 60
page.js line 2256 > eval:20:30
Uncaught TypeError: can't access property "path", importedUserStyles[i] is null
    IframeDecorator webpack-internal:///(app-pages-browser)/./src/lib/IframeDecorator.tsx:20
    srcDocData webpack-internal:///(app-pages-browser)/./src/components/repo/RepoConnector.tsx:141
    React 3
    RepoConnector webpack-internal:///(app-pages-browser)/./src/components/repo/RepoConnector.tsx:140
    React 57
page.js line 2256 > eval:20:30
Uncaught TypeError: can't access property "path", importedUserStyles[i] is null
    IframeDecorator webpack-internal:///(app-pages-browser)/./src/lib/IframeDecorator.tsx:20
    srcDocData webpack-internal:///(app-pages-browser)/./src/components/repo/RepoConnector.tsx:141
    React 3
    RepoConnector webpack-internal:///(app-pages-browser)/./src/components/repo/RepoConnector.tsx:140
    React 57
page.js line 2256 > eval:20:30
Uncaught TypeError: can't access property "path", importedUserStyles[i] is null
    IframeDecorator webpack-internal:///(app-pages-browser)/./src/lib/IframeDecorator.tsx:20
    srcDocData webpack-internal:///(app-pages-browser)/./src/components/repo/RepoConnector.tsx:141
    React 3
    RepoConnector webpack-internal:///(app-pages-browser)/./src/components/repo/RepoConnector.tsx:140
    React 57
page.js line 2256 > eval:20:30
🚀🚀🚀 now: 1724376226502 RepoConnector.tsx:30:10
🚀🚀🚀 now: 1724376226595 RepoConnector.tsx:30:10
Uncaught TypeError: can't access property "path", importedUserStyles[i] is null
    IframeDecorator webpack-internal:///(app-pages-browser)/./src/lib/IframeDecorator.tsx:20
    srcDocData webpack-internal:///(app-pages-browser)/./src/components/repo/RepoConnector.tsx:141
    React 3
    RepoConnector webpack-internal:///(app-pages-browser)/./src/components/repo/RepoConnector.tsx:140
    React 2
page.js line 2256 > eval:20:30
Uncaught TypeError: can't access property "path", importedUserStyles[i] is null
    IframeDecorator webpack-internal:///(app-pages-browser)/./src/lib/IframeDecorator.tsx:20
    srcDocData webpack-internal:///(app-pages-browser)/./src/components/repo/RepoConnector.tsx:141
    React 3
    RepoConnector webpack-internal:///(app-pages-browser)/./src/components/repo/RepoConnector.tsx:140
    React 2
page.js line 2256 > eval:20:30
Uncaught TypeError: can't access property "path", importedUserStyles[i] is null
    IframeDecorator webpack-internal:///(app-pages-browser)/./src/lib/IframeDecorator.tsx:20
    srcDocData webpack-internal:///(app-pages-browser)/./src/components/repo/RepoConnector.tsx:141
    React 3
    RepoConnector webpack-internal:///(app-pages-browser)/./src/components/repo/RepoConnector.tsx:140
    React 2
page.js line 2256 > eval:20:30
Uncaught TypeError: can't access property "path", importedUserStyles[i] is null
    IframeDecorator webpack-internal:///(app-pages-browser)/./src/lib/IframeDecorator.tsx:20
    srcDocData webpack-internal:///(app-pages-browser)/./src/components/repo/RepoConnector.tsx:141
    React 3
    RepoConnector webpack-internal:///(app-pages-browser)/./src/components/repo/RepoConnector.tsx:140
    React 2
page.js line 2256 > eval:20:30
🚀🚀🚀 now: 1724376226689 RepoConnector.tsx:30:10
🚀🚀🚀 now: 1724376226772 RepoConnector.tsx:30:10
Uncaught TypeError: can't access property "path", importedUserStyles[i] is null
    IframeDecorator webpack-internal:///(app-pages-browser)/./src/lib/IframeDecorator.tsx:20
    srcDocData webpack-internal:///(app-pages-browser)/./src/components/repo/RepoConnector.tsx:141
    React 3
    RepoConnector webpack-internal:///(app-pages-browser)/./src/components/repo/RepoConnector.tsx:140
    React 48
page.js line 2256 > eval:20:30
Uncaught TypeError: can't access property "path", importedUserStyles[i] is null
    IframeDecorator webpack-internal:///(app-pages-browser)/./src/lib/IframeDecorator.tsx:20
    srcDocData webpack-internal:///(app-pages-browser)/./src/components/repo/RepoConnector.tsx:141
    React 3
    RepoConnector webpack-internal:///(app-pages-browser)/./src/components/repo/RepoConnector.tsx:140
    React 45
page.js line 2256 > eval:20:30
Uncaught TypeError: can't access property "path", importedUserStyles[i] is null
    IframeDecorator webpack-internal:///(app-pages-browser)/./src/lib/IframeDecorator.tsx:20
    srcDocData webpack-internal:///(app-pages-browser)/./src/components/repo/RepoConnector.tsx:141
    React 3
    RepoConnector webpack-internal:///(app-pages-browser)/./src/components/repo/RepoConnector.tsx:140
    React 45
page.js line 2256 > eval:20:30
Uncaught TypeError: can't access property "path", importedUserStyles[i] is null
    IframeDecorator webpack-internal:///(app-pages-browser)/./src/lib/IframeDecorator.tsx:20
    srcDocData webpack-internal:///(app-pages-browser)/./src/components/repo/RepoConnector.tsx:141
    React 3
    RepoConnector webpack-internal:///(app-pages-browser)/./src/components/repo/RepoConnector.tsx:140
    React 45
page.js line 2256 > eval:20:30
🚀🚀🚀 now: 1724376226869 RepoConnector.tsx:30:10
🚀🚀🚀 now: 1724376226945 RepoConnector.tsx:30:10
Uncaught TypeError: can't access property "path", importedUserStyles[i] is null
    IframeDecorator webpack-internal:///(app-pages-browser)/./src/lib/IframeDecorator.tsx:20
    srcDocData webpack-internal:///(app-pages-browser)/./src/components/repo/RepoConnector.tsx:141
    React 3
    RepoConnector webpack-internal:///(app-pages-browser)/./src/components/repo/RepoConnector.tsx:140
    React 60
page.js line 2256 > eval:20:30
Uncaught TypeError: can't access property "path", importedUserStyles[i] is null
    IframeDecorator webpack-internal:///(app-pages-browser)/./src/lib/IframeDecorator.tsx:20
    srcDocData webpack-internal:///(app-pages-browser)/./src/components/repo/RepoConnector.tsx:141
    React 3
    RepoConnector webpack-internal:///(app-pages-browser)/./src/components/repo/RepoConnector.tsx:140
    React 57
page.js line 2256 > eval:20:30
Uncaught TypeError: can't access property "path", importedUserStyles[i] is null
    IframeDecorator webpack-internal:///(app-pages-browser)/./src/lib/IframeDecorator.tsx:20
    srcDocData webpack-internal:///(app-pages-browser)/./src/components/repo/RepoConnector.tsx:141
    React 3
    RepoConnector webpack-internal:///(app-pages-browser)/./src/components/repo/RepoConnector.tsx:140
    React 57
page.js line 2256 > eval:20:30
Uncaught TypeError: can't access property "path", importedUserStyles[i] is null
    IframeDecorator webpack-internal:///(app-pages-browser)/./src/lib/IframeDecorator.tsx:20
    srcDocData webpack-internal:///(app-pages-browser)/./src/components/repo/RepoConnector.tsx:141
    React 3
    RepoConnector webpack-internal:///(app-pages-browser)/./src/components/repo/RepoConnector.tsx:140
    React 57
page.js line 2256 > eval:20:30
🚀🚀🚀 now: 1724376227062 RepoConnector.tsx:30:10
🚀🚀🚀 now: 1724376227162 RepoConnector.tsx:30:10
Uncaught TypeError: can't access property "path", importedUserStyles[i] is null
    IframeDecorator webpack-internal:///(app-pages-browser)/./src/lib/IframeDecorator.tsx:20
    srcDocData webpack-internal:///(app-pages-browser)/./src/components/repo/RepoConnector.tsx:141
    React 3
    RepoConnector webpack-internal:///(app-pages-browser)/./src/components/repo/RepoConnector.tsx:140
    React 2
page.js line 2256 > eval:20:30
Uncaught TypeError: can't access property "path", importedUserStyles[i] is null
    IframeDecorator webpack-internal:///(app-pages-browser)/./src/lib/IframeDecorator.tsx:20
    srcDocData webpack-internal:///(app-pages-browser)/./src/components/repo/RepoConnector.tsx:141
    React 3
    RepoConnector webpack-internal:///(app-pages-browser)/./src/components/repo/RepoConnector.tsx:140
    React 2
page.js line 2256 > eval:20:30
Uncaught TypeError: can't access property "path", importedUserStyles[i] is null
    IframeDecorator webpack-internal:///(app-pages-browser)/./src/lib/IframeDecorator.tsx:20
    srcDocData webpack-internal:///(app-pages-browser)/./src/components/repo/RepoConnector.tsx:141
    React 3
    RepoConnector webpack-internal:///(app-pages-browser)/./src/components/repo/RepoConnector.tsx:140
    React 2
page.js line 2256 > eval:20:30
Uncaught TypeError: can't access property "path", importedUserStyles[i] is null
    IframeDecorator webpack-internal:///(app-pages-browser)/./src/lib/IframeDecorator.tsx:20
    srcDocData webpack-internal:///(app-pages-browser)/./src/components/repo/RepoConnector.tsx:141
    React 3
    RepoConnector webpack-internal:///(app-pages-browser)/./src/components/repo/RepoConnector.tsx:140
    React 2
page.js line 2256 > eval:20:30
🚀🚀🚀 now: 1724376227272 RepoConnector.tsx:30:10
🚀🚀🚀 now: 1724376227357 RepoConnector.tsx:30:10
Uncaught TypeError: can't access property "path", importedUserStyles[i] is null
    IframeDecorator webpack-internal:///(app-pages-browser)/./src/lib/IframeDecorator.tsx:20
    srcDocData webpack-internal:///(app-pages-browser)/./src/components/repo/RepoConnector.tsx:141
    React 3
    RepoConnector webpack-internal:///(app-pages-browser)/./src/components/repo/RepoConnector.tsx:140
    React 48
page.js line 2256 > eval:20:30
Uncaught TypeError: can't access property "path", importedUserStyles[i] is null
    IframeDecorator webpack-internal:///(app-pages-browser)/./src/lib/IframeDecorator.tsx:20
    srcDocData webpack-internal:///(app-pages-browser)/./src/components/repo/RepoConnector.tsx:141
    React 3
    RepoConnector webpack-internal:///(app-pages-browser)/./src/components/repo/RepoConnector.tsx:140
    React 45
page.js line 2256 > eval:20:30
Uncaught TypeError: can't access property "path", importedUserStyles[i] is null
    IframeDecorator webpack-internal:///(app-pages-browser)/./src/lib/IframeDecorator.tsx:20
    srcDocData webpack-internal:///(app-pages-browser)/./src/components/repo/RepoConnector.tsx:141
    React 3
    RepoConnector webpack-internal:///(app-pages-browser)/./src/components/repo/RepoConnector.tsx:140
    React 45
page.js line 2256 > eval:20:30
Uncaught TypeError: can't access property "path", importedUserStyles[i] is null
    IframeDecorator webpack-internal:///(app-pages-browser)/./src/lib/IframeDecorator.tsx:20
    srcDocData webpack-internal:///(app-pages-browser)/./src/components/repo/RepoConnector.tsx:141
    React 3
    RepoConnector webpack-internal:///(app-pages-browser)/./src/components/repo/RepoConnector.tsx:140
    React 45
page.js line 2256 > eval:20:30
🚀🚀🚀 now: 1724376227465 RepoConnector.tsx:30:10
🚀🚀🚀 now: 1724376227560 RepoConnector.tsx:30:10
Uncaught TypeError: can't access property "path", importedUserStyles[i] is null
    IframeDecorator webpack-internal:///(app-pages-browser)/./src/lib/IframeDecorator.tsx:20
    srcDocData webpack-internal:///(app-pages-browser)/./src/components/repo/RepoConnector.tsx:141
    React 3
    RepoConnector webpack-internal:///(app-pages-browser)/./src/components/repo/RepoConnector.tsx:140
    React 60
page.js line 2256 > eval:20:30
Uncaught TypeError: can't access property "path", importedUserStyles[i] is null
    IframeDecorator webpack-internal:///(app-pages-browser)/./src/lib/IframeDecorator.tsx:20
    srcDocData webpack-internal:///(app-pages-browser)/./src/components/repo/RepoConnector.tsx:141
    React 3
    RepoConnector webpack-internal:///(app-pages-browser)/./src/components/repo/RepoConnector.tsx:140
    React 57
page.js line 2256 > eval:20:30
Uncaught TypeError: can't access property "path", importedUserStyles[i] is null
    IframeDecorator webpack-internal:///(app-pages-browser)/./src/lib/IframeDecorator.tsx:20
    srcDocData webpack-internal:///(app-pages-browser)/./src/components/repo/RepoConnector.tsx:141
    React 3
    RepoConnector webpack-internal:///(app-pages-browser)/./src/components/repo/RepoConnector.tsx:140
    React 57
page.js line 2256 > eval:20:30
Uncaught TypeError: can't access property "path", importedUserStyles[i] is null
    IframeDecorator webpack-internal:///(app-pages-browser)/./src/lib/IframeDecorator.tsx:20
    srcDocData webpack-internal:///(app-pages-browser)/./src/components/repo/RepoConnector.tsx:141
    React 3
    RepoConnector webpack-internal:///(app-pages-browser)/./src/components/repo/RepoConnector.tsx:140
    React 57
page.js line 2256 > eval:20:30
🚀🚀🚀 now: 1724376227657 RepoConnector.tsx:30:10
🚀🚀🚀 now: 1724376227751 RepoConnector.tsx:30:10
Uncaught TypeError: can't access property "path", importedUserStyles[i] is null
    IframeDecorator webpack-internal:///(app-pages-browser)/./src/lib/IframeDecorator.tsx:20
    srcDocData webpack-internal:///(app-pages-browser)/./src/components/repo/RepoConnector.tsx:141
    React 3
    RepoConnector webpack-internal:///(app-pages-browser)/./src/components/repo/RepoConnector.tsx:140
    React 2
page.js line 2256 > eval:20:30
Uncaught TypeError: can't access property "path", importedUserStyles[i] is null
    IframeDecorator webpack-internal:///(app-pages-browser)/./src/lib/IframeDecorator.tsx:20
    srcDocData webpack-internal:///(app-pages-browser)/./src/components/repo/RepoConnector.tsx:141
    React 3
    RepoConnector webpack-internal:///(app-pages-browser)/./src/components/repo/RepoConnector.tsx:140
    React 2
page.js line 2256 > eval:20:30
Uncaught TypeError: can't access property "path", importedUserStyles[i] is null
    IframeDecorator webpack-internal:///(app-pages-browser)/./src/lib/IframeDecorator.tsx:20
    srcDocData webpack-internal:///(app-pages-browser)/./src/components/repo/RepoConnector.tsx:141
    React 3
    RepoConnector webpack-internal:///(app-pages-browser)/./src/components/repo/RepoConnector.tsx:140
    React 2
page.js line 2256 > eval:20:30
Uncaught TypeError: can't access property "path", importedUserStyles[i] is null
    IframeDecorator webpack-internal:///(app-pages-browser)/./src/lib/IframeDecorator.tsx:20
    srcDocData webpack-internal:///(app-pages-browser)/./src/components/repo/RepoConnector.tsx:141
    React 3
    RepoConnector webpack-internal:///(app-pages-browser)/./src/components/repo/RepoConnector.tsx:140
    React 2
page.js line 2256 > eval:20:30
🚀🚀🚀 now: 1724376227878 RepoConnector.tsx:30:10
🚀🚀🚀 now: 1724376227968 RepoConnector.tsx:30:10
Uncaught TypeError: can't access property "path", importedUserStyles[i] is null
    IframeDecorator webpack-internal:///(app-pages-browser)/./src/lib/IframeDecorator.tsx:20
    srcDocData webpack-internal:///(app-pages-browser)/./src/components/repo/RepoConnector.tsx:141
    React 3
    RepoConnector webpack-internal:///(app-pages-browser)/./src/components/repo/RepoConnector.tsx:140
    React 48
page.js line 2256 > eval:20:30
Uncaught TypeError: can't access property "path", importedUserStyles[i] is null
    IframeDecorator webpack-internal:///(app-pages-browser)/./src/lib/IframeDecorator.tsx:20
    srcDocData webpack-internal:///(app-pages-browser)/./src/components/repo/RepoConnector.tsx:141
    React 3
    RepoConnector webpack-internal:///(app-pages-browser)/./src/components/repo/RepoConnector.tsx:140
    React 45
page.js line 2256 > eval:20:30
Uncaught TypeError: can't access property "path", importedUserStyles[i] is null
    IframeDecorator webpack-internal:///(app-pages-browser)/./src/lib/IframeDecorator.tsx:20
    srcDocData webpack-internal:///(app-pages-browser)/./src/components/repo/RepoConnector.tsx:141
    React 3
    RepoConnector webpack-internal:///(app-pages-browser)/./src/components/repo/RepoConnector.tsx:140
    React 45
page.js line 2256 > eval:20:30
Uncaught TypeError: can't access property "path", importedUserStyles[i] is null
    IframeDecorator webpack-internal:///(app-pages-browser)/./src/lib/IframeDecorator.tsx:20
    srcDocData webpack-internal:///(app-pages-browser)/./src/components/repo/RepoConnector.tsx:141
    React 3
    RepoConnector webpack-internal:///(app-pages-browser)/./src/components/repo/RepoConnector.tsx:140
    React 45
page.js line 2256 > eval:20:30
🚀🚀🚀 now: 1724376228066 RepoConnector.tsx:30:10
🚀🚀🚀 now: 1724376228148 RepoConnector.tsx:30:10
Uncaught TypeError: can't access property "path", importedUserStyles[i] is null
    IframeDecorator webpack-internal:///(app-pages-browser)/./src/lib/IframeDecorator.tsx:20
    srcDocData webpack-internal:///(app-pages-browser)/./src/components/repo/RepoConnector.tsx:141
    React 3
    RepoConnector webpack-internal:///(app-pages-browser)/./src/components/repo/RepoConnector.tsx:140
    React 60
page.js line 2256 > eval:20:30
Uncaught TypeError: can't access property "path", importedUserStyles[i] is null
    IframeDecorator webpack-internal:///(app-pages-browser)/./src/lib/IframeDecorator.tsx:20
    srcDocData webpack-internal:///(app-pages-browser)/./src/components/repo/RepoConnector.tsx:141
    React 3
    RepoConnector webpack-internal:///(app-pages-browser)/./src/components/repo/RepoConnector.tsx:140
    React 57
page.js line 2256 > eval:20:30
Uncaught TypeError: can't access property "path", importedUserStyles[i] is null
    IframeDecorator webpack-internal:///(app-pages-browser)/./src/lib/IframeDecorator.tsx:20
    srcDocData webpack-internal:///(app-pages-browser)/./src/components/repo/RepoConnector.tsx:141
    React 3
    RepoConnector webpack-internal:///(app-pages-browser)/./src/components/repo/RepoConnector.tsx:140
    React 57
page.js line 2256 > eval:20:30
Uncaught TypeError: can't access property "path", importedUserStyles[i] is null
    IframeDecorator webpack-internal:///(app-pages-browser)/./src/lib/IframeDecorator.tsx:20
    srcDocData webpack-internal:///(app-pages-browser)/./src/components/repo/RepoConnector.tsx:141
    React 3
    RepoConnector webpack-internal:///(app-pages-browser)/./src/components/repo/RepoConnector.tsx:140
    React 57
page.js line 2256 > eval:20:30
🚀🚀🚀 now: 1724376228245 RepoConnector.tsx:30:10
🚀🚀🚀 now: 1724376228342 RepoConnector.tsx:30:10
Uncaught TypeError: can't access property "path", importedUserStyles[i] is null
    IframeDecorator webpack-internal:///(app-pages-browser)/./src/lib/IframeDecorator.tsx:20
    srcDocData webpack-internal:///(app-pages-browser)/./src/components/repo/RepoConnector.tsx:141
    React 3
    RepoConnector webpack-internal:///(app-pages-browser)/./src/components/repo/RepoConnector.tsx:140
    React 2
page.js line 2256 > eval:20:30
Uncaught TypeError: can't access property "path", importedUserStyles[i] is null
    IframeDecorator webpack-internal:///(app-pages-browser)/./src/lib/IframeDecorator.tsx:20
    srcDocData webpack-internal:///(app-pages-browser)/./src/components/repo/RepoConnector.tsx:141
    React 3
    RepoConnector webpack-internal:///(app-pages-browser)/./src/components/repo/RepoConnector.tsx:140
    React 2
page.js line 2256 > eval:20:30
Uncaught TypeError: can't access property "path", importedUserStyles[i] is null
    IframeDecorator webpack-internal:///(app-pages-browser)/./src/lib/IframeDecorator.tsx:20
    srcDocData webpack-internal:///(app-pages-browser)/./src/components/repo/RepoConnector.tsx:141
    React 3
    RepoConnector webpack-internal:///(app-pages-browser)/./src/components/repo/RepoConnector.tsx:140
    React 2
page.js line 2256 > eval:20:30
Uncaught TypeError: can't access property "path", importedUserStyles[i] is null
    IframeDecorator webpack-internal:///(app-pages-browser)/./src/lib/IframeDecorator.tsx:20
    srcDocData webpack-internal:///(app-pages-browser)/./src/components/repo/RepoConnector.tsx:141
    React 3
    RepoConnector webpack-internal:///(app-pages-browser)/./src/components/repo/RepoConnector.tsx:140
    React 2
page.js line 2256 > eval:20:30
🚀🚀🚀 now: 1724376228441 RepoConnector.tsx:30:10
🚀🚀🚀 now: 1724376228530 RepoConnector.tsx:30:10
Uncaught TypeError: can't access property "path", importedUserStyles[i] is null
    IframeDecorator webpack-internal:///(app-pages-browser)/./src/lib/IframeDecorator.tsx:20
    srcDocData webpack-internal:///(app-pages-browser)/./src/components/repo/RepoConnector.tsx:141
    React 3
    RepoConnector webpack-internal:///(app-pages-browser)/./src/components/repo/RepoConnector.tsx:140
    React 48
page.js line 2256 > eval:20:30
Uncaught TypeError: can't access property "path", importedUserStyles[i] is null
    IframeDecorator webpack-internal:///(app-pages-browser)/./src/lib/IframeDecorator.tsx:20
    srcDocData webpack-internal:///(app-pages-browser)/./src/components/repo/RepoConnector.tsx:141
    React 3
    RepoConnector webpack-internal:///(app-pages-browser)/./src/components/repo/RepoConnector.tsx:140
    React 45
page.js line 2256 > eval:20:30
Uncaught TypeError: can't access property "path", importedUserStyles[i] is null
    IframeDecorator webpack-internal:///(app-pages-browser)/./src/lib/IframeDecorator.tsx:20
    srcDocData webpack-internal:///(app-pages-browser)/./src/components/repo/RepoConnector.tsx:141
    React 3
    RepoConnector webpack-internal:///(app-pages-browser)/./src/components/repo/RepoConnector.tsx:140
    React 45
page.js line 2256 > eval:20:30
Uncaught TypeError: can't access property "path", importedUserStyles[i] is null
    IframeDecorator webpack-internal:///(app-pages-browser)/./src/lib/IframeDecorator.tsx:20
    srcDocData webpack-internal:///(app-pages-browser)/./src/components/repo/RepoConnector.tsx:141
    React 3
    RepoConnector webpack-internal:///(app-pages-browser)/./src/components/repo/RepoConnector.tsx:140
    React 45
page.js line 2256 > eval:20:30
🚀🚀🚀 now: 1724376228628 RepoConnector.tsx:30:10
🚀🚀🚀 now: 1724376228713 RepoConnector.tsx:30:10
Uncaught TypeError: can't access property "path", importedUserStyles[i] is null
    IframeDecorator webpack-internal:///(app-pages-browser)/./src/lib/IframeDecorator.tsx:20
    srcDocData webpack-internal:///(app-pages-browser)/./src/components/repo/RepoConnector.tsx:141
    React 3
    RepoConnector webpack-internal:///(app-pages-browser)/./src/components/repo/RepoConnector.tsx:140
    React 60
page.js line 2256 > eval:20:30
Uncaught TypeError: can't access property "path", importedUserStyles[i] is null
    IframeDecorator webpack-internal:///(app-pages-browser)/./src/lib/IframeDecorator.tsx:20
    srcDocData webpack-internal:///(app-pages-browser)/./src/components/repo/RepoConnector.tsx:141
    React 3
    RepoConnector webpack-internal:///(app-pages-browser)/./src/components/repo/RepoConnector.tsx:140
    React 57
page.js line 2256 > eval:20:30
Uncaught TypeError: can't access property "path", importedUserStyles[i] is null
    IframeDecorator webpack-internal:///(app-pages-browser)/./src/lib/IframeDecorator.tsx:20
    srcDocData webpack-internal:///(app-pages-browser)/./src/components/repo/RepoConnector.tsx:141
    React 3
    RepoConnector webpack-internal:///(app-pages-browser)/./src/components/repo/RepoConnector.tsx:140
    React 57
page.js line 2256 > eval:20:30
Uncaught TypeError: can't access property "path", importedUserStyles[i] is null
    IframeDecorator webpack-internal:///(app-pages-browser)/./src/lib/IframeDecorator.tsx:20
    srcDocData webpack-internal:///(app-pages-browser)/./src/components/repo/RepoConnector.tsx:141
    React 3
    RepoConnector webpack-internal:///(app-pages-browser)/./src/components/repo/RepoConnector.tsx:140
    React 57
page.js line 2256 > eval:20:30
🚀🚀🚀 now: 1724376228804 RepoConnector.tsx:30:10
🚀🚀🚀 now: 1724376228883 RepoConnector.tsx:30:10
Uncaught TypeError: can't access property "path", importedUserStyles[i] is null
    IframeDecorator webpack-internal:///(app-pages-browser)/./src/lib/IframeDecorator.tsx:20
    srcDocData webpack-internal:///(app-pages-browser)/./src/components/repo/RepoConnector.tsx:141
    React 3
    RepoConnector webpack-internal:///(app-pages-browser)/./src/components/repo/RepoConnector.tsx:140
    React 2
page.js line 2256 > eval:20:30
Uncaught TypeError: can't access property "path", importedUserStyles[i] is null
    IframeDecorator webpack-internal:///(app-pages-browser)/./src/lib/IframeDecorator.tsx:20
    srcDocData webpack-internal:///(app-pages-browser)/./src/components/repo/RepoConnector.tsx:141
    React 3
    RepoConnector webpack-internal:///(app-pages-browser)/./src/components/repo/RepoConnector.tsx:140
    React 2
page.js line 2256 > eval:20:30
Uncaught TypeError: can't access property "path", importedUserStyles[i] is null
    IframeDecorator webpack-internal:///(app-pages-browser)/./src/lib/IframeDecorator.tsx:20
    srcDocData webpack-internal:///(app-pages-browser)/./src/components/repo/RepoConnector.tsx:141
    React 3
    RepoConnector webpack-internal:///(app-pages-browser)/./src/components/repo/RepoConnector.tsx:140
    React 2
page.js line 2256 > eval:20:30
Uncaught TypeError: can't access property "path", importedUserStyles[i] is null
    IframeDecorator webpack-internal:///(app-pages-browser)/./src/lib/IframeDecorator.tsx:20
    srcDocData webpack-internal:///(app-pages-browser)/./src/components/repo/RepoConnector.tsx:141
    React 3
    RepoConnector webpack-internal:///(app-pages-browser)/./src/components/repo/RepoConnector.tsx:140
    React 2
page.js line 2256 > eval:20:30
Uncaught Error: async/await is not yet supported in Client Components, only Server Components. This error is often caused by accidentally adding `'use client'` to a module that was originally written for the server.
    React 7
main-app.js:9157:19
Uncaught Error: async/await is not yet supported in Client Components, only Server Components. This error is often caused by accidentally adding `'use client'` to a module that was originally written for the server.
    React 7
main-app.js:9157:19
Uncaught Error: async/await is not yet supported in Client Components, only Server Components. This error is often caused by accidentally adding `'use client'` to a module that was originally written for the server.
    React 7
main-app.js:9157:19
Uncaught Error: async/await is not yet supported in Client Components, only Server Components. This error is often caused by accidentally adding `'use client'` to a module that was originally written for the server.
    React 7
main-app.js:9157:19
Uncaught Error: async/await is not yet supported in Client Components, only Server Components. This error is often caused by accidentally adding `'use client'` to a module that was originally written for the server.
    React 7
main-app.js:9157:19
Uncaught Error: async/await is not yet supported in Client Components, only Server Components. This error is often caused by accidentally adding `'use client'` to a module that was originally written for the server.
    React 7
main-app.js:9157:19
🚀🚀🚀 now: 1724376228994 RepoConnector.tsx:30:10
🚀🚀🚀 now: 1724376229073 RepoConnector.tsx:30:10
Uncaught TypeError: can't access property "path", importedUserStyles[i] is null
    IframeDecorator webpack-internal:///(app-pages-browser)/./src/lib/IframeDecorator.tsx:20
    srcDocData webpack-internal:///(app-pages-browser)/./src/components/repo/RepoConnector.tsx:141
    React 3
    RepoConnector webpack-internal:///(app-pages-browser)/./src/components/repo/RepoConnector.tsx:140
    React 2
page.js line 2256 > eval:20:30
Uncaught TypeError: can't access property "path", importedUserStyles[i] is null
    IframeDecorator webpack-internal:///(app-pages-browser)/./src/lib/IframeDecorator.tsx:20
    srcDocData webpack-internal:///(app-pages-browser)/./src/components/repo/RepoConnector.tsx:141
    React 3
    RepoConnector webpack-internal:///(app-pages-browser)/./src/components/repo/RepoConnector.tsx:140
    React 2
page.js line 2256 > eval:20:30
Uncaught TypeError: can't access property "path", importedUserStyles[i] is null
    IframeDecorator webpack-internal:///(app-pages-browser)/./src/lib/IframeDecorator.tsx:20
    srcDocData webpack-internal:///(app-pages-browser)/./src/components/repo/RepoConnector.tsx:141
    React 3
    RepoConnector webpack-internal:///(app-pages-browser)/./src/components/repo/RepoConnector.tsx:140
    React 2
page.js line 2256 > eval:20:30
Uncaught TypeError: can't access property "path", importedUserStyles[i] is null
    IframeDecorator webpack-internal:///(app-pages-browser)/./src/lib/IframeDecorator.tsx:20
    srcDocData webpack-internal:///(app-pages-browser)/./src/components/repo/RepoConnector.tsx:141
    React 3
    RepoConnector webpack-internal:///(app-pages-browser)/./src/components/repo/RepoConnector.tsx:140
    React 2
page.js line 2256 > eval:20:30
Uncaught Error: async/await is not yet supported in Client Components, only Server Components. This error is often caused by accidentally adding `'use client'` to a module that was originally written for the server.
    React 7
main-app.js:9157:19
Uncaught Error: async/await is not yet supported in Client Components, only Server Components. This error is often caused by accidentally adding `'use client'` to a module that was originally written for the server.
    React 7
main-app.js:9157:19
Uncaught Error: async/await is not yet supported in Client Components, only Server Components. This error is often caused by accidentally adding `'use client'` to a module that was originally written for the server.
    React 7
main-app.js:9157:19
Uncaught Error: async/await is not yet supported in Client Components, only Server Components. This error is often caused by accidentally adding `'use client'` to a module that was originally written for the server.
    React 7
main-app.js:9157:19
Uncaught Error: async/await is not yet supported in Client Components, only Server Components. This error is often caused by accidentally adding `'use client'` to a module that was originally written for the server.
    React 7
main-app.js:9157:19
Uncaught Error: async/await is not yet supported in Client Components, only Server Components. This error is often caused by accidentally adding `'use client'` to a module that was originally written for the server.
    React 7
main-app.js:9157:19
The above error occurred in the <NotFoundErrorBoundary> component:

Header
Error@webpack-internal:///(app-pages-browser)/./src/app/[locale]/(site)/error.tsx:9:26
ErrorBoundaryHandler@webpack-internal:///(app-pages-browser)/./node_modules/next/dist/client/components/error-boundary.js:113:9
ErrorBoundary@webpack-internal:///(app-pages-browser)/./node_modules/next/dist/client/components/error-boundary.js:160:67
InnerScrollAndFocusHandler@webpack-internal:///(app-pages-browser)/./node_modules/next/dist/client/components/layout-router.js:153:9
ScrollAndFocusHandler@webpack-internal:///(app-pages-browser)/./node_modules/next/dist/client/components/layout-router.js:228:37
RenderFromTemplateContext@webpack-internal:///(app-pages-browser)/./node_modules/next/dist/client/components/render-from-template-context.js:16:44
OuterLayoutRouter@webpack-internal:///(app-pages-browser)/./node_modules/next/dist/client/components/layout-router.js:370:157
div
SiteLayout (Server)
InnerLayoutRouter@webpack-internal:///(app-pages-browser)/./node_modules/next/dist/client/components/layout-router.js:244:18
RedirectErrorBoundary@webpack-internal:///(app-pages-browser)/./node_modules/next/dist/client/components/redirect-boundary.js:74:9
RedirectBoundary@webpack-internal:///(app-pages-browser)/./node_modules/next/dist/client/components/redirect-boundary.js:82:24
NotFoundBoundary@webpack-internal:///(app-pages-browser)/./node_modules/next/dist/client/components/not-found-boundary.js:84:62
LoadingBoundary@webpack-internal:///(app-pages-browser)/./node_modules/next/dist/client/components/layout-router.js:349:76
ErrorBoundary@webpack-internal:///(app-pages-browser)/./node_modules/next/dist/client/components/error-boundary.js:160:67
InnerScrollAndFocusHandler@webpack-internal:///(app-pages-browser)/./node_modules/next/dist/client/components/layout-router.js:153:9
ScrollAndFocusHandler@webpack-internal:///(app-pages-browser)/./node_modules/next/dist/client/components/layout-router.js:228:37
RenderFromTemplateContext@webpack-internal:///(app-pages-browser)/./node_modules/next/dist/client/components/render-from-template-context.js:16:44
OuterLayoutRouter@webpack-internal:///(app-pages-browser)/./node_modules/next/dist/client/components/layout-router.js:370:157
SessionProvider@webpack-internal:///(app-pages-browser)/./node_modules/next-auth/react/index.js:455:18
NextAuthProvider@webpack-internal:///(app-pages-browser)/./src/components/core/provider/NextAuthProvider.tsx:11:24
body
html
LocaleLayout (Server)
InnerLayoutRouter@webpack-internal:///(app-pages-browser)/./node_modules/next/dist/client/components/layout-router.js:244:18
RedirectErrorBoundary@webpack-internal:///(app-pages-browser)/./node_modules/next/dist/client/components/redirect-boundary.js:74:9
RedirectBoundary@webpack-internal:///(app-pages-browser)/./node_modules/next/dist/client/components/redirect-boundary.js:82:24
NotFoundErrorBoundary@webpack-internal:///(app-pages-browser)/./node_modules/next/dist/client/components/not-found-boundary.js:76:9
NotFoundBoundary@webpack-internal:///(app-pages-browser)/./node_modules/next/dist/client/components/not-found-boundary.js:84:62
LoadingBoundary@webpack-internal:///(app-pages-browser)/./node_modules/next/dist/client/components/layout-router.js:349:76
ErrorBoundary@webpack-internal:///(app-pages-browser)/./node_modules/next/dist/client/components/error-boundary.js:160:67
InnerScrollAndFocusHandler@webpack-internal:///(app-pages-browser)/./node_modules/next/dist/client/components/layout-router.js:153:9
ScrollAndFocusHandler@webpack-internal:///(app-pages-browser)/./node_modules/next/dist/client/components/layout-router.js:228:37
RenderFromTemplateContext@webpack-internal:///(app-pages-browser)/./node_modules/next/dist/client/components/render-from-template-context.js:16:44
OuterLayoutRouter@webpack-internal:///(app-pages-browser)/./node_modules/next/dist/client/components/layout-router.js:370:157
RedirectErrorBoundary@webpack-internal:///(app-pages-browser)/./node_modules/next/dist/client/components/redirect-boundary.js:74:9
RedirectBoundary@webpack-internal:///(app-pages-browser)/./node_modules/next/dist/client/components/redirect-boundary.js:82:24
NotFoundErrorBoundary@webpack-internal:///(app-pages-browser)/./node_modules/next/dist/client/components/not-found-boundary.js:76:9
NotFoundBoundary@webpack-internal:///(app-pages-browser)/./node_modules/next/dist/client/components/not-found-boundary.js:84:62
DevRootNotFoundBoundary@webpack-internal:///(app-pages-browser)/./node_modules/next/dist/client/components/dev-root-not-found-boundary.js:33:24
ReactDevOverlay@webpack-internal:///(app-pages-browser)/./node_modules/next/dist/client/components/react-dev-overlay/app/ReactDevOverlay.js:87:9
HotReload@webpack-internal:///(app-pages-browser)/./node_modules/next/dist/client/components/react-dev-overlay/app/hot-reloader-client.js:321:37
Router@webpack-internal:///(app-pages-browser)/./node_modules/next/dist/client/components/app-router.js:207:134
ErrorBoundaryHandler@webpack-internal:///(app-pages-browser)/./node_modules/next/dist/client/components/error-boundary.js:113:9
ErrorBoundary@webpack-internal:///(app-pages-browser)/./node_modules/next/dist/client/components/error-boundary.js:160:67
AppRouter@webpack-internal:///(app-pages-browser)/./node_modules/next/dist/client/components/app-router.js:585:47
ServerRoot@webpack-internal:///(app-pages-browser)/./node_modules/next/dist/client/app-index.js:112:27
Root@webpack-internal:///(app-pages-browser)/./node_modules/next/dist/client/app-index.js:117:24

React will try to recreate this component tree from scratch using the error boundary you provided, ReactDevOverlay. app-index.tsx:25:19
Uncaught (in promise) Error: `headers` was called outside a request scope. Read more: https://nextjs.org/docs/messages/next-dynamic-api-wrong-context
    getExpectedRequestStore request-async-storage.external.ts:28
    headers headers.ts:36
    getServerSession index.js:139
    Header Header.tsx:30
    renderWithHooks React
    mountIndeterminateComponent react-dom.development.js:16869
    React 6
    workLoop scheduler.development.js:256
    flushWork scheduler.development.js:225
    performWorkUntilDeadline scheduler.development.js:534
    EventHandlerNonNull* scheduler.development.js:569
    <anonymous> scheduler.development.js:630
    NextJS 4
    <anonymous> index.js:4
    NextJS 4
    React 2
    NextJS 4
    <anonymous> index.js:32
    NextJS 4
    <anonymous> client.js:3
    NextJS 4
    <anonymous> app-index.js:15
    NextJS 4
    <anonymous> app-next-dev.js:9
    appBootstrap app-bootstrap.js:57
    loadScriptsInSequence app-bootstrap.js:23
    appBootstrap app-bootstrap.js:56
    <anonymous> app-next-dev.js:8
    NextJS 7
request-async-storage.external.ts:28:8
The resource at “http://localhost:3000/_next/static/css/app/%5Blocale%5D/(site)/error.css?v=1724376160961” preloaded with link preload was not used within a few seconds. Make sure all attributes of the preload tag are set correctly. connect
XHRGET
https://api.github.com/repos/life-Nd/lissage/contents/wp-content/plugins/sticky-header-effects-for-elementor/assets/css/she-header-style.css%3Fver=1.6.11.css
[HTTP/2 404  108ms]

Uncaught (in promise) Error: `headers` was called outside a request scope. Read more: https://nextjs.org/docs/messages/next-dynamic-api-wrong-context
    getExpectedRequestStore request-async-storage.external.ts:28
    headers headers.ts:36
    getServerSession index.js:139
    Header Header.tsx:30
    renderWithHooks React
    mountIndeterminateComponent react-dom.development.js:16869
    React 6
    workLoop scheduler.development.js:256
    flushWork scheduler.development.js:225
    performWorkUntilDeadline scheduler.development.js:534
    EventHandlerNonNull* scheduler.development.js:569
    <anonymous> scheduler.development.js:630
    NextJS 4
    <anonymous> index.js:4
    NextJS 4
    React 2
    NextJS 4
    <anonymous> index.js:32
    NextJS 4
    <anonymous> client.js:3
    NextJS 4
    <anonymous> app-index.js:15
    NextJS 4
    <anonymous> app-next-dev.js:9
    appBootstrap app-bootstrap.js:57
    loadScriptsInSequence app-bootstrap.js:23
    appBootstrap app-bootstrap.js:56
    <anonymous> app-next-dev.js:8
    NextJS 7
request-async-storage.external.ts:28:8
Uncaught (in promise) Error: `headers` was called outside a request scope. Read more: https://nextjs.org/docs/messages/next-dynamic-api-wrong-context
    getExpectedRequestStore request-async-storage.external.ts:28
    headers headers.ts:36
    getServerSession index.js:139
    Header Header.tsx:30
    renderWithHooks React
    mountIndeterminateComponent react-dom.development.js:16869
    React 14
    handleResize RepoConnector.tsx:96
    RepoConnector RepoConnector.tsx:99
    commitHookEffectListMount react-dom.development.js:21102
    React 14
    workLoop scheduler.development.js:256
    flushWork scheduler.development.js:225
    performWorkUntilDeadline scheduler.development.js:534
    EventHandlerNonNull* scheduler.development.js:569
    <anonymous> scheduler.development.js:630
    NextJS 4
    <anonymous> index.js:4
    NextJS 4
request-async-storage.external.ts:28:8
Uncaught (in promise) Error: `headers` was called outside a request scope. Read more: https://nextjs.org/docs/messages/next-dynamic-api-wrong-context
    getExpectedRequestStore request-async-storage.external.ts:28
    headers headers.ts:36
    getServerSession index.js:139
    Header Header.tsx:30
    renderWithHooks React
    mountIndeterminateComponent react-dom.development.js:16869
    React 26
    handleResize RepoConnector.tsx:96
    RepoConnector RepoConnector.tsx:99
    commitHookEffectListMount react-dom.development.js:21102
    React 14
    workLoop scheduler.development.js:256
    flushWork scheduler.development.js:225
    performWorkUntilDeadline scheduler.development.js:534
    EventHandlerNonNull* scheduler.development.js:569
    <anonymous> scheduler.development.js:630
    NextJS 4
    <anonymous> index.js:4
    NextJS 4
request-async-storage.external.ts:28:8
Uncaught (in promise) Error: `headers` was called outside a request scope. Read more: https://nextjs.org/docs/messages/next-dynamic-api-wrong-context
    getExpectedRequestStore request-async-storage.external.ts:28
    headers headers.ts:36
    getServerSession index.js:139
    Header Header.tsx:30
    renderWithHooks React
    mountIndeterminateComponent react-dom.development.js:16869
    React 2
request-async-storage.external.ts:28:8
Uncaught (in promise) Error: `headers` was called outside a request scope. Read more: https://nextjs.org/docs/messages/next-dynamic-api-wrong-context
    getExpectedRequestStore request-async-storage.external.ts:28
    headers headers.ts:36
    getServerSession index.js:139
    Header Header.tsx:30
    renderWithHooks React
    mountIndeterminateComponent react-dom.development.js:16869
    React 43
request-async-storage.external.ts:28:8
Uncaught (in promise) Error: `headers` was called outside a request scope. Read more: https://nextjs.org/docs/messages/next-dynamic-api-wrong-context
    getExpectedRequestStore request-async-storage.external.ts:28
    headers headers.ts:36
    getServerSession index.js:139
    Header Header.tsx:30
    renderWithHooks React
    mountIndeterminateComponent react-dom.development.js:16869
    React 55
request-async-storage.external.ts:28:8
Uncaught (in promise) Error: `headers` was called outside a request scope. Read more: https://nextjs.org/docs/messages/next-dynamic-api-wrong-context
    getExpectedRequestStore request-async-storage.external.ts:28
    headers headers.ts:36
    getServerSession index.js:139
    Header Header.tsx:30
    renderWithHooks React
    mountIndeterminateComponent react-dom.development.js:16869
    React 2
request-async-storage.external.ts:28:8
Uncaught (in promise) Error: `headers` was called outside a request scope. Read more: https://nextjs.org/docs/messages/next-dynamic-api-wrong-context
    getExpectedRequestStore request-async-storage.external.ts:28
    headers headers.ts:36
    getServerSession index.js:139
    Header Header.tsx:30
    renderWithHooks React
    mountIndeterminateComponent react-dom.development.js:16869
    React 43
request-async-storage.external.ts:28:8
Uncaught (in promise) Error: `headers` was called outside a request scope. Read more: https://nextjs.org/docs/messages/next-dynamic-api-wrong-context
    getExpectedRequestStore request-async-storage.external.ts:28
    headers headers.ts:36
    getServerSession index.js:139
    Header Header.tsx:30
    renderWithHooks React
    mountIndeterminateComponent react-dom.development.js:16869
    React 55
request-async-storage.external.ts:28:8
Uncaught (in promise) Error: `headers` was called outside a request scope. Read more: https://nextjs.org/docs/messages/next-dynamic-api-wrong-context
    getExpectedRequestStore request-async-storage.external.ts:28
    headers headers.ts:36
    getServerSession index.js:139
    Header Header.tsx:30
    renderWithHooks React
    mountIndeterminateComponent react-dom.development.js:16869
    React 2
request-async-storage.external.ts:28:8
Uncaught (in promise) Error: `headers` was called outside a request scope. Read more: https://nextjs.org/docs/messages/next-dynamic-api-wrong-context
    getExpectedRequestStore request-async-storage.external.ts:28
    headers headers.ts:36
    getServerSession index.js:139
    Header Header.tsx:30
    renderWithHooks React
    mountIndeterminateComponent react-dom.development.js:16869
    React 43
request-async-storage.external.ts:28:8
Uncaught (in promise) Error: `headers` was called outside a request scope. Read more: https://nextjs.org/docs/messages/next-dynamic-api-wrong-context
    getExpectedRequestStore request-async-storage.external.ts:28
    headers headers.ts:36
    getServerSession index.js:139
    Header Header.tsx:30
    renderWithHooks React
    mountIndeterminateComponent react-dom.development.js:16869
    React 55
request-async-storage.external.ts:28:8
Uncaught (in promise) Error: `headers` was called outside a request scope. Read more: https://nextjs.org/docs/messages/next-dynamic-api-wrong-context
    getExpectedRequestStore request-async-storage.external.ts:28
    headers headers.ts:36
    getServerSession index.js:139
    Header Header.tsx:30
    renderWithHooks React
    mountIndeterminateComponent react-dom.development.js:16869
    React 2
request-async-storage.external.ts:28:8
Uncaught (in promise) Error: `headers` was called outside a request scope. Read more: https://nextjs.org/docs/messages/next-dynamic-api-wrong-context
    getExpectedRequestStore request-async-storage.external.ts:28
    headers headers.ts:36
    getServerSession index.js:139
    Header Header.tsx:30
    renderWithHooks React
    mountIndeterminateComponent react-dom.development.js:16869
    React 43
request-async-storage.external.ts:28:8
Uncaught (in promise) Error: `headers` was called outside a request scope. Read more: https://nextjs.org/docs/messages/next-dynamic-api-wrong-context
    getExpectedRequestStore request-async-storage.external.ts:28
    headers headers.ts:36
    getServerSession index.js:139
    Header Header.tsx:30
    renderWithHooks React
    mountIndeterminateComponent react-dom.development.js:16869
    React 55
request-async-storage.external.ts:28:8
Uncaught (in promise) Error: `headers` was called outside a request scope. Read more: https://nextjs.org/docs/messages/next-dynamic-api-wrong-context
    getExpectedRequestStore request-async-storage.external.ts:28
    headers headers.ts:36
    getServerSession index.js:139
    Header Header.tsx:30
    renderWithHooks React
    mountIndeterminateComponent react-dom.development.js:16869
    React 2
request-async-storage.external.ts:28:8
Uncaught (in promise) Error: `headers` was called outside a request scope. Read more: https://nextjs.org/docs/messages/next-dynamic-api-wrong-context
    getExpectedRequestStore request-async-storage.external.ts:28
    headers headers.ts:36
    getServerSession index.js:139
    Header Header.tsx:30
    renderWithHooks React
    mountIndeterminateComponent react-dom.development.js:16869
    React 43
request-async-storage.external.ts:28:8
Uncaught (in promise) Error: `headers` was called outside a request scope. Read more: https://nextjs.org/docs/messages/next-dynamic-api-wrong-context
    getExpectedRequestStore request-async-storage.external.ts:28
    headers headers.ts:36
    getServerSession index.js:139
    Header Header.tsx:30
    renderWithHooks React
    mountIndeterminateComponent react-dom.development.js:16869
    React 55
request-async-storage.external.ts:28:8
Uncaught (in promise) Error: `headers` was called outside a request scope. Read more: https://nextjs.org/docs/messages/next-dynamic-api-wrong-context
    getExpectedRequestStore request-async-storage.external.ts:28
    headers headers.ts:36
    getServerSession index.js:139
    Header Header.tsx:30
    renderWithHooks React
    mountIndeterminateComponent react-dom.development.js:16869
    React 2
request-async-storage.external.ts:28:8
Uncaught (in promise) Error: `headers` was called outside a request scope. Read more: https://nextjs.org/docs/messages/next-dynamic-api-wrong-context
    getExpectedRequestStore request-async-storage.external.ts:28
    headers headers.ts:36
    getServerSession index.js:139
    Header Header.tsx:30
    renderWithHooks React
    mountIndeterminateComponent react-dom.development.js:16869
    React 43
request-async-storage.external.ts:28:8
Uncaught (in promise) Error: `headers` was called outside a request scope. Read more: https://nextjs.org/docs/messages/next-dynamic-api-wrong-context
    getExpectedRequestStore request-async-storage.external.ts:28
    headers headers.ts:36
    getServerSession index.js:139
    Header Header.tsx:30
    renderWithHooks React
    mountIndeterminateComponent react-dom.development.js:16869
    React 55
request-async-storage.external.ts:28:8
Uncaught (in promise) Error: `headers` was called outside a request scope. Read more: https://nextjs.org/docs/messages/next-dynamic-api-wrong-context
    getExpectedRequestStore request-async-storage.external.ts:28
    headers headers.ts:36
    getServerSession index.js:139
    Header Header.tsx:30
    renderWithHooks React
    mountIndeterminateComponent react-dom.development.js:16869
    React 2
request-async-storage.external.ts:28:8
Uncaught (in promise) Error: `headers` was called outside a request scope. Read more: https://nextjs.org/docs/messages/next-dynamic-api-wrong-context
    getExpectedRequestStore request-async-storage.external.ts:28
    headers headers.ts:36
    getServerSession index.js:139
    Header Header.tsx:30
    renderWithHooks React
    mountIndeterminateComponent react-dom.development.js:16869
    React 43
request-async-storage.external.ts:28:8
Uncaught (in promise) Error: `headers` was called outside a request scope. Read more: https://nextjs.org/docs/messages/next-dynamic-api-wrong-context
    getExpectedRequestStore request-async-storage.external.ts:28
    headers headers.ts:36
    getServerSession index.js:139
    Header Header.tsx:30
    renderWithHooks React
    mountIndeterminateComponent react-dom.development.js:16869
    React 55
request-async-storage.external.ts:28:8
Uncaught (in promise) Error: `headers` was called outside a request scope. Read more: https://nextjs.org/docs/messages/next-dynamic-api-wrong-context
    getExpectedRequestStore request-async-storage.external.ts:28
    headers headers.ts:36
    getServerSession index.js:139
    Header Header.tsx:30
    renderWithHooks React
    mountIndeterminateComponent react-dom.development.js:16869
    React 2
request-async-storage.external.ts:28:8
Uncaught (in promise) Error: `headers` was called outside a request scope. Read more: https://nextjs.org/docs/messages/next-dynamic-api-wrong-context
    getExpectedRequestStore request-async-storage.external.ts:28
    headers headers.ts:36
    getServerSession index.js:139
    Header Header.tsx:30
    renderWithHooks React
    mountIndeterminateComponent react-dom.development.js:16869
    React 43
request-async-storage.external.ts:28:8
Uncaught (in promise) Error: `headers` was called outside a request scope. Read more: https://nextjs.org/docs/messages/next-dynamic-api-wrong-context
    getExpectedRequestStore request-async-storage.external.ts:28
    headers headers.ts:36
    getServerSession index.js:139
    Header Header.tsx:30
    renderWithHooks React
    mountIndeterminateComponent react-dom.development.js:16869
    React 55
request-async-storage.external.ts:28:8
Uncaught (in promise) Error: `headers` was called outside a request scope. Read more: https://nextjs.org/docs/messages/next-dynamic-api-wrong-context
    getExpectedRequestStore request-async-storage.external.ts:28
    headers headers.ts:36
    getServerSession index.js:139
    Header Header.tsx:30
    renderWithHooks React
    mountIndeterminateComponent react-dom.development.js:16869
    React 2
request-async-storage.external.ts:28:8
Uncaught (in promise) Error: `headers` was called outside a request scope. Read more: https://nextjs.org/docs/messages/next-dynamic-api-wrong-context
    getExpectedRequestStore request-async-storage.external.ts:28
    headers headers.ts:36
    getServerSession index.js:139
    Header Header.tsx:30
    renderWithHooks React
    mountIndeterminateComponent react-dom.development.js:16869
    React 43
request-async-storage.external.ts:28:8
Uncaught (in promise) Error: `headers` was called outside a request scope. Read more: https://nextjs.org/docs/messages/next-dynamic-api-wrong-context
    getExpectedRequestStore request-async-storage.external.ts:28
    headers headers.ts:36
    getServerSession index.js:139
    Header Header.tsx:30
    renderWithHooks React
    mountIndeterminateComponent react-dom.development.js:16869
    React 55
request-async-storage.external.ts:28:8
Uncaught (in promise) Error: `headers` was called outside a request scope. Read more: https://nextjs.org/docs/messages/next-dynamic-api-wrong-context
    getExpectedRequestStore request-async-storage.external.ts:28
    headers headers.ts:36
    getServerSession index.js:139
    Header Header.tsx:30
    renderWithHooks React
    mountIndeterminateComponent react-dom.development.js:16869
    React 2
request-async-storage.external.ts:28:8
Uncaught (in promise) Error: `headers` was called outside a request scope. Read more: https://nextjs.org/docs/messages/next-dynamic-api-wrong-context
    getExpectedRequestStore request-async-storage.external.ts:28
    headers headers.ts:36
    getServerSession index.js:139
    Header Header.tsx:30
    renderWithHooks React
    mountIndeterminateComponent react-dom.development.js:16869
    React 43
request-async-storage.external.ts:28:8
Uncaught (in promise) Error: `headers` was called outside a request scope. Read more: https://nextjs.org/docs/messages/next-dynamic-api-wrong-context
    getExpectedRequestStore request-async-storage.external.ts:28
    headers headers.ts:36
    getServerSession index.js:139
    Header Header.tsx:30
    renderWithHooks React
    mountIndeterminateComponent react-dom.development.js:16869
    React 55
request-async-storage.external.ts:28:8
Uncaught (in promise) Error: `headers` was called outside a request scope. Read more: https://nextjs.org/docs/messages/next-dynamic-api-wrong-context
    getExpectedRequestStore request-async-storage.external.ts:28
    headers headers.ts:36
    getServerSession index.js:139
    Header Header.tsx:30
    renderWithHooks React
    mountIndeterminateComponent react-dom.development.js:16869
    React 2
request-async-storage.external.ts:28:8
Uncaught (in promise) Error: `headers` was called outside a request scope. Read more: https://nextjs.org/docs/messages/next-dynamic-api-wrong-context
    getExpectedRequestStore request-async-storage.external.ts:28
    headers headers.ts:36
    getServerSession index.js:139
    Header Header.tsx:30
    renderWithHooks React
    mountIndeterminateComponent react-dom.development.js:16869
    React 43
request-async-storage.external.ts:28:8
Uncaught (in promise) Error: `headers` was called outside a request scope. Read more: https://nextjs.org/docs/messages/next-dynamic-api-wrong-context
    getExpectedRequestStore request-async-storage.external.ts:28
    headers headers.ts:36
    getServerSession index.js:139
    Header Header.tsx:30
    renderWithHooks React
    mountIndeterminateComponent react-dom.development.js:16869
    React 55
request-async-storage.external.ts:28:8
Uncaught (in promise) Error: `headers` was called outside a request scope. Read more: https://nextjs.org/docs/messages/next-dynamic-api-wrong-context
    getExpectedRequestStore request-async-storage.external.ts:28
    headers headers.ts:36
    getServerSession index.js:139
    Header Header.tsx:30
    renderWithHooks React
    mountIndeterminateComponent react-dom.development.js:16869
    React 2
request-async-storage.external.ts:28:8
Uncaught (in promise) Error: `headers` was called outside a request scope. Read more: https://nextjs.org/docs/messages/next-dynamic-api-wrong-context
    getExpectedRequestStore request-async-storage.external.ts:28
    headers headers.ts:36
    getServerSession index.js:139
    Header Header.tsx:30
    renderWithHooks React
    mountIndeterminateComponent react-dom.development.js:16869
    React 43
request-async-storage.external.ts:28:8
Uncaught (in promise) Error: `headers` was called outside a request scope. Read more: https://nextjs.org/docs/messages/next-dynamic-api-wrong-context
    getExpectedRequestStore request-async-storage.external.ts:28
    headers headers.ts:36
    getServerSession index.js:139
    Header Header.tsx:30
    renderWithHooks React
    mountIndeterminateComponent react-dom.development.js:16869
    React 55
request-async-storage.external.ts:28:8
Uncaught (in promise) Error: `headers` was called outside a request scope. Read more: https://nextjs.org/docs/messages/next-dynamic-api-wrong-context
    getExpectedRequestStore request-async-storage.external.ts:28
    headers headers.ts:36
    getServerSession index.js:139
    Header Header.tsx:30
    renderWithHooks React
    mountIndeterminateComponent react-dom.development.js:16869
    React 2
request-async-storage.external.ts:28:8
Uncaught (in promise) Error: `headers` was called outside a request scope. Read more: https://nextjs.org/docs/messages/next-dynamic-api-wrong-context
    getExpectedRequestStore request-async-storage.external.ts:28
    headers headers.ts:36
    getServerSession index.js:139
    Header Header.tsx:30
    renderWithHooks React
    mountIndeterminateComponent react-dom.development.js:16869
    React 43
request-async-storage.external.ts:28:8
Uncaught (in promise) Error: `headers` was called outside a request scope. Read more: https://nextjs.org/docs/messages/next-dynamic-api-wrong-context
    getExpectedRequestStore request-async-storage.external.ts:28
    headers headers.ts:36
    getServerSession index.js:139
    Header Header.tsx:30
    renderWithHooks React
    mountIndeterminateComponent react-dom.development.js:16869
    React 55
request-async-storage.external.ts:28:8
Uncaught (in promise) Error: `headers` was called outside a request scope. Read more: https://nextjs.org/docs/messages/next-dynamic-api-wrong-context
    getExpectedRequestStore request-async-storage.external.ts:28
    headers headers.ts:36
    getServerSession index.js:139
    Header Header.tsx:30
    renderWithHooks React
    mountIndeterminateComponent react-dom.development.js:16869
    React 2
request-async-storage.external.ts:28:8
Uncaught (in promise) Error: `headers` was called outside a request scope. Read more: https://nextjs.org/docs/messages/next-dynamic-api-wrong-context
    getExpectedRequestStore request-async-storage.external.ts:28
    headers headers.ts:36
    getServerSession index.js:139
    Header Header.tsx:30
    renderWithHooks React
    mountIndeterminateComponent react-dom.development.js:16869
    React 43
request-async-storage.external.ts:28:8
Uncaught (in promise) Error: `headers` was called outside a request scope. Read more: https://nextjs.org/docs/messages/next-dynamic-api-wrong-context
    getExpectedRequestStore request-async-storage.external.ts:28
    headers headers.ts:36
    getServerSession index.js:139
    Header Header.tsx:30
    renderWithHooks React
    mountIndeterminateComponent react-dom.development.js:16869
    React 55
request-async-storage.external.ts:28:8
Uncaught (in promise) Error: `headers` was called outside a request scope. Read more: https://nextjs.org/docs/messages/next-dynamic-api-wrong-context
    getExpectedRequestStore request-async-storage.external.ts:28
    headers headers.ts:36
    getServerSession index.js:139
    Header Header.tsx:30
    renderWithHooks React
    mountIndeterminateComponent react-dom.development.js:16869
    React 2
request-async-storage.external.ts:28:8
Uncaught (in promise) Error: `headers` was called outside a request scope. Read more: https://nextjs.org/docs/messages/next-dynamic-api-wrong-context
    getExpectedRequestStore request-async-storage.external.ts:28
    headers headers.ts:36
    getServerSession index.js:139
    Header Header.tsx:30
    renderWithHooks React
    mountIndeterminateComponent react-dom.development.js:16869
    React 43
request-async-storage.external.ts:28:8
Uncaught (in promise) Error: `headers` was called outside a request scope. Read more: https://nextjs.org/docs/messages/next-dynamic-api-wrong-context
    getExpectedRequestStore request-async-storage.external.ts:28
    headers headers.ts:36
    getServerSession index.js:139
    Header Header.tsx:30
    renderWithHooks React
    mountIndeterminateComponent react-dom.development.js:16869
    React 55
request-async-storage.external.ts:28:8
Uncaught (in promise) Error: `headers` was called outside a request scope. Read more: https://nextjs.org/docs/messages/next-dynamic-api-wrong-context
    getExpectedRequestStore request-async-storage.external.ts:28
    headers headers.ts:36
    getServerSession index.js:139
    Header Header.tsx:30
    renderWithHooks React
    mountIndeterminateComponent react-dom.development.js:16869
    React 2
request-async-storage.external.ts:28:8
Uncaught (in promise) Error: `headers` was called outside a request scope. Read more: https://nextjs.org/docs/messages/next-dynamic-api-wrong-context
    getExpectedRequestStore request-async-storage.external.ts:28
    headers headers.ts:36
    getServerSession index.js:139
    Header Header.tsx:30
    renderWithHooks React
    mountIndeterminateComponent react-dom.development.js:16869
    React 43
request-async-storage.external.ts:28:8
Uncaught (in promise) Error: `headers` was called outside a request scope. Read more: https://nextjs.org/docs/messages/next-dynamic-api-wrong-context
    getExpectedRequestStore request-async-storage.external.ts:28
    headers headers.ts:36
    getServerSession index.js:139
    Header Header.tsx:30
    renderWithHooks React
    mountIndeterminateComponent react-dom.development.js:16869
    React 55
request-async-storage.external.ts:28:8
Uncaught (in promise) Error: `headers` was called outside a request scope. Read more: https://nextjs.org/docs/messages/next-dynamic-api-wrong-context
    getExpectedRequestStore request-async-storage.external.ts:28
    headers headers.ts:36
    getServerSession index.js:139
    Header Header.tsx:30
    renderWithHooks React
    mountIndeterminateComponent react-dom.development.js:16869
    React 2
request-async-storage.external.ts:28:8
Uncaught (in promise) Error: `headers` was called outside a request scope. Read more: https://nextjs.org/docs/messages/next-dynamic-api-wrong-context
    getExpectedRequestStore request-async-storage.external.ts:28
    headers headers.ts:36
    getServerSession index.js:139
    Header Header.tsx:30
    renderWithHooks React
    mountIndeterminateComponent react-dom.development.js:16869
    React 43
request-async-storage.external.ts:28:8
Uncaught (in promise) Error: `headers` was called outside a request scope. Read more: https://nextjs.org/docs/messages/next-dynamic-api-wrong-context
    getExpectedRequestStore request-async-storage.external.ts:28
    headers headers.ts:36
    getServerSession index.js:139
    Header Header.tsx:30
    renderWithHooks React
    mountIndeterminateComponent react-dom.development.js:16869
    React 55
request-async-storage.external.ts:28:8
Uncaught (in promise) Error: `headers` was called outside a request scope. Read more: https://nextjs.org/docs/messages/next-dynamic-api-wrong-context
    getExpectedRequestStore request-async-storage.external.ts:28
    headers headers.ts:36
    getServerSession index.js:139
    Header Header.tsx:30
    renderWithHooks React
    mountIndeterminateComponent react-dom.development.js:16869
    React 2
request-async-storage.external.ts:28:8
Uncaught (in promise) Error: `headers` was called outside a request scope. Read more: https://nextjs.org/docs/messages/next-dynamic-api-wrong-context
    getExpectedRequestStore request-async-storage.external.ts:28
    headers headers.ts:36
    getServerSession index.js:139
    Header Header.tsx:30
    renderWithHooks React
    mountIndeterminateComponent react-dom.development.js:16869
    React 43
request-async-storage.external.ts:28:8
Uncaught (in promise) Error: `headers` was called outside a request scope. Read more: https://nextjs.org/docs/messages/next-dynamic-api-wrong-context
    getExpectedRequestStore request-async-storage.external.ts:28
    headers headers.ts:36
    getServerSession index.js:139
    Header Header.tsx:30
    renderWithHooks React
    mountIndeterminateComponent react-dom.development.js:16869
    React 55
request-async-storage.external.ts:28:8
Uncaught (in promise) Error: `headers` was called outside a request scope. Read more: https://nextjs.org/docs/messages/next-dynamic-api-wrong-context
    getExpectedRequestStore request-async-storage.external.ts:28
    headers headers.ts:36
    getServerSession index.js:139
    Header Header.tsx:30
    renderWithHooks React
    mountIndeterminateComponent react-dom.development.js:16869
    React 2
request-async-storage.external.ts:28:8
Uncaught (in promise) Error: `headers` was called outside a request scope. Read more: https://nextjs.org/docs/messages/next-dynamic-api-wrong-context
    getExpectedRequestStore request-async-storage.external.ts:28
    headers headers.ts:36
    getServerSession index.js:139
    Header Header.tsx:30
    renderWithHooks React
    mountIndeterminateComponent react-dom.development.js:16869
    React 43
request-async-storage.external.ts:28:8
Uncaught (in promise) Error: `headers` was called outside a request scope. Read more: https://nextjs.org/docs/messages/next-dynamic-api-wrong-context
    getExpectedRequestStore request-async-storage.external.ts:28
    headers headers.ts:36
    getServerSession index.js:139
    Header Header.tsx:30
    renderWithHooks React
    mountIndeterminateComponent react-dom.development.js:16869
    React 55
request-async-storage.external.ts:28:8
Uncaught (in promise) Error: `headers` was called outside a request scope. Read more: https://nextjs.org/docs/messages/next-dynamic-api-wrong-context
    getExpectedRequestStore request-async-storage.external.ts:28
    headers headers.ts:36
    getServerSession index.js:139
    Header Header.tsx:30
    renderWithHooks React
    mountIndeterminateComponent react-dom.development.js:16869
    React 2
request-async-storage.external.ts:28:8
Uncaught (in promise) Error: `headers` was called outside a request scope. Read more: https://nextjs.org/docs/messages/next-dynamic-api-wrong-context
    getExpectedRequestStore request-async-storage.external.ts:28
    headers headers.ts:36
    getServerSession index.js:139
    Header Header.tsx:30
    renderWithHooks React
    mountIndeterminateComponent react-dom.development.js:16869
    React 43
request-async-storage.external.ts:28:8
Uncaught (in promise) Error: `headers` was called outside a request scope. Read more: https://nextjs.org/docs/messages/next-dynamic-api-wrong-context
    getExpectedRequestStore request-async-storage.external.ts:28
    headers headers.ts:36
    getServerSession index.js:139
    Header Header.tsx:30
    renderWithHooks React
    mountIndeterminateComponent react-dom.development.js:16869
    React 55
request-async-storage.external.ts:28:8
Uncaught (in promise) Error: `headers` was called outside a request scope. Read more: https://nextjs.org/docs/messages/next-dynamic-api-wrong-context
    getExpectedRequestStore request-async-storage.external.ts:28
    headers headers.ts:36
    getServerSession index.js:139
    Header Header.tsx:30
    renderWithHooks React
    mountIndeterminateComponent react-dom.development.js:16869
    React 2
request-async-storage.external.ts:28:8
Uncaught (in promise) Error: `headers` was called outside a request scope. Read more: https://nextjs.org/docs/messages/next-dynamic-api-wrong-context
    getExpectedRequestStore request-async-storage.external.ts:28
    headers headers.ts:36
    getServerSession index.js:139
    Header Header.tsx:30
    renderWithHooks React
    mountIndeterminateComponent react-dom.development.js:16869
    React 43
request-async-storage.external.ts:28:8
Uncaught (in promise) Error: `headers` was called outside a request scope. Read more: https://nextjs.org/docs/messages/next-dynamic-api-wrong-context
    getExpectedRequestStore request-async-storage.external.ts:28
    headers headers.ts:36
    getServerSession index.js:139
    Header Header.tsx:30
    renderWithHooks React
    mountIndeterminateComponent react-dom.development.js:16869
    React 55
request-async-storage.external.ts:28:8
Uncaught (in promise) Error: `headers` was called outside a request scope. Read more: https://nextjs.org/docs/messages/next-dynamic-api-wrong-context
    getExpectedRequestStore request-async-storage.external.ts:28
    headers headers.ts:36
    getServerSession index.js:139
    Header Header.tsx:30
    renderWithHooks React
    mountIndeterminateComponent react-dom.development.js:16869
    React 2
request-async-storage.external.ts:28:8
Uncaught (in promise) Error: `headers` was called outside a request scope. Read more: https://nextjs.org/docs/messages/next-dynamic-api-wrong-context
    getExpectedRequestStore request-async-storage.external.ts:28
    headers headers.ts:36
    getServerSession index.js:139
    Header Header.tsx:30
    renderWithHooks React
    mountIndeterminateComponent react-dom.development.js:16869
    React 43
request-async-storage.external.ts:28:8
Uncaught (in promise) Error: `headers` was called outside a request scope. Read more: https://nextjs.org/docs/messages/next-dynamic-api-wrong-context
    getExpectedRequestStore request-async-storage.external.ts:28
    headers headers.ts:36
    getServerSession index.js:139
    Header Header.tsx:30
    renderWithHooks React
    mountIndeterminateComponent react-dom.development.js:16869
    React 55
request-async-storage.external.ts:28:8
Uncaught (in promise) Error: `headers` was called outside a request scope. Read more: https://nextjs.org/docs/messages/next-dynamic-api-wrong-context
    getExpectedRequestStore request-async-storage.external.ts:28
    headers headers.ts:36
    getServerSession index.js:139
    Header Header.tsx:30
    renderWithHooks React
    mountIndeterminateComponent react-dom.development.js:16869
    React 2
request-async-storage.external.ts:28:8
Uncaught (in promise) Error: `headers` was called outside a request scope. Read more: https://nextjs.org/docs/messages/next-dynamic-api-wrong-context
    getExpectedRequestStore request-async-storage.external.ts:28
    headers headers.ts:36
    getServerSession index.js:139
    Header Header.tsx:30
    renderWithHooks React
    mountIndeterminateComponent react-dom.development.js:16869
    React 43
request-async-storage.external.ts:28:8
Uncaught (in promise) Error: `headers` was called outside a request scope. Read more: https://nextjs.org/docs/messages/next-dynamic-api-wrong-context
    getExpectedRequestStore request-async-storage.external.ts:28
    headers headers.ts:36
    getServerSession index.js:139
    Header Header.tsx:30
    renderWithHooks React
    mountIndeterminateComponent react-dom.development.js:16869
    React 55
request-async-storage.external.ts:28:8
Uncaught (in promise) Error: `headers` was called outside a request scope. Read more: https://nextjs.org/docs/messages/next-dynamic-api-wrong-context
    getExpectedRequestStore request-async-storage.external.ts:28
    headers headers.ts:36
    getServerSession index.js:139
    Header Header.tsx:30
    renderWithHooks React
    mountIndeterminateComponent react-dom.development.js:16869
    React 2
request-async-storage.external.ts:28:8
Uncaught (in promise) Error: `headers` was called outside a request scope. Read more: https://nextjs.org/docs/messages/next-dynamic-api-wrong-context
    getExpectedRequestStore request-async-storage.external.ts:28
    headers headers.ts:36
    getServerSession index.js:139
    Header Header.tsx:30
    renderWithHooks React
    mountIndeterminateComponent react-dom.development.js:16869
    React 43
request-async-storage.external.ts:28:8
Uncaught (in promise) Error: `headers` was called outside a request scope. Read more: https://nextjs.org/docs/messages/next-dynamic-api-wrong-context
    getExpectedRequestStore request-async-storage.external.ts:28
    headers headers.ts:36
    getServerSession index.js:139
    Header Header.tsx:30
    renderWithHooks React
    mountIndeterminateComponent react-dom.development.js:16869
    React 55
request-async-storage.external.ts:28:8
Uncaught (in promise) Error: `headers` was called outside a request scope. Read more: https://nextjs.org/docs/messages/next-dynamic-api-wrong-context
    getExpectedRequestStore request-async-storage.external.ts:28
    headers headers.ts:36
    getServerSession index.js:139
    Header Header.tsx:30
    renderWithHooks React
    mountIndeterminateComponent react-dom.development.js:16869
    React 2
request-async-storage.external.ts:28:8
Uncaught (in promise) Error: `headers` was called outside a request scope. Read more: https://nextjs.org/docs/messages/next-dynamic-api-wrong-context
    getExpectedRequestStore request-async-storage.external.ts:28
    headers headers.ts:36
    getServerSession index.js:139
    Header Header.tsx:30
    renderWithHooks React
    mountIndeterminateComponent react-dom.development.js:16869
    React 43
request-async-storage.external.ts:28:8
Uncaught (in promise) Error: `headers` was called outside a request scope. Read more: https://nextjs.org/docs/messages/next-dynamic-api-wrong-context
    getExpectedRequestStore request-async-storage.external.ts:28
    headers headers.ts:36
    getServerSession index.js:139
    Header Header.tsx:30
    renderWithHooks React
    mountIndeterminateComponent react-dom.development.js:16869
    React 55
request-async-storage.external.ts:28:8
Uncaught (in promise) Error: `headers` was called outside a request scope. Read more: https://nextjs.org/docs/messages/next-dynamic-api-wrong-context
    getExpectedRequestStore request-async-storage.external.ts:28
    headers headers.ts:36
    getServerSession index.js:139
    Header Header.tsx:30
    renderWithHooks React
    mountIndeterminateComponent react-dom.development.js:16869
    React 2
request-async-storage.external.ts:28:8
Uncaught (in promise) Error: `headers` was called outside a request scope. Read more: https://nextjs.org/docs/messages/next-dynamic-api-wrong-context
    getExpectedRequestStore request-async-storage.external.ts:28
    headers headers.ts:36
    getServerSession index.js:139
    Header Header.tsx:30
    renderWithHooks React
    mountIndeterminateComponent react-dom.development.js:16869
    React 43
request-async-storage.external.ts:28:8
Uncaught (in promise) Error: `headers` was called outside a request scope. Read more: https://nextjs.org/docs/messages/next-dynamic-api-wrong-context
    getExpectedRequestStore request-async-storage.external.ts:28
    headers headers.ts:36
    getServerSession index.js:139
    Header Header.tsx:30
    renderWithHooks React
    mountIndeterminateComponent react-dom.development.js:16869
    React 55
request-async-storage.external.ts:28:8
Uncaught (in promise) Error: `headers` was called outside a request scope. Read more: https://nextjs.org/docs/messages/next-dynamic-api-wrong-context
    getExpectedRequestStore request-async-storage.external.ts:28
    headers headers.ts:36
    getServerSession index.js:139
    Header Header.tsx:30
    renderWithHooks React
    mountIndeterminateComponent react-dom.development.js:16869
    React 2
request-async-storage.external.ts:28:8
Uncaught (in promise) Error: `headers` was called outside a request scope. Read more: https://nextjs.org/docs/messages/next-dynamic-api-wrong-context
    getExpectedRequestStore request-async-storage.external.ts:28
    headers headers.ts:36
    getServerSession index.js:139
    Header Header.tsx:30
    renderWithHooks React
    mountIndeterminateComponent react-dom.development.js:16869
    React 43
request-async-storage.external.ts:28:8
Uncaught (in promise) Error: `headers` was called outside a request scope. Read more: https://nextjs.org/docs/messages/next-dynamic-api-wrong-context
    getExpectedRequestStore request-async-storage.external.ts:28
    headers headers.ts:36
    getServerSession index.js:139
    Header Header.tsx:30
    renderWithHooks React
    mountIndeterminateComponent react-dom.development.js:16869
    React 55
request-async-storage.external.ts:28:8
Uncaught (in promise) Error: `headers` was called outside a request scope. Read more: https://nextjs.org/docs/messages/next-dynamic-api-wrong-context
    getExpectedRequestStore request-async-storage.external.ts:28
    headers headers.ts:36
    getServerSession index.js:139
    Header Header.tsx:30
    renderWithHooks React
    mountIndeterminateComponent react-dom.development.js:16869
    React 2
request-async-storage.external.ts:28:8
Uncaught (in promise) Error: `headers` was called outside a request scope. Read more: https://nextjs.org/docs/messages/next-dynamic-api-wrong-context
    getExpectedRequestStore request-async-storage.external.ts:28
    headers headers.ts:36
    getServerSession index.js:139
    Header Header.tsx:30
    renderWithHooks React
    mountIndeterminateComponent react-dom.development.js:16869
    React 43
request-async-storage.external.ts:28:8
Uncaught (in promise) Error: `headers` was called outside a request scope. Read more: https://nextjs.org/docs/messages/next-dynamic-api-wrong-context
    getExpectedRequestStore request-async-storage.external.ts:28
    headers headers.ts:36
    getServerSession index.js:139
    Header Header.tsx:30
    renderWithHooks React
    mountIndeterminateComponent react-dom.development.js:16869
    React 55
request-async-storage.external.ts:28:8
Uncaught (in promise) Error: `headers` was called outside a request scope. Read more: https://nextjs.org/docs/messages/next-dynamic-api-wrong-context
    getExpectedRequestStore request-async-storage.external.ts:28
    headers headers.ts:36
    getServerSession index.js:139
    Header Header.tsx:30
    renderWithHooks React
    mountIndeterminateComponent react-dom.development.js:16869
    React 2
request-async-storage.external.ts:28:8
Uncaught (in promise) Error: `headers` was called outside a request scope. Read more: https://nextjs.org/docs/messages/next-dynamic-api-wrong-context
    getExpectedRequestStore request-async-storage.external.ts:28
    headers headers.ts:36
    getServerSession index.js:139
    Header Header.tsx:30
    renderWithHooks React
    mountIndeterminateComponent react-dom.development.js:16869
    React 43
request-async-storage.external.ts:28:8
Uncaught (in promise) Error: `headers` was called outside a request scope. Read more: https://nextjs.org/docs/messages/next-dynamic-api-wrong-context
    getExpectedRequestStore request-async-storage.external.ts:28
    headers headers.ts:36
    getServerSession index.js:139
    Header Header.tsx:30
    renderWithHooks React
    mountIndeterminateComponent react-dom.development.js:16869
    React 55
request-async-storage.external.ts:28:8
Uncaught (in promise) Error: `headers` was called outside a request scope. Read more: https://nextjs.org/docs/messages/next-dynamic-api-wrong-context
    getExpectedRequestStore request-async-storage.external.ts:28
    headers headers.ts:36
    getServerSession index.js:139
    Header Header.tsx:30
    renderWithHooks React
    mountIndeterminateComponent react-dom.development.js:16869
    React 2
request-async-storage.external.ts:28:8
Uncaught (in promise) Error: `headers` was called outside a request scope. Read more: https://nextjs.org/docs/messages/next-dynamic-api-wrong-context
    getExpectedRequestStore request-async-storage.external.ts:28
    headers headers.ts:36
    getServerSession index.js:139
    Header Header.tsx:30
    renderWithHooks React
    mountIndeterminateComponent react-dom.development.js:16869
    React 43
request-async-storage.external.ts:28:8
Uncaught (in promise) Error: `headers` was called outside a request scope. Read more: https://nextjs.org/docs/messages/next-dynamic-api-wrong-context
    getExpectedRequestStore request-async-storage.external.ts:28
    headers headers.ts:36
    getServerSession index.js:139
    Header Header.tsx:30
    renderWithHooks React
    mountIndeterminateComponent react-dom.development.js:16869
    React 55
request-async-storage.external.ts:28:8
Uncaught (in promise) Error: `headers` was called outside a request scope. Read more: https://nextjs.org/docs/messages/next-dynamic-api-wrong-context
    getExpectedRequestStore request-async-storage.external.ts:28
    headers headers.ts:36
    getServerSession index.js:139
    Header Header.tsx:30
    renderWithHooks React
    mountIndeterminateComponent react-dom.development.js:16869
    React 2
request-async-storage.external.ts:28:8
Uncaught (in promise) Error: `headers` was called outside a request scope. Read more: https://nextjs.org/docs/messages/next-dynamic-api-wrong-context
    getExpectedRequestStore request-async-storage.external.ts:28
    headers headers.ts:36
    getServerSession index.js:139
    Header Header.tsx:30
    renderWithHooks React
    mountIndeterminateComponent react-dom.development.js:16869
    React 43
request-async-storage.external.ts:28:8
Uncaught (in promise) Error: `headers` was called outside a request scope. Read more: https://nextjs.org/docs/messages/next-dynamic-api-wrong-context
    getExpectedRequestStore request-async-storage.external.ts:28
    headers headers.ts:36
    getServerSession index.js:139
    Header Header.tsx:30
    renderWithHooks React
    mountIndeterminateComponent react-dom.development.js:16869
    React 55
request-async-storage.external.ts:28:8
Uncaught (in promise) Error: `headers` was called outside a request scope. Read more: https://nextjs.org/docs/messages/next-dynamic-api-wrong-context
    getExpectedRequestStore request-async-storage.external.ts:28
    headers headers.ts:36
    getServerSession index.js:139
    Header Header.tsx:30
    renderWithHooks React
    mountIndeterminateComponent react-dom.development.js:16869
    React 2
request-async-storage.external.ts:28:8
Uncaught (in promise) Error: `headers` was called outside a request scope. Read more: https://nextjs.org/docs/messages/next-dynamic-api-wrong-context
    getExpectedRequestStore request-async-storage.external.ts:28
    headers headers.ts:36
    getServerSession index.js:139
    Header Header.tsx:30
    renderWithHooks React
    mountIndeterminateComponent react-dom.development.js:16869
    React 43
request-async-storage.external.ts:28:8
Uncaught (in promise) Error: `headers` was called outside a request scope. Read more: https://nextjs.org/docs/messages/next-dynamic-api-wrong-context
    getExpectedRequestStore request-async-storage.external.ts:28
    headers headers.ts:36
    getServerSession index.js:139
    Header Header.tsx:30
    renderWithHooks React
    mountIndeterminateComponent react-dom.development.js:16869
    React 55
request-async-storage.external.ts:28:8
Uncaught (in promise) Error: `headers` was called outside a request scope. Read more: https://nextjs.org/docs/messages/next-dynamic-api-wrong-context
    getExpectedRequestStore request-async-storage.external.ts:28
    headers headers.ts:36
    getServerSession index.js:139
    Header Header.tsx:30
    renderWithHooks React
    mountIndeterminateComponent react-dom.development.js:16869
    React 2
request-async-storage.external.ts:28:8
Uncaught (in promise) Error: `headers` was called outside a request scope. Read more: https://nextjs.org/docs/messages/next-dynamic-api-wrong-context
    getExpectedRequestStore request-async-storage.external.ts:28
    headers headers.ts:36
    getServerSession index.js:139
    Header Header.tsx:30
    renderWithHooksAgain react-dom.development.js:11272
    renderWithHooks react-dom.development.js:11135
    mountIndeterminateComponent react-dom.development.js:16869
request-async-storage.external.ts:28:8
Uncaught (in promise) Error: `headers` was called outside a request scope. Read more: https://nextjs.org/docs/messages/next-dynamic-api-wrong-context
    getExpectedRequestStore request-async-storage.external.ts:28
    headers headers.ts:36
    getServerSession index.js:139
    Header Header.tsx:30
    renderWithHooks React
    mountIndeterminateComponent react-dom.development.js:16869
    React 2
request-async-storage.external.ts:28:8
Uncaught (in promise) Error: `headers` was called outside a request scope. Read more: https://nextjs.org/docs/messages/next-dynamic-api-wrong-context
    getExpectedRequestStore request-async-storage.external.ts:28
    headers headers.ts:36
    getServerSession index.js:139
    Header Header.tsx:30
    renderWithHooksAgain react-dom.development.js:11272
    renderWithHooks react-dom.development.js:11135
    mountIndeterminateComponent react-dom.development.js:16869
request-async-storage.external.ts:28:8
Uncaught (in promise) Error: `headers` was called outside a request scope. Read more: https://nextjs.org/docs/messages/next-dynamic-api-wrong-context
    getExpectedRequestStore request-async-storage.external.ts:28
    headers headers.ts:36
    getServerSession index.js:139
    Header Header.tsx:30
    renderWithHooks React
    mountIndeterminateComponent react-dom.development.js:16869
    React 2
request-async-storage.external.ts:28:8
Uncaught (in promise) Error: `headers` was called outside a request scope. Read more: https://nextjs.org/docs/messages/next-dynamic-api-wrong-context
    getExpectedRequestStore request-async-storage.external.ts:28
    headers headers.ts:36
    getServerSession index.js:139
    Header Header.tsx:30
    renderWithHooksAgain react-dom.development.js:11272
    renderWithHooks react-dom.development.js:11135
    mountIndeterminateComponent react-dom.development.js:16869
request-async-storage.external.ts:28:8
Uncaught (in promise) Error: `headers` was called outside a request scope. Read more: https://nextjs.org/docs/messages/next-dynamic-api-wrong-context
    getExpectedRequestStore request-async-storage.external.ts:28
    headers headers.ts:36
    getServerSession index.js:139
    Header Header.tsx:30
    renderWithHooks React
    mountIndeterminateComponent react-dom.development.js:16869
    React 2
request-async-storage.external.ts:28:8
Uncaught (in promise) Error: `headers` was called outside a request scope. Read more: https://nextjs.org/docs/messages/next-dynamic-api-wrong-context
    getExpectedRequestStore request-async-storage.external.ts:28
    headers headers.ts:36
    getServerSession index.js:139
    Header Header.tsx:30
    renderWithHooksAgain react-dom.development.js:11272
    renderWithHooks react-dom.development.js:11135
    mountIndeterminateComponent react-dom.development.js:16869
request-async-storage.external.ts:28:8
⚪️🔴🔴 Error fetching CSS file: wp-content/themes/astra/assets/css/minified/main.min.css%3Fver=4.7.0.css HttpError: Not Found - https://docs.github.com/rest/repos/contents#get-repository-content
    RequestError index.js:8
    fetchWrapper index.js:100
    fetchWrapper index.js:57
    request2 index.js:174
    hook index.js:32
    promise callback*hook add.js:35
    requestWithGraphqlErrorHandling index.js:36
    doExecute light.js:405
    timeout light.js:1202
    setTimeout handler*_run light.js:1201
    _drainOne light.js:1236
    promise callback*_drainOne/< light.js:1224
    cb light.js:773
    _tryToRun light.js:783
    schedule light.js:798
    _drainOne light.js:1212
    _drainAll light.js:1246
    _addToQueue light.js:1354
    cb light.js:773
    _tryToRun light.js:783
    schedule light.js:798
    _receive light.js:1364
    schedule light.js:1406
    wrapRequest index.js:30
    doExecute light.js:405
    timeout light.js:1202
    setTimeout handler*_run light.js:1201
    _drainOne light.js:1236
    promise callback*_drainOne/< light.js:1224
    cb light.js:773
    _tryToRun light.js:783
    _tryToRun light.js:785
    _tryToRun light.js:785
    schedule light.js:798
    _drainOne light.js:1212
    _drainAll light.js:1246
    _addToQueue light.js:1354
app-index.tsx:25:19
⚪️🔴🔴 Error fetching CSS file: wp-content/uploads/elementor/css/custom-frontend-lite.min.css%3Fver=1712928427.css HttpError: Not Found - https://docs.github.com/rest/repos/contents#get-repository-content
    RequestError index.js:8
    fetchWrapper index.js:100
    fetchWrapper index.js:57
    request2 index.js:174
    hook index.js:32
    promise callback*hook add.js:35
    requestWithGraphqlErrorHandling index.js:36
    doExecute light.js:405
    timeout light.js:1202
    setTimeout handler*_run light.js:1201
    _drainOne light.js:1236
    promise callback*_drainOne/< light.js:1224
    cb light.js:773
    _tryToRun light.js:783
    schedule light.js:798
    _drainOne light.js:1212
    _drainAll light.js:1246
    _addToQueue light.js:1354
    cb light.js:773
    _tryToRun light.js:783
    schedule light.js:798
    _receive light.js:1364
    schedule light.js:1406
    wrapRequest index.js:30
    doExecute light.js:405
    timeout light.js:1202
    setTimeout handler*_run light.js:1201
    _drainOne light.js:1236
    promise callback*_drainOne/< light.js:1224
    cb light.js:773
    _tryToRun light.js:783
    _tryToRun light.js:785
    _tryToRun light.js:785
    _tryToRun light.js:785
    _tryToRun light.js:785
    schedule light.js:798
    _drainOne light.js:1212
    _drainAll light.js:1246
    _addToQueue light.js:1354
    cb light.js:773
    _tryToRun light.js:783
    _tryToRun light.js:785
app-index.tsx:25:19
⚪️🔴🔴 Error fetching CSS file: wp-content/uploads/essential-addons-elementor/eael-3676.css%3Fver=1716496702.css HttpError: Not Found - https://docs.github.com/rest/repos/contents#get-repository-content
    RequestError index.js:8
    fetchWrapper index.js:100
    fetchWrapper index.js:57
    request2 index.js:174
    hook index.js:32
    promise callback*hook add.js:35
    requestWithGraphqlErrorHandling index.js:36
    doExecute light.js:405
    timeout light.js:1202
    setTimeout handler*_run light.js:1201
    _drainOne light.js:1236
    promise callback*_drainOne/< light.js:1224
    cb light.js:773
    _tryToRun light.js:783
    schedule light.js:798
    _drainOne light.js:1212
    _drainAll light.js:1246
    _addToQueue light.js:1354
    cb light.js:773
    _tryToRun light.js:783
    schedule light.js:798
    _receive light.js:1364
    schedule light.js:1406
    wrapRequest index.js:30
    doExecute light.js:405
    timeout light.js:1202
    setTimeout handler*_run light.js:1201
    _drainOne light.js:1236
    promise callback*_drainOne/< light.js:1224
    cb light.js:773
    _tryToRun light.js:783
    schedule light.js:798
    _drainOne light.js:1212
    _drainAll light.js:1246
    __free__ light.js:658
    _free light.js:1183
    _onFailure light.js:440
    doExecute light.js:414
app-index.tsx:25:19
⚪️🔴🔴 Error fetching CSS file: wp-content/plugins/essential-addons-for-elementor-lite/assets/front-end/css/view/general.min.css%3Fver=5.9.24.css HttpError: Not Found - https://docs.github.com/rest/repos/contents#get-repository-content
    RequestError index.js:8
    fetchWrapper index.js:100
    fetchWrapper index.js:57
    request2 index.js:174
    hook index.js:32
    promise callback*hook add.js:35
    requestWithGraphqlErrorHandling index.js:36
    doExecute light.js:405
    timeout light.js:1202
    setTimeout handler*_run light.js:1201
    _drainOne light.js:1236
    promise callback*_drainOne/< light.js:1224
    cb light.js:773
    _tryToRun light.js:783
    schedule light.js:798
    _drainOne light.js:1212
    _drainAll light.js:1246
    _addToQueue light.js:1354
    cb light.js:773
    _tryToRun light.js:783
    schedule light.js:798
    _receive light.js:1364
    schedule light.js:1406
    wrapRequest index.js:30
    doExecute light.js:405
    timeout light.js:1202
    setTimeout handler*_run light.js:1201
    _drainOne light.js:1236
    promise callback*_drainOne/< light.js:1224
    cb light.js:773
    _tryToRun light.js:783
    schedule light.js:798
    _drainOne light.js:1212
    _drainAll light.js:1246
    __free__ light.js:658
    _free light.js:1183
    _onFailure light.js:440
    doExecute light.js:414
    timeout light.js:1202
    setTimeout handler*_run light.js:1201
    _drainOne light.js:1236
    promise callback*_drainOne/< light.js:1224
    cb light.js:773
    _tryToRun light.js:783
    schedule light.js:798
app-index.tsx:25:19
⚪️🔴🔴 Error fetching CSS file: wp-content/plugins/elementor/assets/lib/eicons/css/elementor-icons.min.css%3Fver=5.29.0.css HttpError: Not Found - https://docs.github.com/rest/repos/contents#get-repository-content
    RequestError index.js:8
    fetchWrapper index.js:100
    fetchWrapper index.js:57
    request2 index.js:174
    hook index.js:32
    promise callback*hook add.js:35
    requestWithGraphqlErrorHandling index.js:36
    doExecute light.js:405
    timeout light.js:1202
    setTimeout handler*_run light.js:1201
    _drainOne light.js:1236
    promise callback*_drainOne/< light.js:1224
    cb light.js:773
    _tryToRun light.js:783
    schedule light.js:798
    _drainOne light.js:1212
    _drainAll light.js:1246
    _addToQueue light.js:1354
    cb light.js:773
    _tryToRun light.js:783
    schedule light.js:798
    _receive light.js:1364
    schedule light.js:1406
    wrapRequest index.js:30
    doExecute light.js:405
    timeout light.js:1202
    setTimeout handler*_run light.js:1201
    _drainOne light.js:1236
    promise callback*_drainOne/< light.js:1224
    cb light.js:773
    _tryToRun light.js:783
    schedule light.js:798
    _drainOne light.js:1212
    _drainAll light.js:1246
    __free__ light.js:658
    _free light.js:1183
    _onFailure light.js:440
    doExecute light.js:414
app-index.tsx:25:19
⚪️🔴🔴 Error fetching CSS file: wp-content/plugins/elementor/assets/lib/swiper/v8/css/swiper.min.css%3Fver=8.4.5.css HttpError: Not Found - https://docs.github.com/rest/repos/contents#get-repository-content
    RequestError index.js:8
    fetchWrapper index.js:100
    fetchWrapper index.js:57
    request2 index.js:174
    hook index.js:32
    promise callback*hook add.js:35
    requestWithGraphqlErrorHandling index.js:36
    doExecute light.js:405
    timeout light.js:1202
    setTimeout handler*_run light.js:1201
    _drainOne light.js:1236
    promise callback*_drainOne/< light.js:1224
    cb light.js:773
    _tryToRun light.js:783
    schedule light.js:798
    _drainOne light.js:1212
    _drainAll light.js:1246
    _addToQueue light.js:1354
    cb light.js:773
    _tryToRun light.js:783
    schedule light.js:798
    _receive light.js:1364
    schedule light.js:1406
    wrapRequest index.js:30
    doExecute light.js:405
    timeout light.js:1202
    setTimeout handler*_run light.js:1201
    _drainOne light.js:1236
    promise callback*_drainOne/< light.js:1224
    cb light.js:773
    _tryToRun light.js:783
    schedule light.js:798
    _drainOne light.js:1212
    _drainAll light.js:1246
    __free__ light.js:658
    _free light.js:1183
    _onFailure light.js:440
    doExecute light.js:414
app-index.tsx:25:19
⚪️🔴🔴 Error fetching CSS file: wp-content/uploads/elementor/css/post-6.css%3Fver=1712928427.css HttpError: Not Found - https://docs.github.com/rest/repos/contents#get-repository-content
    RequestError index.js:8
    fetchWrapper index.js:100
    fetchWrapper index.js:57
    request2 index.js:174
    hook index.js:32
    promise callback*hook add.js:35
    requestWithGraphqlErrorHandling index.js:36
    doExecute light.js:405
    timeout light.js:1202
    setTimeout handler*_run light.js:1201
    _drainOne light.js:1236
    promise callback*_drainOne/< light.js:1224
    cb light.js:773
    _tryToRun light.js:783
    schedule light.js:798
    _drainOne light.js:1212
    _drainAll light.js:1246
    _addToQueue light.js:1354
    cb light.js:773
    _tryToRun light.js:783
    schedule light.js:798
    _receive light.js:1364
    schedule light.js:1406
    wrapRequest index.js:30
    doExecute light.js:405
    timeout light.js:1202
    setTimeout handler*_run light.js:1201
    _drainOne light.js:1236
    promise callback*_drainOne/< light.js:1224
    cb light.js:773
    _tryToRun light.js:783
    schedule light.js:798
    _drainOne light.js:1212
    _drainAll light.js:1246
app-index.tsx:25:19
⚪️🔴🔴 Error fetching CSS file: wp-content/uploads/elementor/css/custom-pro-frontend-lite.min.css%3Fver=1712928427.css HttpError: Not Found - https://docs.github.com/rest/repos/contents#get-repository-content
    RequestError index.js:8
    fetchWrapper index.js:100
    fetchWrapper index.js:57
    request2 index.js:174
    hook index.js:32
    promise callback*hook add.js:35
    requestWithGraphqlErrorHandling index.js:36
    doExecute light.js:405
    timeout light.js:1202
    setTimeout handler*_run light.js:1201
    _drainOne light.js:1236
    promise callback*_drainOne/< light.js:1224
    cb light.js:773
    _tryToRun light.js:783
    schedule light.js:798
    _drainOne light.js:1212
    _drainAll light.js:1246
    _addToQueue light.js:1354
    cb light.js:773
    _tryToRun light.js:783
    schedule light.js:798
    _receive light.js:1364
    schedule light.js:1406
    wrapRequest index.js:30
    doExecute light.js:405
    timeout light.js:1202
    setTimeout handler*_run light.js:1201
    _drainOne light.js:1236
    promise callback*_drainOne/< light.js:1224
    cb light.js:773
    _tryToRun light.js:783
    schedule light.js:798
    _drainOne light.js:1212
    _drainAll light.js:1246
    __free__ light.js:658
    _free light.js:1183
    doExecute light.js:407
    timeout light.js:1202
    setTimeout handler*_run light.js:1201
    _drainOne light.js:1236
    promise callback*_drainOne/< light.js:1224
    cb light.js:773
    _tryToRun light.js:783
    schedule light.js:798
    _drainOne light.js:1212
    _drainAll light.js:1246
    _addToQueue light.js:1354
    cb light.js:773
    _tryToRun light.js:783
    _tryToRun light.js:785
    _tryToRun light.js:785
app-index.tsx:25:19
⚪️🔴🔴 Error fetching CSS file: wp-content/plugins/sticky-header-effects-for-elementor/assets/css/she-header-style.css%3Fver=1.6.11.css HttpError: Not Found - https://docs.github.com/rest/repos/contents#get-repository-content
    RequestError index.js:8
    fetchWrapper index.js:100
    fetchWrapper index.js:57
    request2 index.js:174
    hook index.js:32
    promise callback*hook add.js:35
    requestWithGraphqlErrorHandling index.js:36
    doExecute light.js:405
    timeout light.js:1202
    setTimeout handler*_run light.js:1201
    _drainOne light.js:1236
    promise callback*_drainOne/< light.js:1224
    cb light.js:773
    _tryToRun light.js:783
    schedule light.js:798
    _drainOne light.js:1212
    _drainAll light.js:1246
    _addToQueue light.js:1354
    cb light.js:773
    _tryToRun light.js:783
    schedule light.js:798
    _receive light.js:1364
    schedule light.js:1406
    wrapRequest index.js:30
    doExecute light.js:405
    timeout light.js:1202
    setTimeout handler*_run light.js:1201
    _drainOne light.js:1236
    promise callback*_drainOne/< light.js:1224
    cb light.js:773
    _tryToRun light.js:783
    schedule light.js:798
    _drainOne light.js:1212
    _drainAll light.js:1246
    __free__ light.js:658
    _free light.js:1183
    _onFailure light.js:440
    doExecute light.js:414
    timeout light.js:1202
    setTimeout handler*_run light.js:1201
    _drainOne light.js:1236
    promise callback*_drainOne/< light.js:1224
    cb light.js:773
    _tryToRun light.js:783
    _tryToRun light.js:785
    schedule light.js:798
    _drainOne light.js:1212
    _drainAll light.js:1246
    _addToQueue light.js:1354
    cb light.js:773
    _tryToRun light.js:783
    _tryToRun light.js:785
app-index.tsx:25:19
XHRGET
https://api.github.com/repos/life-Nd/lissage/contents/wp-content/uploads/elementor/css/global.css%3Fver=1712928743.css
[HTTP/2 404  104ms]

XHRGET
https://api.github.com/repos/life-Nd/lissage/contents/wp-content/uploads/elementor/css/post-3676.css%3Fver=1716497159.css
[HTTP/2 404  136ms]

XHRGET
https://api.github.com/repos/life-Nd/lissage/contents/wp-content/uploads/elementor/css/post-3695.css%3Fver=1721157679.css
[HTTP/2 404  120ms]

XHRGET
https://api.github.com/repos/life-Nd/lissage/contents/wp-content/uploads/elementor/css/post-3696.css%3Fver=1719680869.css
[HTTP/2 404  122ms]

XHRGET
https://api.github.com/repos/life-Nd/lissage/contents/wp-content/plugins/elementskit-lite/modules/elementskit-icon-pack/assets/css/ekiticons.css%3Fver=3.2.0.css
[HTTP/2 404  114ms]

XHRGET
https://api.github.com/repos/life-Nd/lissage/contents/wp-content/plugins/elementskit-lite/widgets/init/assets/css/widget-styles.css%3Fver=3.2.0.css
[HTTP/2 404  123ms]

XHRGET
https://api.github.com/repos/life-Nd/lissage/contents/wp-content/plugins/elementskit-lite/widgets/init/assets/css/responsive.css%3Fver=3.2.0.css
[HTTP/2 404  164ms]

XHRGET
https://api.github.com/repos/life-Nd/lissage/contents/wp-includes/js/mediaelement/mediaelementplayer-legacy.min.css%3Fver=4.2.17.css
[HTTP/2 404  127ms]

XHRGET
https://api.github.com/repos/life-Nd/lissage/contents/wp-includes/js/mediaelement/wp-mediaelement.min.css%3Fver=6.6.1.css
[HTTP/2 404  107ms]

XHRGET
https://api.github.com/repos/life-Nd/lissage/contents/wp-content/plugins/elementor/assets/lib/font-awesome/css/fontawesome.min.css%3Fver=5.15.3.css
[HTTP/2 404  113ms]

⚪️🔴🔴 Error fetching CSS file: wp-content/uploads/elementor/css/global.css%3Fver=1712928743.css HttpError: Not Found - https://docs.github.com/rest/repos/contents#get-repository-content
    RequestError index.js:8
    fetchWrapper index.js:100
    fetchWrapper index.js:57
    request2 index.js:174
    hook index.js:32
    promise callback*hook add.js:35
    requestWithGraphqlErrorHandling index.js:36
    doExecute light.js:405
    timeout light.js:1202
    setTimeout handler*_run light.js:1201
    _drainOne light.js:1236
    promise callback*_drainOne/< light.js:1224
    cb light.js:773
    _tryToRun light.js:783
    schedule light.js:798
    _drainOne light.js:1212
    _drainAll light.js:1246
    _addToQueue light.js:1354
    cb light.js:773
    _tryToRun light.js:783
    schedule light.js:798
    _receive light.js:1364
    schedule light.js:1406
    wrapRequest index.js:30
    doExecute light.js:405
    timeout light.js:1202
    setTimeout handler*_run light.js:1201
    _drainOne light.js:1236
    promise callback*_drainOne/< light.js:1224
    cb light.js:773
    _tryToRun light.js:783
    schedule light.js:798
    _drainOne light.js:1212
    _drainAll light.js:1246
    __free__ light.js:658
    _free light.js:1183
    _onFailure light.js:440
    doExecute light.js:414
    timeout light.js:1202
    setTimeout handler*_run light.js:1201
    _drainOne light.js:1236
    promise callback*_drainOne/< light.js:1224
    cb light.js:773
    _tryToRun light.js:783
    _tryToRun light.js:785
    _tryToRun light.js:785
    _tryToRun light.js:785
    schedule light.js:798
    _drainOne light.js:1212
    _drainAll light.js:1246
    _addToQueue light.js:1354
app-index.tsx:25:19
XHRGET
https://api.github.com/repos/life-Nd/lissage/contents/wp-content/plugins/elementor/assets/lib/font-awesome/css/solid.min.css%3Fver=5.15.3.css
[HTTP/2 404  112ms]

⚪️🔴🔴 Error fetching CSS file: wp-content/plugins/elementskit-lite/modules/elementskit-icon-pack/assets/css/ekiticons.css%3Fver=3.2.0.css HttpError: Not Found - https://docs.github.com/rest/repos/contents#get-repository-content
    RequestError index.js:8
    fetchWrapper index.js:100
    fetchWrapper index.js:57
    request2 index.js:174
    hook index.js:32
    promise callback*hook add.js:35
    requestWithGraphqlErrorHandling index.js:36
    doExecute light.js:405
    timeout light.js:1202
    setTimeout handler*_run light.js:1201
    _drainOne light.js:1236
    promise callback*_drainOne/< light.js:1224
    cb light.js:773
    _tryToRun light.js:783
    schedule light.js:798
    _drainOne light.js:1212
    _drainAll light.js:1246
    _addToQueue light.js:1354
    cb light.js:773
    _tryToRun light.js:783
    schedule light.js:798
    _receive light.js:1364
    schedule light.js:1406
    wrapRequest index.js:30
    doExecute light.js:405
    timeout light.js:1202
    setTimeout handler*_run light.js:1201
    _drainOne light.js:1236
    promise callback*_drainOne/< light.js:1224
    cb light.js:773
    _tryToRun light.js:783
    _tryToRun light.js:785
    _tryToRun light.js:785
app-index.tsx:25:19
⚪️🔴🔴 Error fetching CSS file: wp-content/uploads/elementor/css/post-3695.css%3Fver=1721157679.css HttpError: Not Found - https://docs.github.com/rest/repos/contents#get-repository-content
    RequestError index.js:8
    fetchWrapper index.js:100
    fetchWrapper index.js:57
    request2 index.js:174
    hook index.js:32
    promise callback*hook add.js:35
    requestWithGraphqlErrorHandling index.js:36
    doExecute light.js:405
    timeout light.js:1202
    setTimeout handler*_run light.js:1201
    _drainOne light.js:1236
    promise callback*_drainOne/< light.js:1224
    cb light.js:773
    _tryToRun light.js:783
    schedule light.js:798
    _drainOne light.js:1212
    _drainAll light.js:1246
    _addToQueue light.js:1354
    cb light.js:773
    _tryToRun light.js:783
    schedule light.js:798
    _receive light.js:1364
    schedule light.js:1406
    wrapRequest index.js:30
    doExecute light.js:405
    timeout light.js:1202
    setTimeout handler*_run light.js:1201
    _drainOne light.js:1236
    promise callback*_drainOne/< light.js:1224
    cb light.js:773
    _tryToRun light.js:783
app-index.tsx:25:19
⚪️🔴🔴 Error fetching CSS file: wp-content/uploads/elementor/css/post-3696.css%3Fver=1719680869.css HttpError: Not Found - https://docs.github.com/rest/repos/contents#get-repository-content
    RequestError index.js:8
    fetchWrapper index.js:100
    fetchWrapper index.js:57
    request2 index.js:174
    hook index.js:32
    promise callback*hook add.js:35
    requestWithGraphqlErrorHandling index.js:36
    doExecute light.js:405
    timeout light.js:1202
    setTimeout handler*_run light.js:1201
    _drainOne light.js:1236
    promise callback*_drainOne/< light.js:1224
    cb light.js:773
    _tryToRun light.js:783
    schedule light.js:798
    _drainOne light.js:1212
    _drainAll light.js:1246
    _addToQueue light.js:1354
    cb light.js:773
    _tryToRun light.js:783
    schedule light.js:798
    _receive light.js:1364
    schedule light.js:1406
    wrapRequest index.js:30
    doExecute light.js:405
    timeout light.js:1202
    setTimeout handler*_run light.js:1201
    _drainOne light.js:1236
    promise callback*_drainOne/< light.js:1224
    cb light.js:773
    _tryToRun light.js:783
    _tryToRun light.js:785
    _tryToRun light.js:785
app-index.tsx:25:19
⚪️🔴🔴 Error fetching CSS file: wp-content/plugins/elementskit-lite/widgets/init/assets/css/widget-styles.css%3Fver=3.2.0.css HttpError: Not Found - https://docs.github.com/rest/repos/contents#get-repository-content
    RequestError index.js:8
    fetchWrapper index.js:100
    fetchWrapper index.js:57
    request2 index.js:174
    hook index.js:32
    promise callback*hook add.js:35
    requestWithGraphqlErrorHandling index.js:36
    doExecute light.js:405
    timeout light.js:1202
    setTimeout handler*_run light.js:1201
    _drainOne light.js:1236
    promise callback*_drainOne/< light.js:1224
    cb light.js:773
    _tryToRun light.js:783
    schedule light.js:798
    _drainOne light.js:1212
    _drainAll light.js:1246
    _addToQueue light.js:1354
    cb light.js:773
    _tryToRun light.js:783
    schedule light.js:798
    _receive light.js:1364
    schedule light.js:1406
    wrapRequest index.js:30
    doExecute light.js:405
    timeout light.js:1202
    setTimeout handler*_run light.js:1201
    _drainOne light.js:1236
    promise callback*_drainOne/< light.js:1224
    cb light.js:773
    _tryToRun light.js:783
    _tryToRun light.js:785
    _tryToRun light.js:785
    _tryToRun light.js:785
    _tryToRun light.js:785
app-index.tsx:25:19
⚪️🔴🔴 Error fetching CSS file: wp-includes/js/mediaelement/mediaelementplayer-legacy.min.css%3Fver=4.2.17.css HttpError: Not Found - https://docs.github.com/rest/repos/contents#get-repository-content
    RequestError index.js:8
    fetchWrapper index.js:100
    fetchWrapper index.js:57
    request2 index.js:174
    hook index.js:32
    promise callback*hook add.js:35
    requestWithGraphqlErrorHandling index.js:36
    doExecute light.js:405
    timeout light.js:1202
    setTimeout handler*_run light.js:1201
    _drainOne light.js:1236
    promise callback*_drainOne/< light.js:1224
    cb light.js:773
    _tryToRun light.js:783
    schedule light.js:798
    _drainOne light.js:1212
    _drainAll light.js:1246
    _addToQueue light.js:1354
    cb light.js:773
    _tryToRun light.js:783
    schedule light.js:798
    _receive light.js:1364
    schedule light.js:1406
    wrapRequest index.js:30
    doExecute light.js:405
    timeout light.js:1202
    setTimeout handler*_run light.js:1201
    _drainOne light.js:1236
    promise callback*_drainOne/< light.js:1224
    cb light.js:773
    _tryToRun light.js:783
    _tryToRun light.js:785
    _tryToRun light.js:785
    _tryToRun light.js:785
    _tryToRun light.js:785
    _tryToRun light.js:785
app-index.tsx:25:19
⚪️🔴🔴 Error fetching CSS file: wp-content/uploads/elementor/css/post-3676.css%3Fver=1716497159.css HttpError: Not Found - https://docs.github.com/rest/repos/contents#get-repository-content
    RequestError index.js:8
    fetchWrapper index.js:100
    fetchWrapper index.js:57
    request2 index.js:174
    hook index.js:32
    promise callback*hook add.js:35
    requestWithGraphqlErrorHandling index.js:36
    doExecute light.js:405
    timeout light.js:1202
    setTimeout handler*_run light.js:1201
    _drainOne light.js:1236
    promise callback*_drainOne/< light.js:1224
    cb light.js:773
    _tryToRun light.js:783
    schedule light.js:798
    _drainOne light.js:1212
    _drainAll light.js:1246
    _addToQueue light.js:1354
    cb light.js:773
    _tryToRun light.js:783
    schedule light.js:798
    _receive light.js:1364
    schedule light.js:1406
    wrapRequest index.js:30
    doExecute light.js:405
    timeout light.js:1202
    setTimeout handler*_run light.js:1201
    _drainOne light.js:1236
    promise callback*_drainOne/< light.js:1224
    cb light.js:773
    _tryToRun light.js:783
    schedule light.js:798
    _drainOne light.js:1212
    _drainAll light.js:1246
    __free__ light.js:658
    _free light.js:1183
    _onFailure light.js:440
    doExecute light.js:414
    timeout light.js:1202
    setTimeout handler*_run light.js:1201
    _drainOne light.js:1236
    promise callback*_drainOne/< light.js:1224
    cb light.js:773
    _tryToRun light.js:783
    _tryToRun light.js:785
    _tryToRun light.js:785
    schedule light.js:798
    _drainOne light.js:1212
    _drainAll light.js:1246
    _addToQueue light.js:1354
    cb light.js:773
    _tryToRun light.js:783
app-index.tsx:25:19
⚪️🔴🔴 Error fetching CSS file: wp-includes/js/mediaelement/wp-mediaelement.min.css%3Fver=6.6.1.css HttpError: Not Found - https://docs.github.com/rest/repos/contents#get-repository-content
    RequestError index.js:8
    fetchWrapper index.js:100
    fetchWrapper index.js:57
    request2 index.js:174
    hook index.js:32
    promise callback*hook add.js:35
    requestWithGraphqlErrorHandling index.js:36
    doExecute light.js:405
    timeout light.js:1202
    setTimeout handler*_run light.js:1201
    _drainOne light.js:1236
    promise callback*_drainOne/< light.js:1224
    cb light.js:773
    _tryToRun light.js:783
    schedule light.js:798
    _drainOne light.js:1212
    _drainAll light.js:1246
    _addToQueue light.js:1354
    cb light.js:773
    _tryToRun light.js:783
    schedule light.js:798
    _receive light.js:1364
    schedule light.js:1406
    wrapRequest index.js:30
    doExecute light.js:405
    timeout light.js:1202
    setTimeout handler*_run light.js:1201
    _drainOne light.js:1236
    promise callback*_drainOne/< light.js:1224
    cb light.js:773
    _tryToRun light.js:783
    _tryToRun light.js:785
    _tryToRun light.js:785
    _tryToRun light.js:785
    _tryToRun light.js:785
    _tryToRun light.js:785
app-index.tsx:25:19
⚪️🔴🔴 Error fetching CSS file: wp-content/plugins/elementskit-lite/widgets/init/assets/css/responsive.css%3Fver=3.2.0.css HttpError: Not Found - https://docs.github.com/rest/repos/contents#get-repository-content
    RequestError index.js:8
    fetchWrapper index.js:100
    fetchWrapper index.js:57
    request2 index.js:174
    hook index.js:32
    promise callback*hook add.js:35
    requestWithGraphqlErrorHandling index.js:36
    doExecute light.js:405
    timeout light.js:1202
    setTimeout handler*_run light.js:1201
    _drainOne light.js:1236
    promise callback*_drainOne/< light.js:1224
    cb light.js:773
    _tryToRun light.js:783
    schedule light.js:798
    _drainOne light.js:1212
    _drainAll light.js:1246
    _addToQueue light.js:1354
    cb light.js:773
    _tryToRun light.js:783
    schedule light.js:798
    _receive light.js:1364
    schedule light.js:1406
    wrapRequest index.js:30
    doExecute light.js:405
    timeout light.js:1202
    setTimeout handler*_run light.js:1201
    _drainOne light.js:1236
    promise callback*_drainOne/< light.js:1224
    cb light.js:773
    _tryToRun light.js:783
    _tryToRun light.js:785
    _tryToRun light.js:785
    _tryToRun light.js:785
    _tryToRun light.js:785
    _tryToRun light.js:785
app-index.tsx:25:19
⚪️🔴🔴 Error fetching CSS file: wp-content/plugins/elementor/assets/lib/font-awesome/css/fontawesome.min.css%3Fver=5.15.3.css HttpError: Not Found - https://docs.github.com/rest/repos/contents#get-repository-content
    RequestError index.js:8
    fetchWrapper index.js:100
    fetchWrapper index.js:57
    request2 index.js:174
    hook index.js:32
    promise callback*hook add.js:35
    requestWithGraphqlErrorHandling index.js:36
    doExecute light.js:405
    timeout light.js:1202
    setTimeout handler*_run light.js:1201
    _drainOne light.js:1236
    promise callback*_drainOne/< light.js:1224
    cb light.js:773
    _tryToRun light.js:783
    schedule light.js:798
    _drainOne light.js:1212
    _drainAll light.js:1246
    _addToQueue light.js:1354
    cb light.js:773
    _tryToRun light.js:783
    schedule light.js:798
    _receive light.js:1364
    schedule light.js:1406
    wrapRequest index.js:30
    doExecute light.js:405
    timeout light.js:1202
    setTimeout handler*_run light.js:1201
    _drainOne light.js:1236
    promise callback*_drainOne/< light.js:1224
    cb light.js:773
    _tryToRun light.js:783
    _tryToRun light.js:785
    _tryToRun light.js:785
    _tryToRun light.js:785
    _tryToRun light.js:785
    _tryToRun light.js:785
    _tryToRun light.js:785
    _tryToRun light.js:785
    _tryToRun light.js:785
    _tryToRun light.js:785
app-index.tsx:25:19
XHRGET
https://api.github.com/repos/life-Nd/lissage/contents/wp-content/plugins/elementor/assets/lib/font-awesome/css/brands.min.css%3Fver=5.15.3.css
[HTTP/2 404  292ms]

XHRGET
https://api.github.com/repos/life-Nd/lissage/contents/wp-content/uploads/elementor/css/custom-pro-widget-nav-menu.min.css%3Fver=1712928428.css
[HTTP/2 404  290ms]

XHRGET
https://api.github.com/repos/life-Nd/lissage/contents/wp-content/uploads/elementor/css/custom-widget-icon-list.min.css%3Fver=1712928428.css
[HTTP/2 404  288ms]

XHRGET
https://api.github.com/repos/life-Nd/lissage/contents/wp-content/plugins/elementor/assets/lib/animations/animations.min.css%3Fver=3.21.8.css
[HTTP/2 404  289ms]

⚪️🔴🔴 Error fetching CSS file: wp-content/plugins/elementor/assets/lib/font-awesome/css/solid.min.css%3Fver=5.15.3.css HttpError: Not Found - https://docs.github.com/rest/repos/contents#get-repository-content
    RequestError index.js:8
    fetchWrapper index.js:100
    fetchWrapper index.js:57
    request2 index.js:174
    hook index.js:32
    promise callback*hook add.js:35
    requestWithGraphqlErrorHandling index.js:36
    doExecute light.js:405
    timeout light.js:1202
    setTimeout handler*_run light.js:1201
    _drainOne light.js:1236
    promise callback*_drainOne/< light.js:1224
    cb light.js:773
    _tryToRun light.js:783
    schedule light.js:798
    _drainOne light.js:1212
    _drainAll light.js:1246
    _addToQueue light.js:1354
    cb light.js:773
    _tryToRun light.js:783
    schedule light.js:798
    _receive light.js:1364
    schedule light.js:1406
    wrapRequest index.js:30
    doExecute light.js:405
    timeout light.js:1202
    setTimeout handler*_run light.js:1201
    _drainOne light.js:1236
    promise callback*_drainOne/< light.js:1224
    cb light.js:773
    _tryToRun light.js:783
    schedule light.js:798
    _drainOne light.js:1212
    _drainAll light.js:1246
    __free__ light.js:658
    _free light.js:1183
    _onFailure light.js:440
app-index.tsx:25:19
⚪️🔴🔴 Error fetching CSS file: wp-content/uploads/elementor/css/custom-pro-widget-nav-menu.min.css%3Fver=1712928428.css HttpError: Not Found - https://docs.github.com/rest/repos/contents#get-repository-content
    RequestError index.js:8
    fetchWrapper index.js:100
    fetchWrapper index.js:57
    request2 index.js:174
    hook index.js:32
    promise callback*hook add.js:35
    requestWithGraphqlErrorHandling index.js:36
    doExecute light.js:405
    timeout light.js:1202
    setTimeout handler*_run light.js:1201
    _drainOne light.js:1236
    promise callback*_drainOne/< light.js:1224
    cb light.js:773
    _tryToRun light.js:783
    schedule light.js:798
    _drainOne light.js:1212
    _drainAll light.js:1246
    _addToQueue light.js:1354
    cb light.js:773
    _tryToRun light.js:783
    schedule light.js:798
    _receive light.js:1364
    schedule light.js:1406
    wrapRequest index.js:30
    doExecute light.js:405
    timeout light.js:1202
    setTimeout handler*_run light.js:1201
    _drainOne light.js:1236
    promise callback*_drainOne/< light.js:1224
    cb light.js:773
    _tryToRun light.js:783
    schedule light.js:798
    _drainOne light.js:1212
    _drainAll light.js:1246
    __free__ light.js:658
    _free light.js:1183
    _onFailure light.js:440
    doExecute light.js:414
    timeout light.js:1202
    setTimeout handler*_run light.js:1201
    _drainOne light.js:1236
    promise callback*_drainOne/< light.js:1224
app-index.tsx:25:19
⚪️🔴🔴 Error fetching CSS file: wp-content/plugins/elementor/assets/lib/font-awesome/css/brands.min.css%3Fver=5.15.3.css HttpError: Not Found - https://docs.github.com/rest/repos/contents#get-repository-content
    RequestError index.js:8
    fetchWrapper index.js:100
    fetchWrapper index.js:57
    request2 index.js:174
    hook index.js:32
    promise callback*hook add.js:35
    requestWithGraphqlErrorHandling index.js:36
    doExecute light.js:405
    timeout light.js:1202
    setTimeout handler*_run light.js:1201
    _drainOne light.js:1236
    promise callback*_drainOne/< light.js:1224
    cb light.js:773
    _tryToRun light.js:783
    schedule light.js:798
    _drainOne light.js:1212
    _drainAll light.js:1246
    _addToQueue light.js:1354
    cb light.js:773
    _tryToRun light.js:783
    schedule light.js:798
    _receive light.js:1364
    schedule light.js:1406
    wrapRequest index.js:30
    doExecute light.js:405
    timeout light.js:1202
    setTimeout handler*_run light.js:1201
    _drainOne light.js:1236
    promise callback*_drainOne/< light.js:1224
    cb light.js:773
    _tryToRun light.js:783
    schedule light.js:798
    _drainOne light.js:1212
    _drainAll light.js:1246
    __free__ light.js:658
    _free light.js:1183
    _onFailure light.js:440
    doExecute light.js:414
    timeout light.js:1202
    setTimeout handler*_run light.js:1201
    _drainOne light.js:1236
    promise callback*_drainOne/< light.js:1224
app-index.tsx:25:19
⚪️🔴🔴 Error fetching CSS file: wp-content/uploads/elementor/css/custom-widget-icon-list.min.css%3Fver=1712928428.css HttpError: Not Found - https://docs.github.com/rest/repos/contents#get-repository-content
    RequestError index.js:8
    fetchWrapper index.js:100
    fetchWrapper index.js:57
    request2 index.js:174
    hook index.js:32
    promise callback*hook add.js:35
    requestWithGraphqlErrorHandling index.js:36
    doExecute light.js:405
    timeout light.js:1202
    setTimeout handler*_run light.js:1201
    _drainOne light.js:1236
    promise callback*_drainOne/< light.js:1224
    cb light.js:773
    _tryToRun light.js:783
    schedule light.js:798
    _drainOne light.js:1212
    _drainAll light.js:1246
    _addToQueue light.js:1354
    cb light.js:773
    _tryToRun light.js:783
    schedule light.js:798
    _receive light.js:1364
    schedule light.js:1406
    wrapRequest index.js:30
    doExecute light.js:405
    timeout light.js:1202
    setTimeout handler*_run light.js:1201
    _drainOne light.js:1236
    promise callback*_drainOne/< light.js:1224
    cb light.js:773
    _tryToRun light.js:783
    schedule light.js:798
    _drainOne light.js:1212
    _drainAll light.js:1246
    __free__ light.js:658
    _free light.js:1183
    _onFailure light.js:440
    doExecute light.js:414
    timeout light.js:1202
    setTimeout handler*_run light.js:1201
    _drainOne light.js:1236
    promise callback*_drainOne/< light.js:1224
    cb light.js:773
    _tryToRun light.js:783
app-index.tsx:25:19
⚪️🔴🔴 Error fetching CSS file: wp-content/plugins/elementor/assets/lib/animations/animations.min.css%3Fver=3.21.8.css HttpError: Not Found - https://docs.github.com/rest/repos/contents#get-repository-content
    RequestError index.js:8
    fetchWrapper index.js:100
    fetchWrapper index.js:57
    request2 index.js:174
    hook index.js:32
    promise callback*hook add.js:35
    requestWithGraphqlErrorHandling index.js:36
    doExecute light.js:405
    timeout light.js:1202
    setTimeout handler*_run light.js:1201
    _drainOne light.js:1236
    promise callback*_drainOne/< light.js:1224
    cb light.js:773
    _tryToRun light.js:783
    schedule light.js:798
    _drainOne light.js:1212
    _drainAll light.js:1246
    _addToQueue light.js:1354
    cb light.js:773
    _tryToRun light.js:783
    schedule light.js:798
    _receive light.js:1364
    schedule light.js:1406
    wrapRequest index.js:30
    doExecute light.js:405
    timeout light.js:1202
    setTimeout handler*_run light.js:1201
    _drainOne light.js:1236
    promise callback*_drainOne/< light.js:1224
    cb light.js:773
    _tryToRun light.js:783
    schedule light.js:798
    _drainOne light.js:1212
    _drainAll light.js:1246
    __free__ light.js:658
    _free light.js:1183
    _onFailure light.js:440
    doExecute light.js:414
    timeout light.js:1202
    setTimeout handler*_run light.js:1201
    _drainOne light.js:1236
    promise callback*_drainOne/< light.js:1224
    cb light.js:773
    _tryToRun light.js:783
    _tryToRun light.js:785
    _tryToRun light.js:785
    _tryToRun light.js:785
    _tryToRun light.js:785
    _tryToRun light.js:785
app-index.tsx:25:19
